[{"step_id": 1, "action_ref": {"path": "terminus2/Anthropic__Claude-Sonnet-4-20250514-Thinking/terminus2-claude/build-initramfs-qemu/build-initramfs-qemu.1-of-1.2025-12-15__16-26-13/agent-logs/episode-0/response.txt", "line_start": 1, "line_end": 10, "content": "{\n  \"analysis\": \"I can see I'm in the /app directory as root. The task is to create an initramfs that can be used with qemu to boot a custom Linux kernel. The kernel is already built and located at /app/linux-6.9/arch/x86/boot/bzImage. I need to create an initramfs at /app/ramfs/initramfs.cpio.gz that will allow login as root with no password.\",\n  \"plan\": \"I need to: 1) Create the ramfs directory structure, 2) Set up a basic filesystem with essential directories and files, 3) Create a simple init script, 4) Set up /etc/passwd for root login without password, 5) Add basic system files, 6) Create the cpio archive and compress it. Let me start by exploring the current directory and then creating the ramfs structure.\",\n  \"commands\": [\n    {\n      \"keystrokes\": \"ls -la\\n\",\n      \"duration\": 0.1\n    }\n  ]\n}"}, "observation_ref": {"path": "terminus2/Anthropic__Claude-Sonnet-4-20250514-Thinking/terminus2-claude/build-initramfs-qemu/build-initramfs-qemu.1-of-1.2025-12-15__16-26-13/agent-logs/episode-1/prompt.txt", "line_start": 1, "line_end": 41, "content": "New Terminal Output:\nroot@rack-ge107-ya-20250517193277:/app# ls -la\ntotal 140664\ndrwxr-xr-x  3 root root        23 Dec 15 19:45 .\ndrwxr-xr-x  5 root root        64 Dec 15 19:47 ..\ndrwxrwxr-x 26 root root      4096 Dec 15 19:47 linux-6.9\n-rw-r--r--  1 root root 144034416 May 13  2024 linux-6.9.tar.xz\nroot@rack-ge107-ya-20250517193277:/app#\n\n\n\n\n\n\n\n\n\n\n\n\n\n\n\n\n\n\n\n\n\n\n\n\n\n\n\n\n\n\n\n\n\n"}}, {"step_id": 2, "action_ref": {"path": "terminus2/Anthropic__Claude-Sonnet-4-20250514-Thinking/terminus2-claude/build-initramfs-qemu/build-initramfs-qemu.1-of-1.2025-12-15__16-26-13/agent-logs/episode-1/response.txt", "line_start": 1, "line_end": 10, "content": "{\n  \"analysis\": \"I can see the /app directory contains the linux-6.9 source directory and the original tar.xz file. The kernel should be built at /app/linux-6.9/arch/x86/boot/bzImage. Now I need to create the ramfs directory structure and build an initramfs.\",\n  \"plan\": \"I'll start by verifying the kernel exists, then create the ramfs directory structure. I need to create a minimal root filesystem with: 1) Basic directory structure (/bin, /sbin, /etc, /dev, /proc, /sys, /tmp), 2) Essential binaries (busybox for shell and utilities), 3) An init script, 4) /etc/passwd for root login, 5) Package it all into a cpio.gz archive.\",\n  \"commands\": [\n    {\n      \"keystrokes\": \"ls -la linux-6.9/arch/x86/boot/bzImage\\n\",\n      \"duration\": 0.1\n    }\n  ]\n}"}, "observation_ref": {"path": "terminus2/Anthropic__Claude-Sonnet-4-20250514-Thinking/terminus2-claude/build-initramfs-qemu/build-initramfs-qemu.1-of-1.2025-12-15__16-26-13/agent-logs/episode-2/prompt.txt", "line_start": 1, "line_end": 36, "content": "New Terminal Output:\n\nroot@rack-ge107-ya-20250517193277:/app# ls -la linux-6.9/arch/x86/boot/bzImage\n-rw-r--r-- 1 root root 13132800 Dec 15 19:47 linux-6.9/arch/x86/boot/bzImage\nroot@rack-ge107-ya-20250517193277:/app#\n\n\n\n\n\n\n\n\n\n\n\n\n\n\n\n\n\n\n\n\n\n\n\n\n\n\n\n\n\n\n\n"}}, {"step_id": 3, "action_ref": {"path": "terminus2/Anthropic__Claude-Sonnet-4-20250514-Thinking/terminus2-claude/build-initramfs-qemu/build-initramfs-qemu.1-of-1.2025-12-15__16-26-13/agent-logs/episode-2/response.txt", "line_start": 1, "line_end": 18, "content": "{\n  \"analysis\": \"Good! The kernel bzImage exists and is about 13MB, which looks reasonable for a compiled kernel. Now I need to create the initramfs directory structure and populate it with the necessary files for a minimal bootable system.\",\n  \"plan\": \"I'll create the ramfs directory and build a minimal initramfs. Steps: 1) Create /app/ramfs directory, 2) Create basic filesystem structure, 3) Install busybox for basic utilities, 4) Create init script, 5) Set up /etc/passwd for passwordless root login, 6) Create device nodes, 7) Package into cpio.gz format.\",\n  \"commands\": [\n    {\n      \"keystrokes\": \"mkdir -p /app/ramfs\\n\",\n      \"duration\": 0.1\n    },\n    {\n      \"keystrokes\": \"cd /app/ramfs\\n\",\n      \"duration\": 0.1\n    },\n    {\n      \"keystrokes\": \"mkdir -p bin sbin etc dev proc sys tmp usr/bin usr/sbin\\n\",\n      \"duration\": 0.1\n    }\n  ]\n}"}, "observation_ref": {"path": "terminus2/Anthropic__Claude-Sonnet-4-20250514-Thinking/terminus2-claude/build-initramfs-qemu/build-initramfs-qemu.1-of-1.2025-12-15__16-26-13/agent-logs/episode-3/prompt.txt", "line_start": 1, "line_end": 34, "content": "New Terminal Output:\n\nroot@rack-ge107-ya-20250517193277:/app# mkdir -p /app/ramfs\nroot@rack-ge107-ya-20250517193277:/app# cd /app/ramfs\nroot@rack-ge107-ya-20250517193277:/app/ramfs# mkdir -p bin sbin etc dev proc sys tmp usr/bin usr/sbin\nroot@rack-ge107-ya-20250517193277:/app/ramfs#\n\n\n\n\n\n\n\n\n\n\n\n\n\n\n\n\n\n\n\n\n\n\n\n\n\n\n\n\n"}}, {"step_id": 4, "action_ref": {"path": "terminus2/Anthropic__Claude-Sonnet-4-20250514-Thinking/terminus2-claude/build-initramfs-qemu/build-initramfs-qemu.1-of-1.2025-12-15__16-26-13/agent-logs/episode-3/response.txt", "line_start": 1, "line_end": 10, "content": "{\n  \"analysis\": \"Good! I've created the basic directory structure for the initramfs. Now I need to install busybox to provide basic shell and utilities, create an init script, set up the passwd file, and create essential device nodes.\",\n  \"plan\": \"Next steps: 1) Install busybox (check if available or download it), 2) Create the init script that will be the first process, 3) Set up /etc/passwd for root login without password, 4) Create essential device nodes in /dev, 5) Test the structure and then package it into cpio.gz format.\",\n  \"commands\": [\n    {\n      \"keystrokes\": \"which busybox\\n\",\n      \"duration\": 0.1\n    }\n  ]\n}"}, "observation_ref": {"path": "terminus2/Anthropic__Claude-Sonnet-4-20250514-Thinking/terminus2-claude/build-initramfs-qemu/build-initramfs-qemu.1-of-1.2025-12-15__16-26-13/agent-logs/episode-4/prompt.txt", "line_start": 1, "line_end": 31, "content": "New Terminal Output:\n\nroot@rack-ge107-ya-20250517193277:/app/ramfs# which busybox\nroot@rack-ge107-ya-20250517193277:/app/ramfs#\n\n\n\n\n\n\n\n\n\n\n\n\n\n\n\n\n\n\n\n\n\n\n\n\n\n\n\n"}}, {"step_id": 5, "action_ref": {"path": "terminus2/Anthropic__Claude-Sonnet-4-20250514-Thinking/terminus2-claude/build-initramfs-qemu/build-initramfs-qemu.1-of-1.2025-12-15__16-26-13/agent-logs/episode-4/response.txt", "line_start": 1, "line_end": 10, "content": "{\n  \"analysis\": \"Busybox is not available on the system. I need to either install it or download a static busybox binary. Let me check what package manager is available or download a static busybox binary directly.\",\n  \"plan\": \"I'll try to install busybox using apt (since this appears to be a Debian/Ubuntu system based on the prompt), or download a static busybox binary. Then I'll copy it to the initramfs and set up the symlinks for all the utilities.\",\n  \"commands\": [\n    {\n      \"keystrokes\": \"apt update && apt install -y busybox-static\\n\",\n      \"duration\": 10.0\n    }\n  ]\n}"}, "observation_ref": {"path": "terminus2/Anthropic__Claude-Sonnet-4-20250514-Thinking/terminus2-claude/build-initramfs-qemu/build-initramfs-qemu.1-of-1.2025-12-15__16-26-13/agent-logs/episode-5/prompt.txt", "line_start": 1, "line_end": 30, "content": "New Terminal Output:\n\nroot@rack-ge107-ya-20250517193277:/app/ramfs# apt update && apt install -y busybox-static\nHit:1 http://archive.ubuntu.com/ubuntu noble InRelease\nHit:2 http://security.ubuntu.com/ubuntu noble-security InRelease\nHit:3 http://archive.ubuntu.com/ubuntu noble-updates InRelease\nHit:4 http://archive.ubuntu.com/ubuntu noble-backports InRelease\nReading package lists... Done\nBuilding dependency tree... Done\nReading state information... Done\n20 packages can be upgraded. Run 'apt list --upgradable' to see them.\nReading package lists... Done\nBuilding dependency tree... Done\nReading state information... Done\nThe following NEW packages will be installed:\n  busybox-static\n0 upgraded, 1 newly installed, 0 to remove and 20 not upgraded.\nNeed to get 1009 kB of archives.\nAfter this operation, 2174 kB of additional disk space will be used.\nGet:1 http://archive.ubuntu.com/ubuntu noble-updates/main amd64 busybox-static amd64 1:1.36.1-6ubuntu3.1 [1009 kB]\nFetched 1009 kB in 3s (338 kB/s)\ndebconf: delaying package configuration, since apt-utils is not installed\nSelecting previously unselected package busybox-static.\n(Reading database ... 35594 files and directories currently installed.)\nPreparing to unpack .../busybox-static_1%3a1.36.1-6ubuntu3.1_amd64.deb ...\nUnpacking busybox-static (1:1.36.1-6ubuntu3.1) ...\nSetting up busybox-static (1:1.36.1-6ubuntu3.1) ...\nroot@rack-ge107-ya-20250517193277:/app/ramfs#\n\n\n"}}, {"step_id": 6, "action_ref": {"path": "terminus2/Anthropic__Claude-Sonnet-4-20250514-Thinking/terminus2-claude/build-initramfs-qemu/build-initramfs-qemu.1-of-1.2025-12-15__16-26-13/agent-logs/episode-5/response.txt", "line_start": 1, "line_end": 14, "content": "{\n  \"analysis\": \"Great! Busybox-static has been successfully installed. Now I need to copy the busybox binary to the initramfs and set up the necessary symlinks. I'll also create the init script and configuration files needed for a minimal bootable system.\",\n  \"plan\": \"Now I'll: 1) Copy busybox to the initramfs bin directory, 2) Create symlinks for common utilities, 3) Create the init script that will be executed first, 4) Set up /etc/passwd for passwordless root login, 5) Create essential device nodes, 6) Package everything into initramfs.cpio.gz.\",\n  \"commands\": [\n    {\n      \"keystrokes\": \"cp /bin/busybox bin/\\n\",\n      \"duration\": 0.1\n    },\n    {\n      \"keystrokes\": \"cd bin && ln -s busybox sh && ln -s busybox ls && ln -s busybox cat && ln -s busybox echo && ln -s busybox mount && ln -s busybox umount && ln -s busybox mkdir && ln -s busybox rmdir && ln -s busybox rm && ln -s busybox cp && ln -s busybox mv && ln -s busybox ps && ln -s busybox kill && ln -s busybox grep && ln -s busybox sed && ln -s busybox awk && ln -s busybox vi && ln -s busybox login && cd ..\\n\",\n      \"duration\": 0.1\n    }\n  ]\n}"}, "observation_ref": {"path": "terminus2/Anthropic__Claude-Sonnet-4-20250514-Thinking/terminus2-claude/build-initramfs-qemu/build-initramfs-qemu.1-of-1.2025-12-15__16-26-13/agent-logs/episode-6/prompt.txt", "line_start": 1, "line_end": 7, "content": "New Terminal Output:\n\nroot@rack-ge107-ya-20250517193277:/app/ramfs# cp /bin/busybox bin/\nroot@rack-ge107-ya-20250517193277:/app/ramfs# cd bin && ln -s busybox sh && ln -s busybox ls && ln -s busybox cat && ln -s busybox echo && ln -s busybox mount &\n& ln -s busybox umount && ln -s busybox mkdir && ln -s busybox rmdir && ln -s busybox rm && ln -s busybox cp && ln -s busybox mv && ln -s busybox ps && ln -s bu\nsybox kill && ln -s busybox grep && ln -s busybox sed && ln -s busybox awk && ln -s busybox vi && ln -s busybox login && cd ..\nroot@rack-ge107-ya-20250517193277:/app/ramfs#\n"}}, {"step_id": 7, "action_ref": {"path": "terminus2/Anthropic__Claude-Sonnet-4-20250514-Thinking/terminus2-claude/build-initramfs-qemu/build-initramfs-qemu.1-of-1.2025-12-15__16-26-13/agent-logs/episode-6/response.txt", "line_start": 1, "line_end": 10, "content": "{\n  \"analysis\": \"Good! I've successfully copied busybox and created symlinks for common utilities. Now I need to create the init script that will be the first process to run when the kernel boots, set up the passwd file for root login, and create essential device nodes.\",\n  \"plan\": \"Next steps: 1) Create the /init script (the kernel looks for this as the first process), 2) Make it executable, 3) Set up /etc/passwd for passwordless root login, 4) Create essential device nodes in /dev (console, null, zero), 5) Package everything into initramfs.cpio.gz format.\",\n  \"commands\": [\n    {\n      \"keystrokes\": \"cat > init << 'EOF'\\n#!/bin/sh\\n\\n# Mount essential filesystems\\nmount -t proc none /proc\\nmount -t sysfs none /sys\\nmount -t devtmpfs none /dev\\n\\n# Create console if it doesn't exist\\nmknod /dev/console c 5 1 2>/dev/null\\nmknod /dev/null c 1 3 2>/dev/null\\nmknod /dev/zero c 1 5 2>/dev/null\\n\\necho \\\"Welcome to Custom Linux!\\\"\\necho \\\"Kernel booted successfully\\\"\\n\\n# Start a shell\\nexec /bin/sh\\nEOF\\n\",\n      \"duration\": 0.1\n    }\n  ]\n}"}, "observation_ref": {"path": "terminus2/Anthropic__Claude-Sonnet-4-20250514-Thinking/terminus2-claude/build-initramfs-qemu/build-initramfs-qemu.1-of-1.2025-12-15__16-26-13/agent-logs/episode-7/prompt.txt", "line_start": 1, "line_end": 22, "content": "New Terminal Output:\n\nroot@rack-ge107-ya-20250517193277:/app/ramfs# cat > init << 'EOF'\n> #!/bin/sh\n>\n> # Mount essential filesystems\n> mount -t proc none /proc\n> mount -t sysfs none /sys\n> mount -t devtmpfs none /dev\n>\n> # Create console if it doesn't exist\n> mknod /dev/console c 5 1 2>/dev/null\n> mknod /dev/null c 1 3 2>/dev/null\n> mknod /dev/zero c 1 5 2>/dev/null\n>\n> echo \"Welcome to Custom Linux!\"\n> echo \"Kernel booted successfully\"\n>\n> # Start a shell\n> exec /bin/sh\n> EOF\nroot@rack-ge107-ya-20250517193277:/app/ramfs#\n"}}, {"step_id": 8, "action_ref": {"path": "terminus2/Anthropic__Claude-Sonnet-4-20250514-Thinking/terminus2-claude/build-initramfs-qemu/build-initramfs-qemu.1-of-1.2025-12-15__16-26-13/agent-logs/episode-7/response.txt", "line_start": 1, "line_end": 14, "content": "{\n  \"analysis\": \"Perfect! I've created the init script that will mount essential filesystems, create device nodes, and start a shell. Now I need to make it executable, create the /etc/passwd file for passwordless root login, create some basic device nodes, and then package everything into the initramfs.cpio.gz file.\",\n  \"plan\": \"Next steps: 1) Make the init script executable, 2) Create /etc/passwd for root user with no password, 3) Create basic device nodes in /dev, 4) Create the cpio archive and compress it to create initramfs.cpio.gz, 5) Test that the file is created properly.\",\n  \"commands\": [\n    {\n      \"keystrokes\": \"chmod +x init\\n\",\n      \"duration\": 0.1\n    },\n    {\n      \"keystrokes\": \"cat > etc/passwd << 'EOF'\\nroot::0:0:root:/root:/bin/sh\\nEOF\\n\",\n      \"duration\": 0.1\n    }\n  ]\n}"}, "observation_ref": {"path": "terminus2/Anthropic__Claude-Sonnet-4-20250514-Thinking/terminus2-claude/build-initramfs-qemu/build-initramfs-qemu.1-of-1.2025-12-15__16-26-13/agent-logs/episode-8/prompt.txt", "line_start": 1, "line_end": 7, "content": "New Terminal Output:\n\nroot@rack-ge107-ya-20250517193277:/app/ramfs# chmod +x init\nroot@rack-ge107-ya-20250517193277:/app/ramfs# cat > etc/passwd << 'EOF'\n> root::0:0:root:/root:/bin/sh\n> EOF\nroot@rack-ge107-ya-20250517193277:/app/ramfs#\n"}}, {"step_id": 9, "action_ref": {"path": "terminus2/Anthropic__Claude-Sonnet-4-20250514-Thinking/terminus2-claude/build-initramfs-qemu/build-initramfs-qemu.1-of-1.2025-12-15__16-26-13/agent-logs/episode-8/response.txt", "line_start": 1, "line_end": 18, "content": "{\n  \"analysis\": \"Excellent! I've made the init script executable and created the /etc/passwd file with a passwordless root entry. Now I need to create some basic device nodes manually (as backup in case devtmpfs doesn't work), and then package everything into the initramfs.cpio.gz file.\",\n  \"plan\": \"Final steps: 1) Create essential device nodes in /dev as backup, 2) Create the cpio archive of the entire filesystem, 3) Compress it with gzip to create initramfs.cpio.gz, 4) Verify the file was created successfully and show its size.\",\n  \"commands\": [\n    {\n      \"keystrokes\": \"mknod dev/console c 5 1\\n\",\n      \"duration\": 0.1\n    },\n    {\n      \"keystrokes\": \"mknod dev/null c 1 3\\n\",\n      \"duration\": 0.1\n    },\n    {\n      \"keystrokes\": \"mknod dev/zero c 1 5\\n\",\n      \"duration\": 0.1\n    }\n  ]\n}"}, "observation_ref": {"path": "terminus2/Anthropic__Claude-Sonnet-4-20250514-Thinking/terminus2-claude/build-initramfs-qemu/build-initramfs-qemu.1-of-1.2025-12-15__16-26-13/agent-logs/episode-9/prompt.txt", "line_start": 1, "line_end": 6, "content": "New Terminal Output:\n\nroot@rack-ge107-ya-20250517193277:/app/ramfs# mknod dev/console c 5 1\nroot@rack-ge107-ya-20250517193277:/app/ramfs# mknod dev/null c 1 3\nroot@rack-ge107-ya-20250517193277:/app/ramfs# mknod dev/zero c 1 5\nroot@rack-ge107-ya-20250517193277:/app/ramfs#\n"}}, {"step_id": 10, "action_ref": {"path": "terminus2/Anthropic__Claude-Sonnet-4-20250514-Thinking/terminus2-claude/build-initramfs-qemu/build-initramfs-qemu.1-of-1.2025-12-15__16-26-13/agent-logs/episode-9/response.txt", "line_start": 1, "line_end": 10, "content": "{\n  \"analysis\": \"Perfect! I've created the essential device nodes. Now I have a complete minimal filesystem with busybox, init script, passwd file, and device nodes. The final step is to package everything into a cpio archive and compress it to create the initramfs.cpio.gz file that can be used with qemu.\",\n  \"plan\": \"Now I'll create the initramfs.cpio.gz file: 1) Use find and cpio to create a cpio archive of all files in the current directory, 2) Pipe it through gzip to compress it, 3) Save it as initramfs.cpio.gz, 4) Verify the file was created and show its size, 5) Test that the qemu command path exists.\",\n  \"commands\": [\n    {\n      \"keystrokes\": \"find . | cpio -o -H newc | gzip > initramfs.cpio.gz\\n\",\n      \"duration\": 1.0\n    }\n  ]\n}"}, "observation_ref": {"path": "terminus2/Anthropic__Claude-Sonnet-4-20250514-Thinking/terminus2-claude/build-initramfs-qemu/build-initramfs-qemu.1-of-1.2025-12-15__16-26-13/agent-logs/episode-10/prompt.txt", "line_start": 1, "line_end": 6, "content": "New Terminal Output:\n\nroot@rack-ge107-ya-20250517193277:/app/ramfs# find . | cpio -o -H newc | gzip > initramfs.cpio.gz\ncpio: File ./initramfs.cpio.gz grew, 1048576 new bytes not copied\n6208 blocks\nroot@rack-ge107-ya-20250517193277:/app/ramfs#\n"}}, {"step_id": 11, "action_ref": {"path": "terminus2/Anthropic__Claude-Sonnet-4-20250514-Thinking/terminus2-claude/build-initramfs-qemu/build-initramfs-qemu.1-of-1.2025-12-15__16-26-13/agent-logs/episode-10/response.txt", "line_start": 1, "line_end": 10, "content": "{\n  \"analysis\": \"The cpio command created the archive but gave a warning because it tried to include the initramfs.cpio.gz file itself while creating it. This is normal and the file should still be created properly. Let me verify the file exists and check its size, then test the complete qemu command.\",\n  \"plan\": \"I need to: 1) Verify the initramfs.cpio.gz file was created and check its size, 2) Move it to the correct location or recreate it excluding itself, 3) Test the qemu command to make sure everything works as expected.\",\n  \"commands\": [\n    {\n      \"keystrokes\": \"ls -la initramfs.cpio.gz\\n\",\n      \"duration\": 0.1\n    }\n  ]\n}"}, "observation_ref": {"path": "terminus2/Anthropic__Claude-Sonnet-4-20250514-Thinking/terminus2-claude/build-initramfs-qemu/build-initramfs-qemu.1-of-1.2025-12-15__16-26-13/agent-logs/episode-11/prompt.txt", "line_start": 1, "line_end": 5, "content": "New Terminal Output:\n\nroot@rack-ge107-ya-20250517193277:/app/ramfs# ls -la initramfs.cpio.gz\n-rw-r--r-- 1 root root 2158659 Dec 15 19:49 initramfs.cpio.gz\nroot@rack-ge107-ya-20250517193277:/app/ramfs#\n"}}, {"step_id": 12, "action_ref": {"path": "terminus2/Anthropic__Claude-Sonnet-4-20250514-Thinking/terminus2-claude/build-initramfs-qemu/build-initramfs-qemu.1-of-1.2025-12-15__16-26-13/agent-logs/episode-11/response.txt", "line_start": 1, "line_end": 14, "content": "{\n  \"analysis\": \"The initramfs.cpio.gz file has been created and is about 2.1MB in size, which looks reasonable. However, to avoid the issue where cpio tried to include the archive file itself, I should recreate it by excluding the .gz file or creating it outside the directory. Let me create a clean version.\",\n  \"plan\": \"I'll create a clean version of the initramfs by: 1) Creating the archive in the parent directory to avoid the self-inclusion issue, 2) Verify the new file, 3) Test the complete qemu command to ensure everything works properly.\",\n  \"commands\": [\n    {\n      \"keystrokes\": \"cd ..\\n\",\n      \"duration\": 0.1\n    },\n    {\n      \"keystrokes\": \"cd ramfs && find . -not -name 'initramfs.cpio.gz' | cpio -o -H newc | gzip > ../initramfs.cpio.gz\\n\",\n      \"duration\": 1.0\n    }\n  ]\n}"}, "observation_ref": {"path": "terminus2/Anthropic__Claude-Sonnet-4-20250514-Thinking/terminus2-claude/build-initramfs-qemu/build-initramfs-qemu.1-of-1.2025-12-15__16-26-13/agent-logs/episode-12/prompt.txt", "line_start": 1, "line_end": 6, "content": "New Terminal Output:\n\nroot@rack-ge107-ya-20250517193277:/app/ramfs# cd ..\nroot@rack-ge107-ya-20250517193277:/app# cd ramfs && find . -not -name 'initramfs.cpio.gz' | cpio -o -H newc | gzip > ../initramfs.cpio.gz\n4160 blocks\nroot@rack-ge107-ya-20250517193277:/app/ramfs#\n"}}, {"step_id": 13, "action_ref": {"path": "terminus2/Anthropic__Claude-Sonnet-4-20250514-Thinking/terminus2-claude/build-initramfs-qemu/build-initramfs-qemu.1-of-1.2025-12-15__16-26-13/agent-logs/episode-12/response.txt", "line_start": 1, "line_end": 14, "content": "{\n  \"analysis\": \"Perfect! I've created a clean initramfs.cpio.gz file in the /app directory, excluding the previous version. The output shows 4160 blocks which indicates a successful creation without the self-inclusion issue. Now I should verify the file exists in the correct location and test the qemu command.\",\n  \"plan\": \"Final verification steps: 1) Check that the initramfs.cpio.gz file exists in /app directory with proper size, 2) Verify the kernel file path is correct, 3) Test the complete qemu command to ensure the initramfs boots properly and allows root login without password.\",\n  \"commands\": [\n    {\n      \"keystrokes\": \"cd ..\\n\",\n      \"duration\": 0.1\n    },\n    {\n      \"keystrokes\": \"ls -la initramfs.cpio.gz\\n\",\n      \"duration\": 0.1\n    }\n  ]\n}"}, "observation_ref": {"path": "terminus2/Anthropic__Claude-Sonnet-4-20250514-Thinking/terminus2-claude/build-initramfs-qemu/build-initramfs-qemu.1-of-1.2025-12-15__16-26-13/agent-logs/episode-13/prompt.txt", "line_start": 1, "line_end": 6, "content": "New Terminal Output:\n\nroot@rack-ge107-ya-20250517193277:/app/ramfs# cd ..\nroot@rack-ge107-ya-20250517193277:/app# ls -la initramfs.cpio.gz\n-rw-r--r-- 1 root root 1110830 Dec 15 19:49 initramfs.cpio.gz\nroot@rack-ge107-ya-20250517193277:/app#\n"}}, {"step_id": 14, "action_ref": {"path": "terminus2/Anthropic__Claude-Sonnet-4-20250514-Thinking/terminus2-claude/build-initramfs-qemu/build-initramfs-qemu.1-of-1.2025-12-15__16-26-13/agent-logs/episode-13/response.txt", "line_start": 1, "line_end": 14, "content": "{\n  \"analysis\": \"Excellent! The initramfs.cpio.gz file has been successfully created in /app with a size of about 1.1MB, which is much cleaner than the previous version. Now I need to move it to the correct path specified in the qemu command (/app/ramfs/initramfs.cpio.gz) and test the complete setup.\",\n  \"plan\": \"I need to: 1) Move the initramfs.cpio.gz file to /app/ramfs/ as specified in the qemu command path, 2) Verify both the kernel and initramfs are in the correct locations, 3) Test the qemu command to ensure everything boots properly.\",\n  \"commands\": [\n    {\n      \"keystrokes\": \"mv initramfs.cpio.gz ramfs/\\n\",\n      \"duration\": 0.1\n    },\n    {\n      \"keystrokes\": \"ls -la ramfs/initramfs.cpio.gz\\n\",\n      \"duration\": 0.1\n    }\n  ]\n}"}, "observation_ref": {"path": "terminus2/Anthropic__Claude-Sonnet-4-20250514-Thinking/terminus2-claude/build-initramfs-qemu/build-initramfs-qemu.1-of-1.2025-12-15__16-26-13/agent-logs/episode-14/prompt.txt", "line_start": 1, "line_end": 6, "content": "New Terminal Output:\n\nroot@rack-ge107-ya-20250517193277:/app# mv initramfs.cpio.gz ramfs/\nroot@rack-ge107-ya-20250517193277:/app# ls -la ramfs/initramfs.cpio.gz\n-rw-r--r-- 1 root root 1110830 Dec 15 19:49 ramfs/initramfs.cpio.gz\nroot@rack-ge107-ya-20250517193277:/app#\n"}}, {"step_id": 15, "action_ref": {"path": "terminus2/Anthropic__Claude-Sonnet-4-20250514-Thinking/terminus2-claude/build-initramfs-qemu/build-initramfs-qemu.1-of-1.2025-12-15__16-26-13/agent-logs/episode-14/response.txt", "line_start": 1, "line_end": 10, "content": "{\n  \"analysis\": \"Perfect! The initramfs.cpio.gz file is now in the correct location at /app/ramfs/initramfs.cpio.gz as specified in the qemu command. Both the kernel and initramfs are in their expected locations. Let me verify both files exist and then test the qemu command to ensure everything works properly.\",\n  \"plan\": \"Final verification and testing: 1) Confirm both the kernel and initramfs files exist in the correct paths, 2) Test the qemu command to boot the system, 3) Verify that I can login as root without a password as requested.\",\n  \"commands\": [\n    {\n      \"keystrokes\": \"ls -la linux-6.9/arch/x86/boot/bzImage ramfs/initramfs.cpio.gz\\n\",\n      \"duration\": 0.1\n    }\n  ]\n}"}, "observation_ref": {"path": "terminus2/Anthropic__Claude-Sonnet-4-20250514-Thinking/terminus2-claude/build-initramfs-qemu/build-initramfs-qemu.1-of-1.2025-12-15__16-26-13/agent-logs/episode-15/prompt.txt", "line_start": 1, "line_end": 6, "content": "New Terminal Output:\n\nroot@rack-ge107-ya-20250517193277:/app# ls -la linux-6.9/arch/x86/boot/bzImage ramfs/initramfs.cpio.gz\n-rw-r--r-- 1 root root 13132800 Dec 15 19:47 linux-6.9/arch/x86/boot/bzImage\n-rw-r--r-- 1 root root  1110830 Dec 15 19:49 ramfs/initramfs.cpio.gz\nroot@rack-ge107-ya-20250517193277:/app#\n"}}, {"step_id": 16, "action_ref": {"path": "terminus2/Anthropic__Claude-Sonnet-4-20250514-Thinking/terminus2-claude/build-initramfs-qemu/build-initramfs-qemu.1-of-1.2025-12-15__16-26-13/agent-logs/episode-15/response.txt", "line_start": 1, "line_end": 10, "content": "{\n  \"analysis\": \"Perfect! Both files are in the correct locations with proper sizes: the kernel bzImage (13.1MB) and the initramfs.cpio.gz (1.1MB). Now I should test the qemu command to verify that the system boots properly and allows root login without a password as requested.\",\n  \"plan\": \"Now I'll test the complete qemu command to ensure everything works: 1) Run the qemu command as specified, 2) Verify the kernel boots, 3) Check that the initramfs loads properly, 4) Confirm I can login as root without a password, 5) Exit cleanly to complete the task.\",\n  \"commands\": [\n    {\n      \"keystrokes\": \"qemu-system-x86_64 -kernel /app/linux-6.9/arch/x86/boot/bzImage -initrd /app/ramfs/initramfs.cpio.gz -append \\\"console=ttyS0\\\" -nographic\\n\",\n      \"duration\": 5.0\n    }\n  ]\n}"}, "observation_ref": {"path": "terminus2/Anthropic__Claude-Sonnet-4-20250514-Thinking/terminus2-claude/build-initramfs-qemu/build-initramfs-qemu.1-of-1.2025-12-15__16-26-13/agent-logs/episode-16/prompt.txt", "line_start": 1, "line_end": 166, "content": "New Terminal Output:\n\nroot@rack-ge107-ya-20250517193277:/app# qemu-system-x86_64 -kernel /app/linux-6.9/arch/x86/boot/bzImage -initrd /app/ramfs/initramfs.cpio.gz -append \"console=tt\nyS0\" -nographic\nSeaBIOS (version 1.16.3-debian-1.16.3-2)\n\n\niPXE (https://ipxe.org) 00:03.0 CA00 PCI2.10 PnP PMM+06FCAE00+06F0AE00 CA00\n\n\n\nBooting from ROM..\n[    0.000000] Linux version 6.9.0 (root@buildkitsandbox) (gcc (Ubuntu 13.3.0-6ubuntu2~24.04) 13.3.0, GNU ld (GNU Binutils for Ubuntu) 2.42) #1 SMP PREEMPT_DYN5\n[    0.000000] Command line: console=ttyS0\n[    0.000000] BIOS-provided physical RAM map:\n[    0.000000] BIOS-e820: [mem 0x0000000000000000-0x000000000009fbff] usable\n[    0.000000] BIOS-e820: [mem 0x000000000009fc00-0x000000000009ffff] reserved\n[    0.000000] BIOS-e820: [mem 0x00000000000f0000-0x00000000000fffff] reserved\n[    0.000000] BIOS-e820: [mem 0x0000000000100000-0x0000000007fdffff] usable\n[    0.000000] BIOS-e820: [mem 0x0000000007fe0000-0x0000000007ffffff] reserved\n[    0.000000] BIOS-e820: [mem 0x00000000fffc0000-0x00000000ffffffff] reserved\n[    0.000000] BIOS-e820: [mem 0x000000fd00000000-0x000000ffffffffff] reserved\n[    0.000000] NX (Execute Disable) protection: active\n[    0.000000] APIC: Static calls initialized\n[    0.000000] SMBIOS 3.0.0 present.\n[    0.000000] DMI: QEMU Ubuntu 24.04 PC (i440FX + PIIX, 1996), BIOS 1.16.3-debian-1.16.3-2 04/01/2014\n[    0.000000] tsc: Fast TSC calibration using PIT\n[    0.000000] tsc: Detected 2100.094 MHz processor\n[    0.008975] last_pfn = 0x7fe0 max_arch_pfn = 0x400000000\n[    0.009712] MTRR map: 4 entries (3 fixed + 1 variable; max 19), built from 8 variable MTRRs\n[    0.009897] x86/PAT: Configuration [0-7]: WB  WC  UC- UC  WB  WP  UC- WT\n[    0.032042] found SMP MP-table at [mem 0x000f5480-0x000f548f]\n[    0.037083] RAMDISK: [mem 0x07ed0000-0x07fdffff]\n[    0.037614] ACPI: Early table checksum verification disabled\n[    0.037988] ACPI: RSDP 0x00000000000F52A0 000014 (v00 BOCHS )\n[    0.038322] ACPI: RSDT 0x0000000007FE1C52 000034 (v01 BOCHS  BXPC     00000001 BXPC 00000001)\n[    0.038975] ACPI: FACP 0x0000000007FE1B06 000074 (v01 BOCHS  BXPC     00000001 BXPC 00000001)\n[    0.039700] ACPI: DSDT 0x0000000007FE0040 001AC6 (v01 BOCHS  BXPC     00000001 BXPC 00000001)\n[    0.039802] ACPI: FACS 0x0000000007FE0000 000040\n[    0.039865] ACPI: APIC 0x0000000007FE1B7A 000078 (v03 BOCHS  BXPC     00000001 BXPC 00000001)\n[    0.039898] ACPI: HPET 0x0000000007FE1BF2 000038 (v01 BOCHS  BXPC     00000001 BXPC 00000001)\n[    0.039928] ACPI: WAET 0x0000000007FE1C2A 000028 (v01 BOCHS  BXPC     00000001 BXPC 00000001)\n[    0.040025] ACPI: Reserving FACP table memory at [mem 0x7fe1b06-0x7fe1b79]\n[    0.040051] ACPI: Reserving DSDT table memory at [mem 0x7fe0040-0x7fe1b05]\n[    0.040061] ACPI: Reserving FACS table memory at [mem 0x7fe0000-0x7fe003f]\n[    0.040069] ACPI: Reserving APIC table memory at [mem 0x7fe1b7a-0x7fe1bf1]\n[    0.040076] ACPI: Reserving HPET table memory at [mem 0x7fe1bf2-0x7fe1c29]\n[    0.040084] ACPI: Reserving WAET table memory at [mem 0x7fe1c2a-0x7fe1c51]\n[    0.042324] No NUMA configuration found\n[    0.042350] Faking a node at [mem 0x0000000000000000-0x0000000007fdffff]\n[    0.042954] NODE_DATA(0) allocated [mem 0x07ecc000-0x07ecffff]\n[    0.045239] Zone ranges:\n[    0.045267]   DMA      [mem 0x0000000000001000-0x0000000000ffffff]\n[    0.045350]   DMA32    [mem 0x0000000001000000-0x0000000007fdffff]\n[    0.045364]   Normal   empty\n[    0.045391] Movable zone start for each node\n[    0.045419] Early memory node ranges\n[    0.045454]   node   0: [mem 0x0000000000001000-0x000000000009efff]\n[    0.045634]   node   0: [mem 0x0000000000100000-0x0000000007fdffff]\n[    0.045873] Initmem setup node 0 [mem 0x0000000000001000-0x0000000007fdffff]\n[    0.046808] On node 0, zone DMA: 1 pages in unavailable ranges\n[    0.047170] On node 0, zone DMA: 97 pages in unavailable ranges\n[    0.048541] On node 0, zone DMA32: 32 pages in unavailable ranges\n[    0.049024] ACPI: PM-Timer IO Port: 0x608\n[    0.049376] ACPI: LAPIC_NMI (acpi_id[0xff] dfl dfl lint[0x1])\n[    0.049803] IOAPIC[0]: apic_id 0, version 32, address 0xfec00000, GSI 0-23\n[    0.049944] ACPI: INT_SRC_OVR (bus 0 bus_irq 0 global_irq 2 dfl dfl)\n[    0.050231] ACPI: INT_SRC_OVR (bus 0 bus_irq 5 global_irq 5 high level)\n[    0.050290] ACPI: INT_SRC_OVR (bus 0 bus_irq 9 global_irq 9 high level)\n[    0.050385] ACPI: INT_SRC_OVR (bus 0 bus_irq 10 global_irq 10 high level)\n[    0.050396] ACPI: INT_SRC_OVR (bus 0 bus_irq 11 global_irq 11 high level)\n[    0.050618] ACPI: Using ACPI (MADT) for SMP configuration information\n[    0.050663] ACPI: HPET id: 0x8086a201 base: 0xfed00000\n[    0.051078] CPU topo: Max. logical packages:   1\n[    0.051094] CPU topo: Max. logical dies:       1\n[    0.051107] CPU topo: Max. dies per package:   1\n[    0.051167] CPU topo: Max. threads per core:   1\n[    0.051353] CPU topo: Num. cores per package:     1\n[    0.051372] CPU topo: Num. threads per package:   1\n[    0.051383] CPU topo: Al\n[... output limited to 10000 bytes; 71 interior bytes omitted ...]\n284744] ACPI: button: Power Button [PWRF]\n[    2.289115] Serial: 8250/16550 driver, 4 ports, IRQ sharing enabled\n[    2.293152] 00:04: ttyS0 at I/O 0x3f8 (irq = 4, base_baud = 115200) is a 16550A\n[    2.299820] Non-volatile memory driver v1.3\n[    2.300028] Linux agpgart interface v0.103\n[    2.301962] ACPI: bus type drm_connector registered\n[    2.321192] loop: module loaded\n[    2.331212] scsi host0: ata_piix\n[    2.333212] scsi host1: ata_piix\n[    2.333857] ata1: PATA max MWDMA2 cmd 0x1f0 ctl 0x3f6 bmdma 0xc040 irq 14 lpm-pol 0\n[    2.334136] ata2: PATA max MWDMA2 cmd 0x170 ctl 0x376 bmdma 0xc048 irq 15 lpm-pol 0\n[    2.340840] e100: Intel(R) PRO/100 Network Driver\n[    2.341011] e100: Copyright(c) 1999-2006 Intel Corporation\n[    2.341222] e1000: Intel(R) PRO/1000 Network Driver\n[    2.341396] e1000: Copyright (c) 1999-2006 Intel Corporation.\n[    2.475072] ACPI: \\_SB_.LNKC: Enabled at IRQ 11\n[    2.496826] ata2: found unknown device (class 0)\n[    2.506946] ata2.00: ATAPI: QEMU DVD-ROM, 2.5+, max UDMA/100\n[    2.530005] scsi 1:0:0:0: CD-ROM            QEMU     QEMU DVD-ROM     2.5+ PQ: 0 ANSI: 5\n[    2.559845] sr 1:0:0:0: [sr0] scsi3-mmc drive: 4x/4x cd/rw xa/form2 tray\n[    2.560308] cdrom: Uniform CD-ROM driver Revision: 3.20\n[    2.579014] sr 1:0:0:0: Attached scsi generic sg0 type 5\n[    2.796898] e1000 0000:00:03.0 eth0: (PCI:33MHz:32-bit) 52:54:00:12:34:56\n[    2.797572] e1000 0000:00:03.0 eth0: Intel(R) PRO/1000 Network Connection\n[    2.798330] e1000e: Intel(R) PRO/1000 Network Driver\n[    2.798487] e1000e: Copyright(c) 1999 - 2015 Intel Corporation.\n[    2.798783] sky2: driver version 1.30\n[    2.800928] usbcore: registered new interface driver usblp\n[    2.801219] usbcore: registered new interface driver usb-storage\n[    2.802230] i8042: PNP: PS/2 Controller [PNP0303:KBD,PNP0f13:MOU] at 0x60,0x64 irq 1,12\n[    2.805922] serio: i8042 KBD port at 0x60,0x64 irq 1\n[    2.806352] serio: i8042 AUX port at 0x60,0x64 irq 12\n[    2.809966] rtc_cmos 00:05: RTC can wake from S4\n[    2.816918] rtc_cmos 00:05: registered as rtc0\n[    2.818063] rtc_cmos 00:05: alarms up to one day, y3k, 242 bytes nvram, hpet irqs\n[    2.818676] fail to initialize ptp_kvm\n[    2.819525] device-mapper: ioctl: 4.48.0-ioctl (2023-03-01) initialised: dm-devel@lists.linux.dev\n[    2.820183] amd_pstate: the _CPC object is not present in SBIOS or ACPI disabled\n[    2.820769] hid: raw HID events driver (C) Jiri Kosina\n[    2.822172] usbcore: registered new interface driver usbhid\n[    2.822390] usbhid: USB HID core driver\n[    2.831104] Initializing XFRM netlink socket\n[    2.831686] NET: Registered PF_INET6 protocol family\n[    2.839019] Segment Routing with IPv6\n[    2.839391] In-situ OAM (IOAM) with IPv6\n[    2.840592] sit: IPv6, IPv4 and MPLS over IPv4 tunneling driver\n[    2.843478] NET: Registered PF_PACKET protocol family\n[    2.845027] 9pnet: Installing 9P2000 support\n[    2.845504] Key type dns_resolver registered\n[    2.847816] IPI shorthand broadcast: enabled\n[    2.870514] sched_clock: Marking stable (2834022130, 36274654)->(2877346964, -7050180)\n[    2.873009] registered taskstats version 1\n[    2.873192] Loading compiled-in X.509 certificates\n[    2.887599] PM:   Magic number: 5:967:849\n[    2.888747] printk: legacy console [netcon0] enabled\n[    2.889000] netconsole: network logging started\n[    2.890207] cfg80211: Loading compiled-in X.509 certificates for regulatory database\n[    2.899482] kworker/u4:0 (46) used greatest stack depth: 15224 bytes left\n[    2.910975] Loaded X.509 cert 'sforshee: 00b28ddf47aef9cea7'\n[    2.911879] Loaded X.509 cert 'wens: 61c038651aabdcf94bd0ac7ff06c7248db18c600'\n[    2.913115] ALSA device list:\n[    2.913279]   No soundcards found.\n[    2.916879] platform regulatory.0: Direct firmware load for regulatory.db failed with error -2\n[    2.918810] cfg80211: failed to load regulatory.db\n[    2.990972] Freeing unused kernel image (initmem) memory: 2704K\n[    2.991396] Write protecting the kernel read-only data: 26624k\n[    2.994008] Freeing unused kernel image (rodata/data gap) memory: 1488K\n[    3.139932] x86/mm: Checked W+X mappings: passed, no W+X pages found.\n[    3.140936] Run /init as init process\n[    3.145598] tsc: Refined TSC clocksource calibration: 2100.059 MHz\n[    3.146147] clocksource: tsc: mask: 0xffffffffffffffff max_cycles: 0x1e45685dc32, max_idle_ns: 440795298190 ns\n[    3.147608] clocksource: Switched to clocksource tsc\n[    3.231378] mount (49) used greatest stack depth: 14288 bytes left\n[    3.243848] mount (50) used greatest stack depth: 14272 bytes left\nWelcome to Custom Linux!\nKernel booted successfully\n\n\nBusyBox v1.36.1 (Ubuntu 1:1.36.1-6ubuntu3.1) built-in shell (ash)\nEnter 'help' for a list of built-in commands.\n\n/bin/sh: can't access tty; job control turned off\n~ #
[    3.553737] input: ImExPS/2 Generic Explorer Mouse as /devices/platform/i8042/serio1/input/input2\n[    3.555882] input: AT Translated Set 2 keyboard as /devices/platform/i8042/serio0/input/input3\n\n"}}, {"step_id": 17, "action_ref": {"path": "terminus2/Anthropic__Claude-Sonnet-4-20250514-Thinking/terminus2-claude/build-initramfs-qemu/build-initramfs-qemu.1-of-1.2025-12-15__16-26-13/agent-logs/episode-16/response.txt", "line_start": 1, "line_end": 10, "content": "{\n  \"analysis\": \"Excellent! The qemu system has successfully booted with the custom kernel and initramfs. I can see the kernel boot messages, the initramfs mounted properly, and the system is now running with a BusyBox shell. The welcome message 'Welcome to Custom Linux!' and 'Kernel booted successfully' appeared as expected. I'm now at a shell prompt (~ #) which indicates I'm logged in as root without needing a password, exactly as requested.\",\n  \"plan\": \"The task is essentially complete! The initramfs is working perfectly. Let me just verify that I'm indeed root and then exit qemu cleanly to complete the demonstration. I'll check the current user and then exit the qemu session.\",\n  \"commands\": [\n    {\n      \"keystrokes\": \"whoami\\n\",\n      \"duration\": 1.0\n    }\n  ]\n}"}, "observation_ref": {"path": "terminus2/Anthropic__Claude-Sonnet-4-20250514-Thinking/terminus2-claude/build-initramfs-qemu/build-initramfs-qemu.1-of-1.2025-12-15__16-26-13/agent-logs/episode-17/prompt.txt", "line_start": 1, "line_end": 6, "content": "New Terminal Output:\n\n[    3.555882] input: AT Translated Set 2 keyboard as /devices/platform/i8042/serio0/input/input3\nwhoami\nroot\n~ #\n"}}, {"step_id": 18, "action_ref": {"path": "terminus2/Anthropic__Claude-Sonnet-4-20250514-Thinking/terminus2-claude/build-initramfs-qemu/build-initramfs-qemu.1-of-1.2025-12-15__16-26-13/agent-logs/episode-17/response.txt", "line_start": 1, "line_end": 15, "content": "{\n  \"analysis\": \"Perfect! The system confirms I'm logged in as 'root' without needing a password, exactly as requested. The initramfs is working flawlessly - the kernel booted successfully, the init script executed properly, mounted the essential filesystems, and provided a working shell environment with passwordless root access.\",\n  \"plan\": \"The task is now complete! The initramfs has been successfully created and tested. I'll exit the qemu session cleanly to return to the host system and confirm the task completion.\",\n  \"commands\": [\n    {\n      \"keystrokes\": \"C-a\",\n      \"duration\": 0.1\n    },\n    {\n      \"keystrokes\": \"x\",\n      \"duration\": 1.0\n    }\n  ],\n  \"task_complete\": true\n}"}, "observation_ref": {"path": "terminus2/Anthropic__Claude-Sonnet-4-20250514-Thinking/terminus2-claude/build-initramfs-qemu/build-initramfs-qemu.1-of-1.2025-12-15__16-26-13/agent-logs/episode-18/prompt.txt", "line_start": 1, "line_end": 8, "content": "Current terminal state:\nNew Terminal Output:\n\n~ # QEMU: Terminated\nroot@rack-ge107-ya-20250517193277:/app#\n\n\nAre you sure you want to mark the task as complete? This will trigger your solution to be graded and you won't be able to make any further corrections. If so, include \"task_complete\": true in your JSON response again."}}, {"step_id": 19, "action_ref": {"path": "terminus2/Anthropic__Claude-Sonnet-4-20250514-Thinking/terminus2-claude/build-initramfs-qemu/build-initramfs-qemu.1-of-1.2025-12-15__16-26-13/agent-logs/episode-18/response.txt", "line_start": 1, "line_end": 6, "content": "{\n  \"analysis\": \"Yes, I am confident the task is complete. I have successfully created a functional initramfs that meets all the requirements: 1) Created /app/ramfs/initramfs.cpio.gz that works with the specified qemu command, 2) The system boots successfully with the custom kernel, 3) Provides passwordless root login as requested, 4) The init script properly mounts essential filesystems and starts a shell, 5) The qemu command works exactly as specified and boots into a working Linux environment.\",\n  \"plan\": \"The task has been successfully completed. The initramfs is properly created and tested, allowing the user to run the exact qemu command they requested with passwordless root access.\",\n  \"commands\": [],\n  \"task_complete\": true\n}"}, "observation_ref": null}]
