[{"step_id": 1, "action_ref": {"path": "terminus2/Qwen__Qwen3-Coder-480B-A35B-Instruct/terminus2-480b/build-initramfs-qemu/build-initramfs-qemu.1-of-1.2025-12-16__02-57-21/agent-logs/episode-0/response.txt", "line_start": 1, "line_end": 11, "content": "{\n  \"analysis\": \"I'm at the root prompt in the /app directory. To create an initramfs for a custom-built Linux kernel, I need to first check what files are available in the current directory, particularly looking for the kernel build directory mentioned in the task (/app/linux-6.9). Then I'll need to create a basic initramfs with essential components including an init script, basic directory structure, and a way to log in as root without a password.\",\n  \"plan\": \"First, I'll list the contents of the /app directory to see what we're working with. Then I'll check if the kernel build directory exists as referenced in the QEMU command. After confirming the kernel location, I'll create the necessary directory structure for the initramfs, add essential binaries and libraries, create an init script that sets up a basic system with root login capability, and finally package it all into a compressed cpio archive.\",\n  \"commands\": [\n    {\n      \"keystrokes\": \"ls -la\\n\",\n      \"duration\": 0.1\n    }\n  ],\n  \"task_complete\": false\n}"}, "observation_ref": {"path": "terminus2/Qwen__Qwen3-Coder-480B-A35B-Instruct/terminus2-480b/build-initramfs-qemu/build-initramfs-qemu.1-of-1.2025-12-16__02-57-21/agent-logs/episode-1/prompt.txt", "line_start": 1, "line_end": 41, "content": "New Terminal Output:\nroot@rack-ge107-ya-20250517193277:/app# ls -la\ntotal 140664\ndrwxr-xr-x  3 root root        23 Dec 15 19:45 .\ndrwxr-xr-x  5 root root        64 Dec 16 05:39 ..\ndrwxrwxr-x 26 root root      4096 Dec 15 19:47 linux-6.9\n-rw-r--r--  1 root root 144034416 May 13  2024 linux-6.9.tar.xz\nroot@rack-ge107-ya-20250517193277:/app#\n\n\n\n\n\n\n\n\n\n\n\n\n\n\n\n\n\n\n\n\n\n\n\n\n\n\n\n\n\n\n\n\n\n"}}, {"step_id": 2, "action_ref": {"path": "terminus2/Qwen__Qwen3-Coder-480B-A35B-Instruct/terminus2-480b/build-initramfs-qemu/build-initramfs-qemu.1-of-1.2025-12-16__02-57-21/agent-logs/episode-1/response.txt", "line_start": 1, "line_end": 11, "content": "{\n  \"analysis\": \"I can see that the /app directory contains the linux-6.9 directory which is the kernel source tree that has been built. Now I need to create an initramfs that can work with this kernel. I'll first check if the bzImage file exists where we expect it to be according to the QEMU command.\",\n  \"plan\": \"I'll verify that the kernel image exists at the expected path. Then I'll create a temporary directory for building our initramfs. In this directory, I'll set up the basic filesystem structure, create essential device nodes, add necessary binaries like sh, bash, and login programs, and create an init script that will start a shell on ttyS0 (since the QEMU command specifies console=ttyS0).\",\n  \"commands\": [\n    {\n      \"keystrokes\": \"ls -l linux-6.9/arch/x86/boot/bzImage\\n\",\n      \"duration\": 0.1\n    }\n  ],\n  \"task_complete\": false\n}"}, "observation_ref": {"path": "terminus2/Qwen__Qwen3-Coder-480B-A35B-Instruct/terminus2-480b/build-initramfs-qemu/build-initramfs-qemu.1-of-1.2025-12-16__02-57-21/agent-logs/episode-2/prompt.txt", "line_start": 1, "line_end": 36, "content": "New Terminal Output:\n\nroot@rack-ge107-ya-20250517193277:/app# ls -l linux-6.9/arch/x86/boot/bzImage\n-rw-r--r-- 1 root root 13132800 Dec 15 19:47 linux-6.9/arch/x86/boot/bzImage\nroot@rack-ge107-ya-20250517193277:/app#\n\n\n\n\n\n\n\n\n\n\n\n\n\n\n\n\n\n\n\n\n\n\n\n\n\n\n\n\n\n\n\n"}}, {"step_id": 3, "action_ref": {"path": "terminus2/Qwen__Qwen3-Coder-480B-A35B-Instruct/terminus2-480b/build-initramfs-qemu/build-initramfs-qemu.1-of-1.2025-12-16__02-57-21/agent-logs/episode-2/response.txt", "line_start": 1, "line_end": 11, "content": "{\n  \"analysis\": \"The bzImage kernel file exists at the expected location. Now I need to create the initramfs. I'll start by creating a temporary directory where I'll build the initramfs structure.\",\n  \"plan\": \"I'll create a temporary directory called 'initramfs' to build our initial ramdisk. Inside this directory, I'll create the standard Linux directory structure including bin, sbin, etc, proc, sys, dev, and root directories. I'll also create some essential device nodes that the system will need to boot properly.\",\n  \"commands\": [\n    {\n      \"keystrokes\": \"mkdir -p initramfs/{bin,sbin,etc,proc,sys,dev,root}\\n\",\n      \"duration\": 0.1\n    }\n  ],\n  \"task_complete\": false\n}"}, "observation_ref": {"path": "terminus2/Qwen__Qwen3-Coder-480B-A35B-Instruct/terminus2-480b/build-initramfs-qemu/build-initramfs-qemu.1-of-1.2025-12-16__02-57-21/agent-logs/episode-3/prompt.txt", "line_start": 1, "line_end": 34, "content": "New Terminal Output:\n\nroot@rack-ge107-ya-20250517193277:/app# mkdir -p initramfs/{bin,sbin,etc,proc,sys,dev,root}\nroot@rack-ge107-ya-20250517193277:/app#\n\n\n\n\n\n\n\n\n\n\n\n\n\n\n\n\n\n\n\n\n\n\n\n\n\n\n\n\n\n\n"}}, {"step_id": 4, "action_ref": {"path": "terminus2/Qwen__Qwen3-Coder-480B-A35B-Instruct/terminus2-480b/build-initramfs-qemu/build-initramfs-qemu.1-of-1.2025-12-16__02-57-21/agent-logs/episode-3/response.txt", "line_start": 1, "line_end": 11, "content": "{\n  \"analysis\": \"I've created the basic directory structure for the initramfs. Now I need to create device nodes in the dev directory and then add essential binaries like sh and other tools needed for a minimal system.\",\n  \"plan\": \"I'll create basic device nodes in the dev directory using mknod. These include console, null, and ttyS0 which will be needed for the serial console specified in the QEMU command. Then I'll copy essential binaries like sh, bash, and other core utilities from the host system to the initramfs.\",\n  \"commands\": [\n    {\n      \"keystrokes\": \"cd initramfs/dev\\n\",\n      \"duration\": 0.1\n    }\n  ],\n  \"task_complete\": false\n}"}, "observation_ref": {"path": "terminus2/Qwen__Qwen3-Coder-480B-A35B-Instruct/terminus2-480b/build-initramfs-qemu/build-initramfs-qemu.1-of-1.2025-12-16__02-57-21/agent-logs/episode-4/prompt.txt", "line_start": 1, "line_end": 33, "content": "New Terminal Output:\n\nroot@rack-ge107-ya-20250517193277:/app# cd initramfs/dev\nroot@rack-ge107-ya-20250517193277:/app/initramfs/dev#\n\n\n\n\n\n\n\n\n\n\n\n\n\n\n\n\n\n\n\n\n\n\n\n\n\n\n\n\n\n"}}, {"step_id": 5, "action_ref": {"path": "terminus2/Qwen__Qwen3-Coder-480B-A35B-Instruct/terminus2-480b/build-initramfs-qemu/build-initramfs-qemu.1-of-1.2025-12-16__02-57-21/agent-logs/episode-4/response.txt", "line_start": 1, "line_end": 11, "content": "{\n  \"analysis\": \"I'm now in the dev directory of our initramfs build. I need to create essential device nodes here.\",\n  \"plan\": \"I'll create device nodes for console, null, zero, and ttyS0 using mknod. These are critical devices for a minimal Linux system, especially since we're using ttyS0 as our console in the QEMU command.\",\n  \"commands\": [\n    {\n      \"keystrokes\": \"mknod console c 5 1\\n\",\n      \"duration\": 0.1\n    }\n  ],\n  \"task_complete\": false\n}"}, "observation_ref": {"path": "terminus2/Qwen__Qwen3-Coder-480B-A35B-Instruct/terminus2-480b/build-initramfs-qemu/build-initramfs-qemu.1-of-1.2025-12-16__02-57-21/agent-logs/episode-5/prompt.txt", "line_start": 1, "line_end": 32, "content": "New Terminal Output:\n\nroot@rack-ge107-ya-20250517193277:/app/initramfs/dev# mknod console c 5 1\nroot@rack-ge107-ya-20250517193277:/app/initramfs/dev#\n\n\n\n\n\n\n\n\n\n\n\n\n\n\n\n\n\n\n\n\n\n\n\n\n\n\n\n\n"}}, {"step_id": 6, "action_ref": {"path": "terminus2/Qwen__Qwen3-Coder-480B-A35B-Instruct/terminus2-480b/build-initramfs-qemu/build-initramfs-qemu.1-of-1.2025-12-16__02-57-21/agent-logs/episode-5/response.txt", "line_start": 1, "line_end": 11, "content": "{\n  \"analysis\": \"I've created the console device node. Now I need to create additional device nodes.\",\n  \"plan\": \"I'll continue creating essential device nodes: null, zero, and ttyS0. These are needed for proper operation of a minimal Linux system with serial console support.\",\n  \"commands\": [\n    {\n      \"keystrokes\": \"mknod null c 1 3\\n\",\n      \"duration\": 0.1\n    }\n  ],\n  \"task_complete\": false\n}"}, "observation_ref": {"path": "terminus2/Qwen__Qwen3-Coder-480B-A35B-Instruct/terminus2-480b/build-initramfs-qemu/build-initramfs-qemu.1-of-1.2025-12-16__02-57-21/agent-logs/episode-6/prompt.txt", "line_start": 1, "line_end": 31, "content": "New Terminal Output:\n\nroot@rack-ge107-ya-20250517193277:/app/initramfs/dev# mknod null c 1 3\nroot@rack-ge107-ya-20250517193277:/app/initramfs/dev#\n\n\n\n\n\n\n\n\n\n\n\n\n\n\n\n\n\n\n\n\n\n\n\n\n\n\n\n"}}, {"step_id": 7, "action_ref": {"path": "terminus2/Qwen__Qwen3-Coder-480B-A35B-Instruct/terminus2-480b/build-initramfs-qemu/build-initramfs-qemu.1-of-1.2025-12-16__02-57-21/agent-logs/episode-6/response.txt", "line_start": 1, "line_end": 11, "content": "{\n  \"analysis\": \"I've created the null device node. Continuing with more device nodes.\",\n  \"plan\": \"I'll create the zero device node and then the ttyS0 device node which is specifically needed for our serial console setup in QEMU.\",\n  \"commands\": [\n    {\n      \"keystrokes\": \"mknod zero c 1 5\\n\",\n      \"duration\": 0.1\n    }\n  ],\n  \"task_complete\": false\n}"}, "observation_ref": {"path": "terminus2/Qwen__Qwen3-Coder-480B-A35B-Instruct/terminus2-480b/build-initramfs-qemu/build-initramfs-qemu.1-of-1.2025-12-16__02-57-21/agent-logs/episode-7/prompt.txt", "line_start": 1, "line_end": 30, "content": "New Terminal Output:\n\nroot@rack-ge107-ya-20250517193277:/app/initramfs/dev# mknod zero c 1 5\nroot@rack-ge107-ya-20250517193277:/app/initramfs/dev#\n\n\n\n\n\n\n\n\n\n\n\n\n\n\n\n\n\n\n\n\n\n\n\n\n\n\n"}}, {"step_id": 8, "action_ref": {"path": "terminus2/Qwen__Qwen3-Coder-480B-A35B-Instruct/terminus2-480b/build-initramfs-qemu/build-initramfs-qemu.1-of-1.2025-12-16__02-57-21/agent-logs/episode-7/response.txt", "line_start": 1, "line_end": 11, "content": "{\n  \"analysis\": \"I've created the zero device node. Now I need to create the ttyS0 device node for serial console access.\",\n  \"plan\": \"I'll create the ttyS0 device node which is required for the serial console specified in the QEMU command. After that, I'll go back to the initramfs root directory to continue setting up the system.\",\n  \"commands\": [\n    {\n      \"keystrokes\": \"mknod ttyS0 c 4 64\\n\",\n      \"duration\": 0.1\n    }\n  ],\n  \"task_complete\": false\n}"}, "observation_ref": {"path": "terminus2/Qwen__Qwen3-Coder-480B-A35B-Instruct/terminus2-480b/build-initramfs-qemu/build-initramfs-qemu.1-of-1.2025-12-16__02-57-21/agent-logs/episode-8/prompt.txt", "line_start": 1, "line_end": 29, "content": "New Terminal Output:\n\nroot@rack-ge107-ya-20250517193277:/app/initramfs/dev# mknod ttyS0 c 4 64\nroot@rack-ge107-ya-20250517193277:/app/initramfs/dev#\n\n\n\n\n\n\n\n\n\n\n\n\n\n\n\n\n\n\n\n\n\n\n\n\n\n"}}, {"step_id": 9, "action_ref": {"path": "terminus2/Qwen__Qwen3-Coder-480B-A35B-Instruct/terminus2-480b/build-initramfs-qemu/build-initramfs-qemu.1-of-1.2025-12-16__02-57-21/agent-logs/episode-8/response.txt", "line_start": 1, "line_end": 11, "content": "{\n  \"analysis\": \"I've created the ttyS0 device node. Now I need to go back to the initramfs root directory and start adding essential binaries.\",\n  \"plan\": \"I'll navigate back to the initramfs root directory and then copy essential binaries like sh, bash, and other core utilities from the host system. I'll also create symbolic links as needed and set up the necessary permissions.\",\n  \"commands\": [\n    {\n      \"keystrokes\": \"cd ..\\n\",\n      \"duration\": 0.1\n    }\n  ],\n  \"task_complete\": false\n}"}, "observation_ref": {"path": "terminus2/Qwen__Qwen3-Coder-480B-A35B-Instruct/terminus2-480b/build-initramfs-qemu/build-initramfs-qemu.1-of-1.2025-12-16__02-57-21/agent-logs/episode-9/prompt.txt", "line_start": 1, "line_end": 28, "content": "New Terminal Output:\n\nroot@rack-ge107-ya-20250517193277:/app/initramfs/dev# cd ..\nroot@rack-ge107-ya-20250517193277:/app/initramfs#\n\n\n\n\n\n\n\n\n\n\n\n\n\n\n\n\n\n\n\n\n\n\n\n\n"}}, {"step_id": 10, "action_ref": {"path": "terminus2/Qwen__Qwen3-Coder-480B-A35B-Instruct/terminus2-480b/build-initramfs-qemu/build-initramfs-qemu.1-of-1.2025-12-16__02-57-21/agent-logs/episode-9/response.txt", "line_start": 1, "line_end": 11, "content": "{\n  \"analysis\": \"I'm now in the initramfs root directory. I need to copy essential binaries to make the system functional.\",\n  \"plan\": \"I'll copy essential binaries like sh, bash, ls, cat, and other core utilities from the host system to the initramfs. I'll place them in the bin directory. For shared libraries, I'll need to identify and copy those as well, or create statically linked versions if possible.\",\n  \"commands\": [\n    {\n      \"keystrokes\": \"cp -a /bin/sh bin/\\n\",\n      \"duration\": 0.1\n    }\n  ],\n  \"task_complete\": false\n}"}, "observation_ref": {"path": "terminus2/Qwen__Qwen3-Coder-480B-A35B-Instruct/terminus2-480b/build-initramfs-qemu/build-initramfs-qemu.1-of-1.2025-12-16__02-57-21/agent-logs/episode-10/prompt.txt", "line_start": 1, "line_end": 27, "content": "New Terminal Output:\n\nroot@rack-ge107-ya-20250517193277:/app/initramfs# cp -a /bin/sh bin/\nroot@rack-ge107-ya-20250517193277:/app/initramfs#\n\n\n\n\n\n\n\n\n\n\n\n\n\n\n\n\n\n\n\n\n\n\n\n"}}, {"step_id": 11, "action_ref": {"path": "terminus2/Qwen__Qwen3-Coder-480B-A35B-Instruct/terminus2-480b/build-initramfs-qemu/build-initramfs-qemu.1-of-1.2025-12-16__02-57-21/agent-logs/episode-10/response.txt", "line_start": 1, "line_end": 11, "content": "{\n  \"analysis\": \"I've copied the sh binary to the initramfs. Now I need to check if it has any dependencies that also need to be copied.\",\n  \"plan\": \"I'll use ldd to check the shared library dependencies of the sh binary. Then I'll copy those libraries to the initramfs and create the necessary directory structure for them.\",\n  \"commands\": [\n    {\n      \"keystrokes\": \"ldd /bin/sh\\n\",\n      \"duration\": 0.1\n    }\n  ],\n  \"task_complete\": false\n}"}, "observation_ref": {"path": "terminus2/Qwen__Qwen3-Coder-480B-A35B-Instruct/terminus2-480b/build-initramfs-qemu/build-initramfs-qemu.1-of-1.2025-12-16__02-57-21/agent-logs/episode-11/prompt.txt", "line_start": 1, "line_end": 26, "content": "New Terminal Output:\n\nroot@rack-ge107-ya-20250517193277:/app/initramfs# ldd /bin/sh\n        linux-vdso.so.1 (0x00007ffd99df1000)\n        libc.so.6 => /lib/x86_64-linux-gnu/libc.so.6 (0x00007efea1d7a000)\n        /lib64/ld-linux-x86-64.so.2 (0x00007efea1fb8000)\nroot@rack-ge107-ya-20250517193277:/app/initramfs#\n\n\n\n\n\n\n\n\n\n\n\n\n\n\n\n\n\n\n\n"}}, {"step_id": 12, "action_ref": {"path": "terminus2/Qwen__Qwen3-Coder-480B-A35B-Instruct/terminus2-480b/build-initramfs-qemu/build-initramfs-qemu.1-of-1.2025-12-16__02-57-21/agent-logs/episode-11/response.txt", "line_start": 1, "line_end": 11, "content": "{\n  \"analysis\": \"The sh binary has several shared library dependencies that I need to copy to the initramfs. I need to create the lib directory structure and copy these libraries.\",\n  \"plan\": \"I'll create the lib and lib64 directories in the initramfs and copy the required shared libraries. Then I'll continue copying other essential binaries like bash, ls, cat, etc.\",\n  \"commands\": [\n    {\n      \"keystrokes\": \"mkdir -p lib/x86_64-linux-gnu lib64\\n\",\n      \"duration\": 0.1\n    }\n  ],\n  \"task_complete\": false\n}"}, "observation_ref": {"path": "terminus2/Qwen__Qwen3-Coder-480B-A35B-Instruct/terminus2-480b/build-initramfs-qemu/build-initramfs-qemu.1-of-1.2025-12-16__02-57-21/agent-logs/episode-12/prompt.txt", "line_start": 1, "line_end": 22, "content": "New Terminal Output:\n\nroot@rack-ge107-ya-20250517193277:/app/initramfs# mkdir -p lib/x86_64-linux-gnu lib64\nroot@rack-ge107-ya-20250517193277:/app/initramfs#\n\n\n\n\n\n\n\n\n\n\n\n\n\n\n\n\n\n\n"}}, {"step_id": 13, "action_ref": {"path": "terminus2/Qwen__Qwen3-Coder-480B-A35B-Instruct/terminus2-480b/build-initramfs-qemu/build-initramfs-qemu.1-of-1.2025-12-16__02-57-21/agent-logs/episode-12/response.txt", "line_start": 1, "line_end": 11, "content": "{\n  \"analysis\": \"I've created the necessary library directories. Now I need to copy the shared libraries that sh depends on.\",\n  \"plan\": \"I'll copy the three shared libraries identified by ldd: libc.so.6, ld-linux-x86-64.so.2, and the vdso which is handled by the kernel. I'll copy them to their respective locations in the initramfs.\",\n  \"commands\": [\n    {\n      \"keystrokes\": \"cp -a /lib/x86_64-linux-gnu/libc.so.6 lib/x86_64-linux-gnu/\\n\",\n      \"duration\": 0.1\n    }\n  ],\n  \"task_complete\": false\n}"}, "observation_ref": {"path": "terminus2/Qwen__Qwen3-Coder-480B-A35B-Instruct/terminus2-480b/build-initramfs-qemu/build-initramfs-qemu.1-of-1.2025-12-16__02-57-21/agent-logs/episode-13/prompt.txt", "line_start": 1, "line_end": 21, "content": "New Terminal Output:\n\nroot@rack-ge107-ya-20250517193277:/app/initramfs# cp -a /lib/x86_64-linux-gnu/libc.so.6 lib/x86_64-linux-gnu/\nroot@rack-ge107-ya-20250517193277:/app/initramfs#\n\n\n\n\n\n\n\n\n\n\n\n\n\n\n\n\n\n"}}, {"step_id": 14, "action_ref": {"path": "terminus2/Qwen__Qwen3-Coder-480B-A35B-Instruct/terminus2-480b/build-initramfs-qemu/build-initramfs-qemu.1-of-1.2025-12-16__02-57-21/agent-logs/episode-13/response.txt", "line_start": 1, "line_end": 11, "content": "{\n  \"analysis\": \"I've copied the libc library. Now I need to copy the dynamic linker.\",\n  \"plan\": \"I'll copy the ld-linux-x86-64.so.2 dynamic linker to the lib64 directory in the initramfs. Then I'll continue copying other essential binaries.\",\n  \"commands\": [\n    {\n      \"keystrokes\": \"cp -a /lib64/ld-linux-x86-64.so.2 lib64/\\n\",\n      \"duration\": 0.1\n    }\n  ],\n  \"task_complete\": false\n}"}, "observation_ref": {"path": "terminus2/Qwen__Qwen3-Coder-480B-A35B-Instruct/terminus2-480b/build-initramfs-qemu/build-initramfs-qemu.1-of-1.2025-12-16__02-57-21/agent-logs/episode-14/prompt.txt", "line_start": 1, "line_end": 20, "content": "New Terminal Output:\n\nroot@rack-ge107-ya-20250517193277:/app/initramfs# cp -a /lib64/ld-linux-x86-64.so.2 lib64/\nroot@rack-ge107-ya-20250517193277:/app/initramfs#\n\n\n\n\n\n\n\n\n\n\n\n\n\n\n\n\n"}}, {"step_id": 15, "action_ref": {"path": "terminus2/Qwen__Qwen3-Coder-480B-A35B-Instruct/terminus2-480b/build-initramfs-qemu/build-initramfs-qemu.1-of-1.2025-12-16__02-57-21/agent-logs/episode-14/response.txt", "line_start": 1, "line_end": 11, "content": "{\n  \"analysis\": \"I've copied the essential libraries for sh. Now I need to copy other important binaries to make the system more functional.\",\n  \"plan\": \"I'll copy bash, ls, cat, and other core utilities to the initramfs. I'll also need to check and copy their dependencies as well.\",\n  \"commands\": [\n    {\n      \"keystrokes\": \"cp -a /bin/bash bin/\\n\",\n      \"duration\": 0.1\n    }\n  ],\n  \"task_complete\": false\n}"}, "observation_ref": {"path": "terminus2/Qwen__Qwen3-Coder-480B-A35B-Instruct/terminus2-480b/build-initramfs-qemu/build-initramfs-qemu.1-of-1.2025-12-16__02-57-21/agent-logs/episode-15/prompt.txt", "line_start": 1, "line_end": 19, "content": "New Terminal Output:\n\nroot@rack-ge107-ya-20250517193277:/app/initramfs# cp -a /bin/bash bin/\nroot@rack-ge107-ya-20250517193277:/app/initramfs#\n\n\n\n\n\n\n\n\n\n\n\n\n\n\n\n"}}, {"step_id": 16, "action_ref": {"path": "terminus2/Qwen__Qwen3-Coder-480B-A35B-Instruct/terminus2-480b/build-initramfs-qemu/build-initramfs-qemu.1-of-1.2025-12-16__02-57-21/agent-logs/episode-15/response.txt", "line_start": 1, "line_end": 11, "content": "{\n  \"analysis\": \"I've copied bash to the initramfs. Now I need to check its dependencies.\",\n  \"plan\": \"I'll use ldd to check the dependencies of bash and copy any additional libraries that may be needed. Then I'll continue with other essential utilities.\",\n  \"commands\": [\n    {\n      \"keystrokes\": \"ldd /bin/bash\\n\",\n      \"duration\": 0.1\n    }\n  ],\n  \"task_complete\": false\n}"}, "observation_ref": {"path": "terminus2/Qwen__Qwen3-Coder-480B-A35B-Instruct/terminus2-480b/build-initramfs-qemu/build-initramfs-qemu.1-of-1.2025-12-16__02-57-21/agent-logs/episode-16/prompt.txt", "line_start": 1, "line_end": 18, "content": "New Terminal Output:\n\nroot@rack-ge107-ya-20250517193277:/app/initramfs# ldd /bin/bash\n        linux-vdso.so.1 (0x00007ffcabf0c000)\n        libtinfo.so.6 => /lib/x86_64-linux-gnu/libtinfo.so.6 (0x00007f14e56d9000)\n        libc.so.6 => /lib/x86_64-linux-gnu/libc.so.6 (0x00007f14e54c7000)\n        /lib64/ld-linux-x86-64.so.2 (0x00007f14e5882000)\nroot@rack-ge107-ya-20250517193277:/app/initramfs#\n\n\n\n\n\n\n\n\n\n\n"}}, {"step_id": 17, "action_ref": {"path": "terminus2/Qwen__Qwen3-Coder-480B-A35B-Instruct/terminus2-480b/build-initramfs-qemu/build-initramfs-qemu.1-of-1.2025-12-16__02-57-21/agent-logs/episode-16/response.txt", "line_start": 1, "line_end": 11, "content": "{\n  \"analysis\": \"Bash has an additional dependency compared to sh: libtinfo.so.6. I need to copy this library to the initramfs.\",\n  \"plan\": \"I'll copy the libtinfo.so.6 library to the appropriate location in the initramfs. Then I'll continue copying other essential utilities like ls and cat.\",\n  \"commands\": [\n    {\n      \"keystrokes\": \"cp -a /lib/x86_64-linux-gnu/libtinfo.so.6 lib/x86_64-linux-gnu/\\n\",\n      \"duration\": 0.1\n    }\n  ],\n  \"task_complete\": false\n}"}, "observation_ref": {"path": "terminus2/Qwen__Qwen3-Coder-480B-A35B-Instruct/terminus2-480b/build-initramfs-qemu/build-initramfs-qemu.1-of-1.2025-12-16__02-57-21/agent-logs/episode-17/prompt.txt", "line_start": 1, "line_end": 13, "content": "New Terminal Output:\n\nroot@rack-ge107-ya-20250517193277:/app/initramfs# cp -a /lib/x86_64-linux-gnu/libtinfo.so.6 lib/x86_64-linux-gnu/\nroot@rack-ge107-ya-20250517193277:/app/initramfs#\n\n\n\n\n\n\n\n\n\n"}}, {"step_id": 18, "action_ref": {"path": "terminus2/Qwen__Qwen3-Coder-480B-A35B-Instruct/terminus2-480b/build-initramfs-qemu/build-initramfs-qemu.1-of-1.2025-12-16__02-57-21/agent-logs/episode-17/response.txt", "line_start": 1, "line_end": 11, "content": "{\n  \"analysis\": \"I've copied the additional library needed for bash. Now I'll continue copying other essential utilities.\",\n  \"plan\": \"I'll copy ls and cat binaries to the initramfs and check their dependencies. These are fundamental utilities that will be useful in the minimal system.\",\n  \"commands\": [\n    {\n      \"keystrokes\": \"cp -a /bin/ls bin/\\n\",\n      \"duration\": 0.1\n    }\n  ],\n  \"task_complete\": false\n}"}, "observation_ref": {"path": "terminus2/Qwen__Qwen3-Coder-480B-A35B-Instruct/terminus2-480b/build-initramfs-qemu/build-initramfs-qemu.1-of-1.2025-12-16__02-57-21/agent-logs/episode-18/prompt.txt", "line_start": 1, "line_end": 12, "content": "New Terminal Output:\n\nroot@rack-ge107-ya-20250517193277:/app/initramfs# cp -a /bin/ls bin/\nroot@rack-ge107-ya-20250517193277:/app/initramfs#\n\n\n\n\n\n\n\n\n"}}, {"step_id": 19, "action_ref": {"path": "terminus2/Qwen__Qwen3-Coder-480B-A35B-Instruct/terminus2-480b/build-initramfs-qemu/build-initramfs-qemu.1-of-1.2025-12-16__02-57-21/agent-logs/episode-18/response.txt", "line_start": 1, "line_end": 11, "content": "{\n  \"analysis\": \"I've copied the ls binary. Now I need to check its dependencies.\",\n  \"plan\": \"I'll use ldd to check the dependencies of ls and copy any additional libraries if needed. Then I'll copy the cat utility as well.\",\n  \"commands\": [\n    {\n      \"keystrokes\": \"ldd /bin/ls\\n\",\n      \"duration\": 0.1\n    }\n  ],\n  \"task_complete\": false\n}"}, "observation_ref": {"path": "terminus2/Qwen__Qwen3-Coder-480B-A35B-Instruct/terminus2-480b/build-initramfs-qemu/build-initramfs-qemu.1-of-1.2025-12-16__02-57-21/agent-logs/episode-19/prompt.txt", "line_start": 1, "line_end": 11, "content": "New Terminal Output:\n\nroot@rack-ge107-ya-20250517193277:/app/initramfs# ldd /bin/ls\n        linux-vdso.so.1 (0x00007fff5d5f9000)\n        libselinux.so.1 => /lib/x86_64-linux-gnu/libselinux.so.1 (0x00007f7d6ea9a000)\n        libc.so.6 => /lib/x86_64-linux-gnu/libc.so.6 (0x00007f7d6e888000)\n        libpcre2-8.so.0 => /lib/x86_64-linux-gnu/libpcre2-8.so.0 (0x00007f7d6e7ee000)\n        /lib64/ld-linux-x86-64.so.2 (0x00007f7d6eaf5000)\nroot@rack-ge107-ya-20250517193277:/app/initramfs#\n\n\n"}}, {"step_id": 20, "action_ref": {"path": "terminus2/Qwen__Qwen3-Coder-480B-A35B-Instruct/terminus2-480b/build-initramfs-qemu/build-initramfs-qemu.1-of-1.2025-12-16__02-57-21/agent-logs/episode-19/response.txt", "line_start": 1, "line_end": 11, "content": "{\n  \"analysis\": \"The ls binary has additional dependencies: libselinux.so.1 and libpcre2-8.so.0. I need to copy these libraries to the initramfs.\",\n  \"plan\": \"I'll copy the additional libraries needed for ls to the appropriate locations in the initramfs. Then I'll copy the cat utility and check its dependencies as well.\",\n  \"commands\": [\n    {\n      \"keystrokes\": \"cp -a /lib/x86_64-linux-gnu/libselinux.so.1 lib/x86_64-linux-gnu/\\n\",\n      \"duration\": 0.1\n    }\n  ],\n  \"task_complete\": false\n}"}, "observation_ref": {"path": "terminus2/Qwen__Qwen3-Coder-480B-A35B-Instruct/terminus2-480b/build-initramfs-qemu/build-initramfs-qemu.1-of-1.2025-12-16__02-57-21/agent-logs/episode-20/prompt.txt", "line_start": 1, "line_end": 5, "content": "New Terminal Output:\n\nroot@rack-ge107-ya-20250517193277:/app/initramfs# cp -a /lib/x86_64-linux-gnu/libselinux.so.1 lib/x86_64-linux-gnu/\nroot@rack-ge107-ya-20250517193277:/app/initramfs#\n\n"}}, {"step_id": 21, "action_ref": {"path": "terminus2/Qwen__Qwen3-Coder-480B-A35B-Instruct/terminus2-480b/build-initramfs-qemu/build-initramfs-qemu.1-of-1.2025-12-16__02-57-21/agent-logs/episode-20/response.txt", "line_start": 1, "line_end": 11, "content": "{\n  \"analysis\": \"I've copied one of the additional libraries for ls. Now I need to copy the other one.\",\n  \"plan\": \"I'll copy libpcre2-8.so.0 which is another dependency of ls. After that, I'll copy the cat utility and check its dependencies.\",\n  \"commands\": [\n    {\n      \"keystrokes\": \"cp -a /lib/x86_64-linux-gnu/libpcre2-8.so.0 lib/x86_64-linux-gnu/\\n\",\n      \"duration\": 0.1\n    }\n  ],\n  \"task_complete\": false\n}"}, "observation_ref": {"path": "terminus2/Qwen__Qwen3-Coder-480B-A35B-Instruct/terminus2-480b/build-initramfs-qemu/build-initramfs-qemu.1-of-1.2025-12-16__02-57-21/agent-logs/episode-21/prompt.txt", "line_start": 1, "line_end": 4, "content": "New Terminal Output:\n\nroot@rack-ge107-ya-20250517193277:/app/initramfs# cp -a /lib/x86_64-linux-gnu/libpcre2-8.so.0 lib/x86_64-linux-gnu/\nroot@rack-ge107-ya-20250517193277:/app/initramfs#\n"}}, {"step_id": 22, "action_ref": {"path": "terminus2/Qwen__Qwen3-Coder-480B-A35B-Instruct/terminus2-480b/build-initramfs-qemu/build-initramfs-qemu.1-of-1.2025-12-16__02-57-21/agent-logs/episode-21/response.txt", "line_start": 1, "line_end": 11, "content": "{\n  \"analysis\": \"I've copied the additional libraries needed for ls. Now I'll copy the cat utility.\",\n  \"plan\": \"I'll copy the cat binary to the initramfs and check its dependencies to ensure I have all necessary libraries.\",\n  \"commands\": [\n    {\n      \"keystrokes\": \"cp -a /bin/cat bin/\\n\",\n      \"duration\": 0.1\n    }\n  ],\n  \"task_complete\": false\n}"}, "observation_ref": {"path": "terminus2/Qwen__Qwen3-Coder-480B-A35B-Instruct/terminus2-480b/build-initramfs-qemu/build-initramfs-qemu.1-of-1.2025-12-16__02-57-21/agent-logs/episode-22/prompt.txt", "line_start": 1, "line_end": 4, "content": "New Terminal Output:\n\nroot@rack-ge107-ya-20250517193277:/app/initramfs# cp -a /bin/cat bin/\nroot@rack-ge107-ya-20250517193277:/app/initramfs#\n"}}, {"step_id": 23, "action_ref": {"path": "terminus2/Qwen__Qwen3-Coder-480B-A35B-Instruct/terminus2-480b/build-initramfs-qemu/build-initramfs-qemu.1-of-1.2025-12-16__02-57-21/agent-logs/episode-22/response.txt", "line_start": 1, "line_end": 11, "content": "{\n  \"analysis\": \"I've copied the cat binary. Now I need to check its dependencies.\",\n  \"plan\": \"I'll use ldd to check the dependencies of cat and copy any additional libraries if needed. After that, I'll create the init script that will be executed when the kernel boots.\",\n  \"commands\": [\n    {\n      \"keystrokes\": \"ldd /bin/cat\\n\",\n      \"duration\": 0.1\n    }\n  ],\n  \"task_complete\": false\n}"}, "observation_ref": {"path": "terminus2/Qwen__Qwen3-Coder-480B-A35B-Instruct/terminus2-480b/build-initramfs-qemu/build-initramfs-qemu.1-of-1.2025-12-16__02-57-21/agent-logs/episode-23/prompt.txt", "line_start": 1, "line_end": 7, "content": "New Terminal Output:\n\nroot@rack-ge107-ya-20250517193277:/app/initramfs# ldd /bin/cat\n        linux-vdso.so.1 (0x00007ffe5a39a000)\n        libc.so.6 => /lib/x86_64-linux-gnu/libc.so.6 (0x00007fd27f75b000)\n        /lib64/ld-linux-x86-64.so.2 (0x00007fd27f981000)\nroot@rack-ge107-ya-20250517193277:/app/initramfs#\n"}}, {"step_id": 24, "action_ref": {"path": "terminus2/Qwen__Qwen3-Coder-480B-A35B-Instruct/terminus2-480b/build-initramfs-qemu/build-initramfs-qemu.1-of-1.2025-12-16__02-57-21/agent-logs/episode-23/response.txt", "line_start": 1, "line_end": 11, "content": "{\n  \"analysis\": \"The cat binary only requires the same libraries as sh, which I've already copied. Now I need to create the init script that will run when the kernel boots.\",\n  \"plan\": \"I'll create a simple init script that sets up basic system functionality, mounts necessary filesystems, and starts a shell on ttyS0 as requested. The init script will be the first program executed by the kernel.\",\n  \"commands\": [\n    {\n      \"keystrokes\": \"cat > init << 'EOF'\\n#!/bin/sh\\n\\n# Mount necessary filesystems\\nmount -t proc none /proc\\nmount -t sysfs none /sys\\nmount -t devtmpfs none /dev\\n\\n# Create device nodes (in case devtmpfs didn't)\\nmknod -m 666 /dev/null c 1 3 2>/dev/null || true\\nmknod -m 666 /dev/zero c 1 5 2>/dev/null || true\\n\\n# Print boot message\\necho \\\"Custom Linux Kernel Booted Successfully\\\"\\necho \\\"Login as 'root' with no password\\\"\\n\\n# Start shell on serial console\\nsetsid sh -c 'exec sh </dev/ttyS0 >/dev/ttyS0 2>&1'\\nEOF\\n\",\n      \"duration\": 0.5\n    }\n  ],\n  \"task_complete\": false\n}"}, "observation_ref": {"path": "terminus2/Qwen__Qwen3-Coder-480B-A35B-Instruct/terminus2-480b/build-initramfs-qemu/build-initramfs-qemu.1-of-1.2025-12-16__02-57-21/agent-logs/episode-24/prompt.txt", "line_start": 1, "line_end": 22, "content": "New Terminal Output:\n\nroot@rack-ge107-ya-20250517193277:/app/initramfs# cat > init << 'EOF'\n> #!/bin/sh\n>\n> # Mount necessary filesystems\n> mount -t proc none /proc\n> mount -t sysfs none /sys\n> mount -t devtmpfs none /dev\n>\n> # Create device nodes (in case devtmpfs didn't)\n> mknod -m 666 /dev/null c 1 3 2>/dev/null || true\n> mknod -m 666 /dev/zero c 1 5 2>/dev/null || true\n>\n> # Print boot message\n> echo \"Custom Linux Kernel Booted Successfully\"\n> echo \"Login as 'root' with no password\"\n>\n> # Start shell on serial console\n> setsid sh -c 'exec sh </dev/ttyS0 >/dev/ttyS0 2>&1'\n> EOF\nroot@rack-ge107-ya-20250517193277:/app/initramfs#\n"}}, {"step_id": 25, "action_ref": {"path": "terminus2/Qwen__Qwen3-Coder-480B-A35B-Instruct/terminus2-480b/build-initramfs-qemu/build-initramfs-qemu.1-of-1.2025-12-16__02-57-21/agent-logs/episode-24/response.txt", "line_start": 1, "line_end": 11, "content": "{\n  \"analysis\": \"I've created the init script. Now I need to make it executable and create a simple passwd file to allow login as root without a password.\",\n  \"plan\": \"I'll make the init script executable with chmod. Then I'll create a basic etc/passwd file that defines the root user with no password. Finally, I'll package everything into a cpio archive and compress it with gzip to create the initramfs.cpio.gz file.\",\n  \"commands\": [\n    {\n      \"keystrokes\": \"chmod +x init\\n\",\n      \"duration\": 0.1\n    }\n  ],\n  \"task_complete\": false\n}"}, "observation_ref": {"path": "terminus2/Qwen__Qwen3-Coder-480B-A35B-Instruct/terminus2-480b/build-initramfs-qemu/build-initramfs-qemu.1-of-1.2025-12-16__02-57-21/agent-logs/episode-25/prompt.txt", "line_start": 1, "line_end": 4, "content": "New Terminal Output:\n\nroot@rack-ge107-ya-20250517193277:/app/initramfs# chmod +x init\nroot@rack-ge107-ya-20250517193277:/app/initramfs#\n"}}, {"step_id": 26, "action_ref": {"path": "terminus2/Qwen__Qwen3-Coder-480B-A35B-Instruct/terminus2-480b/build-initramfs-qemu/build-initramfs-qemu.1-of-1.2025-12-16__02-57-21/agent-logs/episode-25/response.txt", "line_start": 1, "line_end": 11, "content": "{\n  \"analysis\": \"I've made the init script executable. Now I need to create a basic passwd file to define the root user.\",\n  \"plan\": \"I'll create a simple etc/passwd file that defines the root user with UID 0 and no password. This will allow logging in as root without requiring a password.\",\n  \"commands\": [\n    {\n      \"keystrokes\": \"echo \\\"root:x:0:0:root:/root:/bin/sh\\\" > etc/passwd\\n\",\n      \"duration\": 0.1\n    }\n  ],\n  \"task_complete\": false\n}"}, "observation_ref": {"path": "terminus2/Qwen__Qwen3-Coder-480B-A35B-Instruct/terminus2-480b/build-initramfs-qemu/build-initramfs-qemu.1-of-1.2025-12-16__02-57-21/agent-logs/episode-26/prompt.txt", "line_start": 1, "line_end": 4, "content": "New Terminal Output:\n\nroot@rack-ge107-ya-20250517193277:/app/initramfs# echo \"root:x:0:0:root:/root:/bin/sh\" > etc/passwd\nroot@rack-ge107-ya-20250517193277:/app/initramfs#\n"}}, {"step_id": 27, "action_ref": {"path": "terminus2/Qwen__Qwen3-Coder-480B-A35B-Instruct/terminus2-480b/build-initramfs-qemu/build-initramfs-qemu.1-of-1.2025-12-16__02-57-21/agent-logs/episode-26/response.txt", "line_start": 1, "line_end": 11, "content": "{\n  \"analysis\": \"I've created a basic passwd file. Now I need to create a group file as well for completeness.\",\n  \"plan\": \"I'll create a simple etc/group file that defines the root group. Then I'll proceed to package the initramfs into a compressed cpio archive.\",\n  \"commands\": [\n    {\n      \"keystrokes\": \"echo \\\"root:x:0:\\\" > etc/group\\n\",\n      \"duration\": 0.1\n    }\n  ],\n  \"task_complete\": false\n}"}, "observation_ref": {"path": "terminus2/Qwen__Qwen3-Coder-480B-A35B-Instruct/terminus2-480b/build-initramfs-qemu/build-initramfs-qemu.1-of-1.2025-12-16__02-57-21/agent-logs/episode-27/prompt.txt", "line_start": 1, "line_end": 4, "content": "New Terminal Output:\n\nroot@rack-ge107-ya-20250517193277:/app/initramfs# echo \"root:x:0:\" > etc/group\nroot@rack-ge107-ya-20250517193277:/app/initramfs#\n"}}, {"step_id": 28, "action_ref": {"path": "terminus2/Qwen__Qwen3-Coder-480B-A35B-Instruct/terminus2-480b/build-initramfs-qemu/build-initramfs-qemu.1-of-1.2025-12-16__02-57-21/agent-logs/episode-27/response.txt", "line_start": 1, "line_end": 11, "content": "{\n  \"analysis\": \"I've created the basic group file. Now I need to create the directory for the root home directory and set appropriate permissions.\",\n  \"plan\": \"I'll ensure the root home directory exists and has the correct permissions. Then I'll create the initramfs archive by packaging all the files into a cpio archive and compressing it with gzip.\",\n  \"commands\": [\n    {\n      \"keystrokes\": \"chmod 700 root\\n\",\n      \"duration\": 0.1\n    }\n  ],\n  \"task_complete\": false\n}"}, "observation_ref": {"path": "terminus2/Qwen__Qwen3-Coder-480B-A35B-Instruct/terminus2-480b/build-initramfs-qemu/build-initramfs-qemu.1-of-1.2025-12-16__02-57-21/agent-logs/episode-28/prompt.txt", "line_start": 1, "line_end": 4, "content": "New Terminal Output:\n\nroot@rack-ge107-ya-20250517193277:/app/initramfs# chmod 700 root\nroot@rack-ge107-ya-20250517193277:/app/initramfs#\n"}}, {"step_id": 29, "action_ref": {"path": "terminus2/Qwen__Qwen3-Coder-480B-A35B-Instruct/terminus2-480b/build-initramfs-qemu/build-initramfs-qemu.1-of-1.2025-12-16__02-57-21/agent-logs/episode-28/response.txt", "line_start": 1, "line_end": 11, "content": "{\n  \"analysis\": \"I've set the correct permissions for the root home directory. Now I'm ready to package the initramfs into a compressed cpio archive.\",\n  \"plan\": \"I'll use find and cpio to create an archive of all files in the initramfs directory, then compress it with gzip to create the final initramfs.cpio.gz file. I'll place this file in the /app/ramfs directory as specified in the QEMU command.\",\n  \"commands\": [\n    {\n      \"keystrokes\": \"cd ..\\n\",\n      \"duration\": 0.1\n    }\n  ],\n  \"task_complete\": false\n}"}, "observation_ref": {"path": "terminus2/Qwen__Qwen3-Coder-480B-A35B-Instruct/terminus2-480b/build-initramfs-qemu/build-initramfs-qemu.1-of-1.2025-12-16__02-57-21/agent-logs/episode-29/prompt.txt", "line_start": 1, "line_end": 4, "content": "New Terminal Output:\n\nroot@rack-ge107-ya-20250517193277:/app/initramfs# cd ..\nroot@rack-ge107-ya-20250517193277:/app#\n"}}, {"step_id": 30, "action_ref": {"path": "terminus2/Qwen__Qwen3-Coder-480B-A35B-Instruct/terminus2-480b/build-initramfs-qemu/build-initramfs-qemu.1-of-1.2025-12-16__02-57-21/agent-logs/episode-29/response.txt", "line_start": 1, "line_end": 11, "content": "{\n  \"analysis\": \"I'm now in the /app directory. I need to create the ramfs directory and then package the initramfs.\",\n  \"plan\": \"I'll create the /app/ramfs directory where the final initramfs.cpio.gz file should be placed. Then I'll create the cpio archive from the initramfs directory and compress it with gzip.\",\n  \"commands\": [\n    {\n      \"keystrokes\": \"mkdir -p ramfs\\n\",\n      \"duration\": 0.1\n    }\n  ],\n  \"task_complete\": false\n}"}, "observation_ref": {"path": "terminus2/Qwen__Qwen3-Coder-480B-A35B-Instruct/terminus2-480b/build-initramfs-qemu/build-initramfs-qemu.1-of-1.2025-12-16__02-57-21/agent-logs/episode-30/prompt.txt", "line_start": 1, "line_end": 4, "content": "New Terminal Output:\n\nroot@rack-ge107-ya-20250517193277:/app# mkdir -p ramfs\nroot@rack-ge107-ya-20250517193277:/app#\n"}}, {"step_id": 31, "action_ref": {"path": "terminus2/Qwen__Qwen3-Coder-480B-A35B-Instruct/terminus2-480b/build-initramfs-qemu/build-initramfs-qemu.1-of-1.2025-12-16__02-57-21/agent-logs/episode-30/response.txt", "line_start": 1, "line_end": 11, "content": "{\n  \"analysis\": \"I've created the ramfs directory. Now I'll create the cpio archive and compress it.\",\n  \"plan\": \"I'll change to the initramfs directory, use find to list all files, pipe that to cpio to create an archive, and then pipe that to gzip to create the compressed initramfs.cpio.gz file in the /app/ramfs directory.\",\n  \"commands\": [\n    {\n      \"keystrokes\": \"cd initramfs && find . -print0 | cpio --null -ov --format=newc | gzip > /app/ramfs/initramfs.cpio.gz\\n\",\n      \"duration\": 2.0\n    }\n  ],\n  \"task_complete\": false\n}"}, "observation_ref": {"path": "terminus2/Qwen__Qwen3-Coder-480B-A35B-Instruct/terminus2-480b/build-initramfs-qemu/build-initramfs-qemu.1-of-1.2025-12-16__02-57-21/agent-logs/episode-31/prompt.txt", "line_start": 1, "line_end": 32, "content": "New Terminal Output:\n\nroot@rack-ge107-ya-20250517193277:/app# cd initramfs && find . -print0 | cpio --null -ov --format=newc | gzip > /app/ramfs/initramfs.cpio.gz\n.\n./sbin\n./proc\n./lib64\n./lib64/ld-linux-x86-64.so.2\n./dev\n./dev/ttyS0\n./dev/null\n./dev/zero\n./dev/console\n./bin\n./bin/bash\n./bin/ls\n./bin/cat\n./bin/sh\n./lib\n./lib/x86_64-linux-gnu\n./lib/x86_64-linux-gnu/libc.so.6\n./lib/x86_64-linux-gnu/libtinfo.so.6\n./lib/x86_64-linux-gnu/libselinux.so.1\n./lib/x86_64-linux-gnu/libpcre2-8.so.0\n./etc\n./etc/group\n./etc/passwd\n./root\n./sys\n./init\n7679 blocks\nroot@rack-ge107-ya-20250517193277:/app/initramfs#\n"}}, {"step_id": 32, "action_ref": {"path": "terminus2/Qwen__Qwen3-Coder-480B-A35B-Instruct/terminus2-480b/build-initramfs-qemu/build-initramfs-qemu.1-of-1.2025-12-16__02-57-21/agent-logs/episode-31/response.txt", "line_start": 1, "line_end": 11, "content": "{\n  \"analysis\": \"I've successfully created the initramfs.cpio.gz file in the /app/ramfs directory. Now I should verify that it exists and test if it works with QEMU as specified in the task.\",\n  \"plan\": \"I'll check that the initramfs.cpio.gz file was created correctly. Then I'll run the QEMU command specified in the task to verify that the initramfs works properly with the custom kernel.\",\n  \"commands\": [\n    {\n      \"keystrokes\": \"ls -l /app/ramfs/initramfs.cpio.gz\\n\",\n      \"duration\": 0.1\n    }\n  ],\n  \"task_complete\": false\n}"}, "observation_ref": {"path": "terminus2/Qwen__Qwen3-Coder-480B-A35B-Instruct/terminus2-480b/build-initramfs-qemu/build-initramfs-qemu.1-of-1.2025-12-16__02-57-21/agent-logs/episode-32/prompt.txt", "line_start": 1, "line_end": 5, "content": "New Terminal Output:\n\nroot@rack-ge107-ya-20250517193277:/app/initramfs# ls -l /app/ramfs/initramfs.cpio.gz\n-rw-r--r-- 1 root root 1810094 Dec 16 05:41 /app/ramfs/initramfs.cpio.gz\nroot@rack-ge107-ya-20250517193277:/app/initramfs#\n"}}, {"step_id": 33, "action_ref": {"path": "terminus2/Qwen__Qwen3-Coder-480B-A35B-Instruct/terminus2-480b/build-initramfs-qemu/build-initramfs-qemu.1-of-1.2025-12-16__02-57-21/agent-logs/episode-32/response.txt", "line_start": 1, "line_end": 11, "content": "{\n  \"analysis\": \"The initramfs.cpio.gz file has been successfully created with a size of about 1.8MB. Now I'll test it with the QEMU command specified in the task to ensure it works correctly.\",\n  \"plan\": \"I'll run the exact QEMU command specified in the task: qemu-system-x86_64 -kernel /app/linux-6.9/arch/x86/boot/bzImage -initrd /app/ramfs/initramfs.cpio.gz -append \\\"console=ttyS0\\\" -nographic. I expect to see the kernel boot messages and eventually get a shell prompt as root.\",\n  \"commands\": [\n    {\n      \"keystrokes\": \"qemu-system-x86_64 -kernel /app/linux-6.9/arch/x86/boot/bzImage -initrd /app/ramfs/initramfs.cpio.gz -append \\\"console=ttyS0\\\" -nographic\\n\",\n      \"duration\": 5.0\n    }\n  ],\n  \"task_complete\": false\n}"}, "observation_ref": {"path": "terminus2/Qwen__Qwen3-Coder-480B-A35B-Instruct/terminus2-480b/build-initramfs-qemu/build-initramfs-qemu.1-of-1.2025-12-16__02-57-21/agent-logs/episode-33/prompt.txt", "line_start": 1, "line_end": 162, "content": "New Terminal Output:\n\nroot@rack-ge107-ya-20250517193277:/app/initramfs# qemu-system-x86_64 -kernel /app/linux-6.9/arch/x86/boot/bzImage -initrd /app/ramfs/initramfs.cpio.gz -append \"\nconsole=ttyS0\" -nographic\nSeaBIOS (version 1.16.3-debian-1.16.3-2)\n\n\niPXE (https://ipxe.org) 00:03.0 CA00 PCI2.10 PnP PMM+06FCAE00+06F0AE00 CA00\n\n\n\nBooting from ROM..\n[    0.000000] Linux version 6.9.0 (root@buildkitsandbox) (gcc (Ubuntu 13.3.0-6ubuntu2~24.04) 13.3.0, GNU ld (GNU Binutils for Ubuntu) 2.42) #1 SMP PREEMPT_DYN5\n[    0.000000] Command line: console=ttyS0\n[    0.000000] BIOS-provided physical RAM map:\n[    0.000000] BIOS-e820: [mem 0x0000000000000000-0x000000000009fbff] usable\n[    0.000000] BIOS-e820: [mem 0x000000000009fc00-0x000000000009ffff] reserved\n[    0.000000] BIOS-e820: [mem 0x00000000000f0000-0x00000000000fffff] reserved\n[    0.000000] BIOS-e820: [mem 0x0000000000100000-0x0000000007fdffff] usable\n[    0.000000] BIOS-e820: [mem 0x0000000007fe0000-0x0000000007ffffff] reserved\n[    0.000000] BIOS-e820: [mem 0x00000000fffc0000-0x00000000ffffffff] reserved\n[    0.000000] BIOS-e820: [mem 0x000000fd00000000-0x000000ffffffffff] reserved\n[    0.000000] NX (Execute Disable) protection: active\n[    0.000000] APIC: Static calls initialized\n[    0.000000] SMBIOS 3.0.0 present.\n[    0.000000] DMI: QEMU Ubuntu 24.04 PC (i440FX + PIIX, 1996), BIOS 1.16.3-debian-1.16.3-2 04/01/2014\n[    0.000000] tsc: Fast TSC calibration using PIT\n[    0.000000] tsc: Detected 2100.051 MHz processor\n[    0.009041] last_pfn = 0x7fe0 max_arch_pfn = 0x400000000\n[    0.009778] MTRR map: 4 entries (3 fixed + 1 variable; max 19), built from 8 variable MTRRs\n[    0.009969] x86/PAT: Configuration [0-7]: WB  WC  UC- UC  WB  WP  UC- WT\n[    0.030549] found SMP MP-table at [mem 0x000f5480-0x000f548f]\n[    0.035633] RAMDISK: [mem 0x07e26000-0x07fdffff]\n[    0.036168] ACPI: Early table checksum verification disabled\n[    0.036541] ACPI: RSDP 0x00000000000F52A0 000014 (v00 BOCHS )\n[    0.036881] ACPI: RSDT 0x0000000007FE1C52 000034 (v01 BOCHS  BXPC     00000001 BXPC 00000001)\n[    0.037532] ACPI: FACP 0x0000000007FE1B06 000074 (v01 BOCHS  BXPC     00000001 BXPC 00000001)\n[    0.038269] ACPI: DSDT 0x0000000007FE0040 001AC6 (v01 BOCHS  BXPC     00000001 BXPC 00000001)\n[    0.038371] ACPI: FACS 0x0000000007FE0000 000040\n[    0.038435] ACPI: APIC 0x0000000007FE1B7A 000078 (v03 BOCHS  BXPC     00000001 BXPC 00000001)\n[    0.038468] ACPI: HPET 0x0000000007FE1BF2 000038 (v01 BOCHS  BXPC     00000001 BXPC 00000001)\n[    0.038498] ACPI: WAET 0x0000000007FE1C2A 000028 (v01 BOCHS  BXPC     00000001 BXPC 00000001)\n[    0.038592] ACPI: Reserving FACP table memory at [mem 0x7fe1b06-0x7fe1b79]\n[    0.038617] ACPI: Reserving DSDT table memory at [mem 0x7fe0040-0x7fe1b05]\n[    0.038627] ACPI: Reserving FACS table memory at [mem 0x7fe0000-0x7fe003f]\n[    0.038635] ACPI: Reserving APIC table memory at [mem 0x7fe1b7a-0x7fe1bf1]\n[    0.038642] ACPI: Reserving HPET table memory at [mem 0x7fe1bf2-0x7fe1c29]\n[    0.038650] ACPI: Reserving WAET table memory at [mem 0x7fe1c2a-0x7fe1c51]\n[    0.040905] No NUMA configuration found\n[    0.040931] Faking a node at [mem 0x0000000000000000-0x0000000007fdffff]\n[    0.041551] NODE_DATA(0) allocated [mem 0x07e22000-0x07e25fff]\n[    0.043822] Zone ranges:\n[    0.043857]   DMA      [mem 0x0000000000001000-0x0000000000ffffff]\n[    0.043941]   DMA32    [mem 0x0000000001000000-0x0000000007fdffff]\n[    0.043954]   Normal   empty\n[    0.043980] Movable zone start for each node\n[    0.044008] Early memory node ranges\n[    0.044045]   node   0: [mem 0x0000000000001000-0x000000000009efff]\n[    0.044222]   node   0: [mem 0x0000000000100000-0x0000000007fdffff]\n[    0.044464] Initmem setup node 0 [mem 0x0000000000001000-0x0000000007fdffff]\n[    0.045395] On node 0, zone DMA: 1 pages in unavailable ranges\n[    0.045757] On node 0, zone DMA: 97 pages in unavailable ranges\n[    0.047128] On node 0, zone DMA32: 32 pages in unavailable ranges\n[    0.047608] ACPI: PM-Timer IO Port: 0x608\n[    0.047953] ACPI: LAPIC_NMI (acpi_id[0xff] dfl dfl lint[0x1])\n[    0.048386] IOAPIC[0]: apic_id 0, version 32, address 0xfec00000, GSI 0-23\n[    0.048530] ACPI: INT_SRC_OVR (bus 0 bus_irq 0 global_irq 2 dfl dfl)\n[    0.048816] ACPI: INT_SRC_OVR (bus 0 bus_irq 5 global_irq 5 high level)\n[    0.048879] ACPI: INT_SRC_OVR (bus 0 bus_irq 9 global_irq 9 high level)\n[    0.048987] ACPI: INT_SRC_OVR (bus 0 bus_irq 10 global_irq 10 high level)\n[    0.048997] ACPI: INT_SRC_OVR (bus 0 bus_irq 11 global_irq 11 high level)\n[    0.049224] ACPI: Using ACPI (MADT) for SMP configuration information\n[    0.049268] ACPI: HPET id: 0x8086a201 base: 0xfed00000\n[    0.049681] CPU topo: Max. logical packages:   1\n[    0.049695] CPU topo: Max. logical dies:       1\n[    0.049708] CPU topo: Max. dies per package:   1\n[    0.049766] CPU topo: Max. threads per core:   1\n[    0.049948] CPU topo: Num. cores per package:     1\n[    0.049966] CPU topo: Num. threads per package:   1\n[    0.049976] CP\n[... output limited to 10000 bytes; 71 interior bytes omitted ...]\n9-2006 Intel Corporation\n[    2.362852] e1000: Intel(R) PRO/1000 Network Driver\n[    2.362988] e1000: Copyright (c) 1999-2006 Intel Corporation.\n[    2.372276] tsc: Refined TSC clocksource calibration: 2100.058 MHz\n[    2.372895] clocksource: tsc: mask: 0xffffffffffffffff max_cycles: 0x1e45673f67e, max_idle_ns: 440795235637 ns\n[    2.373328] clocksource: Switched to clocksource tsc\n[    2.499070] ACPI: \\_SB_.LNKC: Enabled at IRQ 11\n[    2.516607] ata2: found unknown device (class 0)\n[    2.526544] ata2.00: ATAPI: QEMU DVD-ROM, 2.5+, max UDMA/100\n[    2.546504] scsi 1:0:0:0: CD-ROM            QEMU     QEMU DVD-ROM     2.5+ PQ: 0 ANSI: 5\n[    2.579793] sr 1:0:0:0: [sr0] scsi3-mmc drive: 4x/4x cd/rw xa/form2 tray\n[    2.580257] cdrom: Uniform CD-ROM driver Revision: 3.20\n[    2.599306] sr 1:0:0:0: Attached scsi generic sg0 type 5\n[    2.816870] e1000 0000:00:03.0 eth0: (PCI:33MHz:32-bit) 52:54:00:12:34:56\n[    2.817537] e1000 0000:00:03.0 eth0: Intel(R) PRO/1000 Network Connection\n[    2.818344] e1000e: Intel(R) PRO/1000 Network Driver\n[    2.818498] e1000e: Copyright(c) 1999 - 2015 Intel Corporation.\n[    2.818776] sky2: driver version 1.30\n[    2.820935] usbcore: registered new interface driver usblp\n[    2.821290] usbcore: registered new interface driver usb-storage\n[    2.822394] i8042: PNP: PS/2 Controller [PNP0303:KBD,PNP0f13:MOU] at 0x60,0x64 irq 1,12\n[    2.826163] serio: i8042 KBD port at 0x60,0x64 irq 1\n[    2.826517] serio: i8042 AUX port at 0x60,0x64 irq 12\n[    2.829236] rtc_cmos 00:05: RTC can wake from S4\n[    2.833713] input: AT Translated Set 2 keyboard as /devices/platform/i8042/serio0/input/input1\n[    2.836954] rtc_cmos 00:05: registered as rtc0\n[    2.838128] rtc_cmos 00:05: alarms up to one day, y3k, 242 bytes nvram, hpet irqs\n[    2.840508] fail to initialize ptp_kvm\n[    2.842245] device-mapper: ioctl: 4.48.0-ioctl (2023-03-01) initialised: dm-devel@lists.linux.dev\n[    2.842885] amd_pstate: the _CPC object is not present in SBIOS or ACPI disabled\n[    2.844752] hid: raw HID events driver (C) Jiri Kosina\n[    2.846278] usbcore: registered new interface driver usbhid\n[    2.846460] usbhid: USB HID core driver\n[    2.855265] Initializing XFRM netlink socket\n[    2.855826] NET: Registered PF_INET6 protocol family\n[    2.863495] Segment Routing with IPv6\n[    2.863833] In-situ OAM (IOAM) with IPv6\n[    2.865050] sit: IPv6, IPv4 and MPLS over IPv4 tunneling driver\n[    2.868045] NET: Registered PF_PACKET protocol family\n[    2.869658] 9pnet: Installing 9P2000 support\n[    2.870154] Key type dns_resolver registered\n[    2.872523] IPI shorthand broadcast: enabled\n[    2.895940] sched_clock: Marking stable (2860016531, 35082171)->(2902769953, -7671251)\n[    2.898336] registered taskstats version 1\n[    2.898518] Loading compiled-in X.509 certificates\n[    2.912925] PM:   Magic number: 5:452:719\n[    2.913966] printk: legacy console [netcon0] enabled\n[    2.914235] netconsole: network logging started\n[    2.915551] cfg80211: Loading compiled-in X.509 certificates for regulatory database\n[    2.924745] kworker/u4:0 (47) used greatest stack depth: 15224 bytes left\n[    2.936375] Loaded X.509 cert 'sforshee: 00b28ddf47aef9cea7'\n[    2.937285] Loaded X.509 cert 'wens: 61c038651aabdcf94bd0ac7ff06c7248db18c600'\n[    2.939844] ALSA device list:\n[    2.940023]   No soundcards found.\n[    2.941598] platform regulatory.0: Direct firmware load for regulatory.db failed with error -2\n[    2.942156] cfg80211: failed to load regulatory.db\n[    3.016707] Freeing unused kernel image (initmem) memory: 2704K\n[    3.017087] Write protecting the kernel read-only data: 26624k\n[    3.019779] Freeing unused kernel image (rodata/data gap) memory: 1488K\n[    3.166347] x86/mm: Checked W+X mappings: passed, no W+X pages found.\n[    3.167431] Run /init as init process\n[    3.179731] Failed to execute /init (error -2)\n[    3.179892] Run /sbin/init as init process\n[    3.180087] Run /etc/init as init process\n[    3.180421] Run /bin/init as init process\n[    3.180576] Run /bin/sh as init process\n[    3.180893] Kernel panic - not syncing: No working init found.  Try passing init= option to kernel. See Linux Documentation/admin-guide/init.rst for guidanc.\n[    3.181500] CPU: 0 PID: 1 Comm: swapper/0 Not tainted 6.9.0 #1\n[    3.181669] Hardware name: QEMU Ubuntu 24.04 PC (i440FX + PIIX, 1996), BIOS 1.16.3-debian-1.16.3-2 04/01/2014\n[    3.182046] Call Trace:\n[    3.182776]  <TASK>\n[    3.183037]  panic+0x31d/0x350\n[    3.183467]  ? __pfx_kernel_init+0x10/0x10\n[    3.183582]  kernel_init+0x16e/0x1b0\n[    3.183702]  ret_from_fork+0x2f/0x50\n[    3.183791]  ? __pfx_kernel_init+0x10/0x10\n[    3.183888]  ret_from_fork_asm+0x1a/0x30\n[    3.184040]  </TASK>\n[    3.184528] Kernel Offset: 0x1c800000 from 0xffffffff81000000 (relocation range: 0xffffffff80000000-0xffffffffbfffffff)\n[    3.184993] ---[ end Kernel panic - not syncing: No working init found.  Try passing init= option to kernel. See Linux Documentation/admin-guide/init.rst fo-\n\n"}}, {"step_id": 34, "action_ref": {"path": "terminus2/Qwen__Qwen3-Coder-480B-A35B-Instruct/terminus2-480b/build-initramfs-qemu/build-initramfs-qemu.1-of-1.2025-12-16__02-57-21/agent-logs/episode-33/response.txt", "line_start": 1, "line_end": 11, "content": "{\n  \"analysis\": \"The kernel booted successfully, but there's an issue with the init script. The error shows 'Failed to execute /init (error -2)' which typically means 'No such file or directory'. This suggests there might be an issue with how the init script was created or with its interpreter. Let's stop the QEMU process and fix the init script.\",\n  \"plan\": \"I'll stop the QEMU process with Ctrl+C, then examine the init script to see what's wrong with it. The issue is likely related to the shebang line or how the script was created.\",\n  \"commands\": [\n    {\n      \"keystrokes\": \"C-c\",\n      \"duration\": 0.1\n    }\n  ],\n  \"task_complete\": false\n}"}, "observation_ref": {"path": "terminus2/Qwen__Qwen3-Coder-480B-A35B-Instruct/terminus2-480b/build-initramfs-qemu/build-initramfs-qemu.1-of-1.2025-12-16__02-57-21/agent-logs/episode-34/prompt.txt", "line_start": 1, "line_end": 4, "content": "New Terminal Output:\n\n[    3.184993] ---[ end Kernel panic - not syncing: No working init found.  Try passing init= option to kernel. See Linux Documentation/admin-guide/init.rst fo-\n\n"}}, {"step_id": 35, "action_ref": {"path": "terminus2/Qwen__Qwen3-Coder-480B-A35B-Instruct/terminus2-480b/build-initramfs-qemu/build-initramfs-qemu.1-of-1.2025-12-16__02-57-21/agent-logs/episode-34/response.txt", "line_start": 1, "line_end": 11, "content": "{\n  \"analysis\": \"Let's try Ctrl+C again to terminate the QEMU process.\",\n  \"plan\": \"Sending Ctrl+C again to try to terminate the QEMU process. After that, I'll check the init script to see what's wrong with it.\",\n  \"commands\": [\n    {\n      \"keystrokes\": \"C-c\",\n      \"duration\": 0.1\n    }\n  ],\n  \"task_complete\": false\n}"}, "observation_ref": {"path": "terminus2/Qwen__Qwen3-Coder-480B-A35B-Instruct/terminus2-480b/build-initramfs-qemu/build-initramfs-qemu.1-of-1.2025-12-16__02-57-21/agent-logs/episode-35/prompt.txt", "line_start": 1, "line_end": 4, "content": "New Terminal Output:\n\n[    3.184993] ---[ end Kernel panic - not syncing: No working init found.  Try passing init= option to kernel. See Linux Documentation/admin-guide/init.rst fo-\n\n"}}, {"step_id": 36, "action_ref": {"path": "terminus2/Qwen__Qwen3-Coder-480B-A35B-Instruct/terminus2-480b/build-initramfs-qemu/build-initramfs-qemu.1-of-1.2025-12-16__02-57-21/agent-logs/episode-35/response.txt", "line_start": 1, "line_end": 11, "content": "{\n  \"analysis\": \"The QEMU process seems to be stuck. Let's try sending Ctrl+] which is often used to exit the QEMU monitor.\",\n  \"plan\": \"Sending Ctrl+] to try to exit QEMU. After that, I'll examine the init script to identify and fix the issue.\",\n  \"commands\": [\n    {\n      \"keystrokes\": \"C-]\",\n      \"duration\": 0.1\n    }\n  ],\n  \"task_complete\": false\n}"}, "observation_ref": {"path": "terminus2/Qwen__Qwen3-Coder-480B-A35B-Instruct/terminus2-480b/build-initramfs-qemu/build-initramfs-qemu.1-of-1.2025-12-16__02-57-21/agent-logs/episode-36/prompt.txt", "line_start": 1, "line_end": 4, "content": "New Terminal Output:\n\n[    3.184993] ---[ end Kernel panic - not syncing: No working init found.  Try passing init= option to kernel. See Linux Documentation/admin-guide/init.rst fo-\n\n"}}, {"step_id": 37, "action_ref": {"path": "terminus2/Qwen__Qwen3-Coder-480B-A35B-Instruct/terminus2-480b/build-initramfs-qemu/build-initramfs-qemu.1-of-1.2025-12-16__02-57-21/agent-logs/episode-36/response.txt", "line_start": 1, "line_end": 11, "content": "{\n  \"analysis\": \"Let's try Ctrl+A followed by X, which is another common QEMU exit sequence.\",\n  \"plan\": \"Sending Ctrl+A followed by X to try to exit QEMU. After that, I'll examine the init script to identify and fix the issue.\",\n  \"commands\": [\n    {\n      \"keystrokes\": \"C-a\",\n      \"duration\": 0.1\n    }\n  ],\n  \"task_complete\": false\n}"}, "observation_ref": {"path": "terminus2/Qwen__Qwen3-Coder-480B-A35B-Instruct/terminus2-480b/build-initramfs-qemu/build-initramfs-qemu.1-of-1.2025-12-16__02-57-21/agent-logs/episode-37/prompt.txt", "line_start": 1, "line_end": 4, "content": "New Terminal Output:\n\n[    3.184993] ---[ end Kernel panic - not syncing: No working init found.  Try passing init= option to kernel. See Linux Documentation/admin-guide/init.rst fo-\n\n"}}, {"step_id": 38, "action_ref": {"path": "terminus2/Qwen__Qwen3-Coder-480B-A35B-Instruct/terminus2-480b/build-initramfs-qemu/build-initramfs-qemu.1-of-1.2025-12-16__02-57-21/agent-logs/episode-37/response.txt", "line_start": 1, "line_end": 11, "content": "{\n  \"analysis\": \"Now sending 'x' to complete the Ctrl+A, X sequence.\",\n  \"plan\": \"Sending 'x' to complete the QEMU exit sequence. After that, I'll examine the init script to identify and fix the issue.\",\n  \"commands\": [\n    {\n      \"keystrokes\": \"x\",\n      \"duration\": 0.1\n    }\n  ],\n  \"task_complete\": false\n}"}, "observation_ref": {"path": "terminus2/Qwen__Qwen3-Coder-480B-A35B-Instruct/terminus2-480b/build-initramfs-qemu/build-initramfs-qemu.1-of-1.2025-12-16__02-57-21/agent-logs/episode-38/prompt.txt", "line_start": 1, "line_end": 5, "content": "New Terminal Output:\n\n[    3.184993] ---[ end Kernel panic - not syncing: No working init found.  Try passing init= option to kernel. See Linux Documentation/admin-guide/init.rst fo-\nQEMU: Terminated\nroot@rack-ge107-ya-20250517193277:/app/initramfs#\n"}}, {"step_id": 39, "action_ref": {"path": "terminus2/Qwen__Qwen3-Coder-480B-A35B-Instruct/terminus2-480b/build-initramfs-qemu/build-initramfs-qemu.1-of-1.2025-12-16__02-57-21/agent-logs/episode-38/response.txt", "line_start": 1, "line_end": 11, "content": "{\n  \"analysis\": \"Successfully exited QEMU. Now I need to check the init script to see what's wrong with it. The error indicates that the kernel couldn't execute the /init script.\",\n  \"plan\": \"I'll examine the init script to check if it was created correctly and if the shebang line is proper. I suspect there might be an issue with how the script was created or with the line endings.\",\n  \"commands\": [\n    {\n      \"keystrokes\": \"cat init\\n\",\n      \"duration\": 0.1\n    }\n  ],\n  \"task_complete\": false\n}"}, "observation_ref": {"path": "terminus2/Qwen__Qwen3-Coder-480B-A35B-Instruct/terminus2-480b/build-initramfs-qemu/build-initramfs-qemu.1-of-1.2025-12-16__02-57-21/agent-logs/episode-39/prompt.txt", "line_start": 1, "line_end": 21, "content": "New Terminal Output:\n\nroot@rack-ge107-ya-20250517193277:/app/initramfs# cat init\n#!/bin/sh\n\n# Mount necessary filesystems\nmount -t proc none /proc\nmount -t sysfs none /sys\nmount -t devtmpfs none /dev\n\n# Create device nodes (in case devtmpfs didn't)\nmknod -m 666 /dev/null c 1 3 2>/dev/null || true\nmknod -m 666 /dev/zero c 1 5 2>/dev/null || true\n\n# Print boot message\necho \"Custom Linux Kernel Booted Successfully\"\necho \"Login as 'root' with no password\"\n\n# Start shell on serial console\nsetsid sh -c 'exec sh </dev/ttyS0 >/dev/ttyS0 2>&1'\nroot@rack-ge107-ya-20250517193277:/app/initramfs#\n"}}, {"step_id": 40, "action_ref": {"path": "terminus2/Qwen__Qwen3-Coder-480B-A35B-Instruct/terminus2-480b/build-initramfs-qemu/build-initramfs-qemu.1-of-1.2025-12-16__02-57-21/agent-logs/episode-39/response.txt", "line_start": 1, "line_end": 11, "content": "{\n  \"analysis\": \"The init script looks correct. Let's check if it has the right permissions and if the /bin/sh interpreter exists in our initramfs.\",\n  \"plan\": \"I'll check the permissions of the init script and verify that /bin/sh exists in the initramfs. If both are correct, I'll recreate the initramfs to ensure it's properly packaged.\",\n  \"commands\": [\n    {\n      \"keystrokes\": \"ls -l init\\n\",\n      \"duration\": 0.1\n    }\n  ],\n  \"task_complete\": false\n}"}, "observation_ref": {"path": "terminus2/Qwen__Qwen3-Coder-480B-A35B-Instruct/terminus2-480b/build-initramfs-qemu/build-initramfs-qemu.1-of-1.2025-12-16__02-57-21/agent-logs/episode-40/prompt.txt", "line_start": 1, "line_end": 5, "content": "New Terminal Output:\n\nroot@rack-ge107-ya-20250517193277:/app/initramfs# ls -l init\n-rwxr-xr-x 1 root root 460 Dec 16 05:41 init\nroot@rack-ge107-ya-20250517193277:/app/initramfs#\n"}}, {"step_id": 41, "action_ref": {"path": "terminus2/Qwen__Qwen3-Coder-480B-A35B-Instruct/terminus2-480b/build-initramfs-qemu/build-initramfs-qemu.1-of-1.2025-12-16__02-57-21/agent-logs/episode-40/response.txt", "line_start": 1, "line_end": 11, "content": "{\n  \"analysis\": \"The init script has the correct permissions (executable). Now let's check if /bin/sh exists in the initramfs.\",\n  \"plan\": \"I'll verify that /bin/sh exists in the initramfs. If it does, I'll recreate the initramfs to ensure it's properly packaged and try running QEMU again.\",\n  \"commands\": [\n    {\n      \"keystrokes\": \"ls -l bin/sh\\n\",\n      \"duration\": 0.1\n    }\n  ],\n  \"task_complete\": false\n}"}, "observation_ref": {"path": "terminus2/Qwen__Qwen3-Coder-480B-A35B-Instruct/terminus2-480b/build-initramfs-qemu/build-initramfs-qemu.1-of-1.2025-12-16__02-57-21/agent-logs/episode-41/prompt.txt", "line_start": 1, "line_end": 5, "content": "New Terminal Output:\n\nroot@rack-ge107-ya-20250517193277:/app/initramfs# ls -l bin/sh\nlrwxrwxrwx 1 root root 4 Dec 16 05:40 bin/sh -> dash\nroot@rack-ge107-ya-20250517193277:/app/initramfs#\n"}}, {"step_id": 42, "action_ref": {"path": "terminus2/Qwen__Qwen3-Coder-480B-A35B-Instruct/terminus2-480b/build-initramfs-qemu/build-initramfs-qemu.1-of-1.2025-12-16__02-57-21/agent-logs/episode-41/response.txt", "line_start": 1, "line_end": 11, "content": "{\n  \"analysis\": \"The /bin/sh is a symlink to dash, but we haven't copied the dash binary to the initramfs. That's likely the issue. We need to copy the actual dash binary to the initramfs.\",\n  \"plan\": \"I'll copy the dash binary to the initramfs bin directory. Then I'll recreate the initramfs and test it again with QEMU.\",\n  \"commands\": [\n    {\n      \"keystrokes\": \"cp -a /bin/dash bin/\\n\",\n      \"duration\": 0.1\n    }\n  ],\n  \"task_complete\": false\n}"}, "observation_ref": {"path": "terminus2/Qwen__Qwen3-Coder-480B-A35B-Instruct/terminus2-480b/build-initramfs-qemu/build-initramfs-qemu.1-of-1.2025-12-16__02-57-21/agent-logs/episode-42/prompt.txt", "line_start": 1, "line_end": 4, "content": "New Terminal Output:\n\nroot@rack-ge107-ya-20250517193277:/app/initramfs# cp -a /bin/dash bin/\nroot@rack-ge107-ya-20250517193277:/app/initramfs#\n"}}, {"step_id": 43, "action_ref": {"path": "terminus2/Qwen__Qwen3-Coder-480B-A35B-Instruct/terminus2-480b/build-initramfs-qemu/build-initramfs-qemu.1-of-1.2025-12-16__02-57-21/agent-logs/episode-42/response.txt", "line_start": 1, "line_end": 11, "content": "{\n  \"analysis\": \"I've copied the dash binary to the initramfs. Now I need to check if it has any additional dependencies.\",\n  \"plan\": \"I'll check the dependencies of the dash binary and copy any additional libraries if needed. Then I'll recreate the initramfs and test it again with QEMU.\",\n  \"commands\": [\n    {\n      \"keystrokes\": \"ldd /bin/dash\\n\",\n      \"duration\": 0.1\n    }\n  ],\n  \"task_complete\": false\n}"}, "observation_ref": {"path": "terminus2/Qwen__Qwen3-Coder-480B-A35B-Instruct/terminus2-480b/build-initramfs-qemu/build-initramfs-qemu.1-of-1.2025-12-16__02-57-21/agent-logs/episode-43/prompt.txt", "line_start": 1, "line_end": 7, "content": "New Terminal Output:\n\nroot@rack-ge107-ya-20250517193277:/app/initramfs# ldd /bin/dash\n        linux-vdso.so.1 (0x00007ffd953bd000)\n        libc.so.6 => /lib/x86_64-linux-gnu/libc.so.6 (0x00007f46c4b1d000)\n        /lib64/ld-linux-x86-64.so.2 (0x00007f46c4d5b000)\nroot@rack-ge107-ya-20250517193277:/app/initramfs#\n"}}, {"step_id": 44, "action_ref": {"path": "terminus2/Qwen__Qwen3-Coder-480B-A35B-Instruct/terminus2-480b/build-initramfs-qemu/build-initramfs-qemu.1-of-1.2025-12-16__02-57-21/agent-logs/episode-43/response.txt", "line_start": 1, "line_end": 11, "content": "{\n  \"analysis\": \"The dash binary only requires libc and the dynamic linker, which we've already copied to the initramfs. Now I'll recreate the initramfs with the updated files.\",\n  \"plan\": \"I'll recreate the initramfs.cpio.gz file with the updated initramfs directory that now includes the dash binary. Then I'll test it again with QEMU.\",\n  \"commands\": [\n    {\n      \"keystrokes\": \"cd ..\\n\",\n      \"duration\": 0.1\n    }\n  ],\n  \"task_complete\": false\n}"}, "observation_ref": {"path": "terminus2/Qwen__Qwen3-Coder-480B-A35B-Instruct/terminus2-480b/build-initramfs-qemu/build-initramfs-qemu.1-of-1.2025-12-16__02-57-21/agent-logs/episode-44/prompt.txt", "line_start": 1, "line_end": 4, "content": "New Terminal Output:\n\nroot@rack-ge107-ya-20250517193277:/app/initramfs# cd ..\nroot@rack-ge107-ya-20250517193277:/app#\n"}}, {"step_id": 45, "action_ref": {"path": "terminus2/Qwen__Qwen3-Coder-480B-A35B-Instruct/terminus2-480b/build-initramfs-qemu/build-initramfs-qemu.1-of-1.2025-12-16__02-57-21/agent-logs/episode-44/response.txt", "line_start": 1, "line_end": 11, "content": "{\n  \"analysis\": \"I'm now in the /app directory. I'll recreate the initramfs archive.\",\n  \"plan\": \"I'll recreate the initramfs.cpio.gz file by packaging all the files in the initramfs directory again, now that we've added the dash binary. Then I'll test it with QEMU.\",\n  \"commands\": [\n    {\n      \"keystrokes\": \"cd initramfs && find . -print0 | cpio --null -ov --format=newc | gzip > /app/ramfs/initramfs.cpio.gz\\n\",\n      \"duration\": 2.0\n    }\n  ],\n  \"task_complete\": false\n}"}, "observation_ref": {"path": "terminus2/Qwen__Qwen3-Coder-480B-A35B-Instruct/terminus2-480b/build-initramfs-qemu/build-initramfs-qemu.1-of-1.2025-12-16__02-57-21/agent-logs/episode-45/prompt.txt", "line_start": 1, "line_end": 33, "content": "New Terminal Output:\n\nroot@rack-ge107-ya-20250517193277:/app# cd initramfs && find . -print0 | cpio --null -ov --format=newc | gzip > /app/ramfs/initramfs.cpio.gz\n.\n./sbin\n./proc\n./lib64\n./lib64/ld-linux-x86-64.so.2\n./dev\n./dev/ttyS0\n./dev/null\n./dev/zero\n./dev/console\n./bin\n./bin/dash\n./bin/bash\n./bin/ls\n./bin/cat\n./bin/sh\n./lib\n./lib/x86_64-linux-gnu\n./lib/x86_64-linux-gnu/libc.so.6\n./lib/x86_64-linux-gnu/libtinfo.so.6\n./lib/x86_64-linux-gnu/libselinux.so.1\n./lib/x86_64-linux-gnu/libpcre2-8.so.0\n./etc\n./etc/group\n./etc/passwd\n./root\n./sys\n./init\n7933 blocks\nroot@rack-ge107-ya-20250517193277:/app/initramfs#\n"}}, {"step_id": 46, "action_ref": {"path": "terminus2/Qwen__Qwen3-Coder-480B-A35B-Instruct/terminus2-480b/build-initramfs-qemu/build-initramfs-qemu.1-of-1.2025-12-16__02-57-21/agent-logs/episode-45/response.txt", "line_start": 1, "line_end": 11, "content": "{\n  \"analysis\": \"I've recreated the initramfs with the dash binary included. Now I'll test it with QEMU again.\",\n  \"plan\": \"I'll run the QEMU command again to see if the addition of the dash binary fixes the issue. I expect the kernel to boot and execute the init script successfully this time.\",\n  \"commands\": [\n    {\n      \"keystrokes\": \"qemu-system-x86_64 -kernel /app/linux-6.9/arch/x86/boot/bzImage -initrd /app/ramfs/initramfs.cpio.gz -append \\\"console=ttyS0\\\" -nographic\\n\",\n      \"duration\": 5.0\n    }\n  ],\n  \"task_complete\": false\n}"}, "observation_ref": {"path": "terminus2/Qwen__Qwen3-Coder-480B-A35B-Instruct/terminus2-480b/build-initramfs-qemu/build-initramfs-qemu.1-of-1.2025-12-16__02-57-21/agent-logs/episode-46/prompt.txt", "line_start": 1, "line_end": 161, "content": "New Terminal Output:\n\nroot@rack-ge107-ya-20250517193277:/app/initramfs# qemu-system-x86_64 -kernel /app/linux-6.9/arch/x86/boot/bzImage -initrd /app/ramfs/initramfs.cpio.gz -append c\nSeaBIOS (version 1.16.3-debian-1.16.3-2)\n\n\niPXE (https://ipxe.org) 00:03.0 CA00 PCI2.10 PnP PMM+06FCAE00+06F0AE00 CA00\n\n\n\nBooting from ROM..\n[    0.000000] Linux version 6.9.0 (root@buildkitsandbox) (gcc (Ubuntu 13.3.0-6ubuntu2~24.04) 13.3.0, GNU ld (GNU Binutils for Ubuntu) 2.42) #1 SMP PREEMPT_DYN5\n[    0.000000] Command line: console=ttyS0\n[    0.000000] BIOS-provided physical RAM map:\n[    0.000000] BIOS-e820: [mem 0x0000000000000000-0x000000000009fbff] usable\n[    0.000000] BIOS-e820: [mem 0x000000000009fc00-0x000000000009ffff] reserved\n[    0.000000] BIOS-e820: [mem 0x00000000000f0000-0x00000000000fffff] reserved\n[    0.000000] BIOS-e820: [mem 0x0000000000100000-0x0000000007fdffff] usable\n[    0.000000] BIOS-e820: [mem 0x0000000007fe0000-0x0000000007ffffff] reserved\n[    0.000000] BIOS-e820: [mem 0x00000000fffc0000-0x00000000ffffffff] reserved\n[    0.000000] BIOS-e820: [mem 0x000000fd00000000-0x000000ffffffffff] reserved\n[    0.000000] NX (Execute Disable) protection: active\n[    0.000000] APIC: Static calls initialized\n[    0.000000] SMBIOS 3.0.0 present.\n[    0.000000] DMI: QEMU Ubuntu 24.04 PC (i440FX + PIIX, 1996), BIOS 1.16.3-debian-1.16.3-2 04/01/2014\n[    0.000000] tsc: Fast TSC calibration using PIT\n[    0.000000] tsc: Detected 2100.108 MHz processor\n[    0.009043] last_pfn = 0x7fe0 max_arch_pfn = 0x400000000\n[    0.009778] MTRR map: 4 entries (3 fixed + 1 variable; max 19), built from 8 variable MTRRs\n[    0.009969] x86/PAT: Configuration [0-7]: WB  WC  UC- UC  WB  WP  UC- WT\n[    0.030468] found SMP MP-table at [mem 0x000f5480-0x000f548f]\n[    0.035596] RAMDISK: [mem 0x07e16000-0x07fdffff]\n[    0.036128] ACPI: Early table checksum verification disabled\n[    0.036504] ACPI: RSDP 0x00000000000F52A0 000014 (v00 BOCHS )\n[    0.036834] ACPI: RSDT 0x0000000007FE1C52 000034 (v01 BOCHS  BXPC     00000001 BXPC 00000001)\n[    0.037497] ACPI: FACP 0x0000000007FE1B06 000074 (v01 BOCHS  BXPC     00000001 BXPC 00000001)\n[    0.038214] ACPI: DSDT 0x0000000007FE0040 001AC6 (v01 BOCHS  BXPC     00000001 BXPC 00000001)\n[    0.038317] ACPI: FACS 0x0000000007FE0000 000040\n[    0.038380] ACPI: APIC 0x0000000007FE1B7A 000078 (v03 BOCHS  BXPC     00000001 BXPC 00000001)\n[    0.038411] ACPI: HPET 0x0000000007FE1BF2 000038 (v01 BOCHS  BXPC     00000001 BXPC 00000001)\n[    0.038441] ACPI: WAET 0x0000000007FE1C2A 000028 (v01 BOCHS  BXPC     00000001 BXPC 00000001)\n[    0.038534] ACPI: Reserving FACP table memory at [mem 0x7fe1b06-0x7fe1b79]\n[    0.038560] ACPI: Reserving DSDT table memory at [mem 0x7fe0040-0x7fe1b05]\n[    0.038569] ACPI: Reserving FACS table memory at [mem 0x7fe0000-0x7fe003f]\n[    0.038577] ACPI: Reserving APIC table memory at [mem 0x7fe1b7a-0x7fe1bf1]\n[    0.038585] ACPI: Reserving HPET table memory at [mem 0x7fe1bf2-0x7fe1c29]\n[    0.038592] ACPI: Reserving WAET table memory at [mem 0x7fe1c2a-0x7fe1c51]\n[    0.040836] No NUMA configuration found\n[    0.040863] Faking a node at [mem 0x0000000000000000-0x0000000007fdffff]\n[    0.041477] NODE_DATA(0) allocated [mem 0x07e12000-0x07e15fff]\n[    0.043760] Zone ranges:\n[    0.043788]   DMA      [mem 0x0000000000001000-0x0000000000ffffff]\n[    0.043881]   DMA32    [mem 0x0000000001000000-0x0000000007fdffff]\n[    0.043894]   Normal   empty\n[    0.043920] Movable zone start for each node\n[    0.043950] Early memory node ranges\n[    0.043985]   node   0: [mem 0x0000000000001000-0x000000000009efff]\n[    0.044175]   node   0: [mem 0x0000000000100000-0x0000000007fdffff]\n[    0.044409] Initmem setup node 0 [mem 0x0000000000001000-0x0000000007fdffff]\n[    0.045343] On node 0, zone DMA: 1 pages in unavailable ranges\n[    0.045703] On node 0, zone DMA: 97 pages in unavailable ranges\n[    0.047073] On node 0, zone DMA32: 32 pages in unavailable ranges\n[    0.047554] ACPI: PM-Timer IO Port: 0x608\n[    0.047902] ACPI: LAPIC_NMI (acpi_id[0xff] dfl dfl lint[0x1])\n[    0.048329] IOAPIC[0]: apic_id 0, version 32, address 0xfec00000, GSI 0-23\n[    0.048465] ACPI: INT_SRC_OVR (bus 0 bus_irq 0 global_irq 2 dfl dfl)\n[    0.048743] ACPI: INT_SRC_OVR (bus 0 bus_irq 5 global_irq 5 high level)\n[    0.048807] ACPI: INT_SRC_OVR (bus 0 bus_irq 9 global_irq 9 high level)\n[    0.048903] ACPI: INT_SRC_OVR (bus 0 bus_irq 10 global_irq 10 high level)\n[    0.048914] ACPI: INT_SRC_OVR (bus 0 bus_irq 11 global_irq 11 high level)\n[    0.049137] ACPI: Using ACPI (MADT) for SMP configuration information\n[    0.049181] ACPI: HPET id: 0x8086a201 base: 0xfed00000\n[    0.049598] CPU topo: Max. logical packages:   1\n[    0.049612] CPU topo: Max. logical dies:       1\n[    0.049625] CPU topo: Max. dies per package:   1\n[    0.049684] CPU topo: Max. threads per core:   1\n[    0.049871] CPU topo: Num. cores per package:     1\n[    0.049890] CPU topo: Num. threads per package:   1\n[    0.049900] CPU topo: Allowing 1 present\n[... output limited to 10000 bytes; 71 interior bytes omitted ...]\nA max MWDMA2 cmd 0x1f0 ctl 0x3f6 bmdma 0xc040 irq 14 lpm-pol 0\n[    2.378052] ata2: PATA max MWDMA2 cmd 0x170 ctl 0x376 bmdma 0xc048 irq 15 lpm-pol 0\n[    2.384878] e100: Intel(R) PRO/100 Network Driver\n[    2.385045] e100: Copyright(c) 1999-2006 Intel Corporation\n[    2.385298] e1000: Intel(R) PRO/1000 Network Driver\n[    2.385425] e1000: Copyright (c) 1999-2006 Intel Corporation.\n[    2.528283] ACPI: \\_SB_.LNKC: Enabled at IRQ 11\n[    2.541307] ata2: found unknown device (class 0)\n[    2.547610] ata2.00: ATAPI: QEMU DVD-ROM, 2.5+, max UDMA/100\n[    2.568255] scsi 1:0:0:0: CD-ROM            QEMU     QEMU DVD-ROM     2.5+ PQ: 0 ANSI: 5\n[    2.604957] sr 1:0:0:0: [sr0] scsi3-mmc drive: 4x/4x cd/rw xa/form2 tray\n[    2.605412] cdrom: Uniform CD-ROM driver Revision: 3.20\n[    2.620142] sr 1:0:0:0: Attached scsi generic sg0 type 5\n[    2.841985] e1000 0000:00:03.0 eth0: (PCI:33MHz:32-bit) 52:54:00:12:34:56\n[    2.842648] e1000 0000:00:03.0 eth0: Intel(R) PRO/1000 Network Connection\n[    2.843395] e1000e: Intel(R) PRO/1000 Network Driver\n[    2.843528] e1000e: Copyright(c) 1999 - 2015 Intel Corporation.\n[    2.843785] sky2: driver version 1.30\n[    2.845970] usbcore: registered new interface driver usblp\n[    2.846312] usbcore: registered new interface driver usb-storage\n[    2.847374] i8042: PNP: PS/2 Controller [PNP0303:KBD,PNP0f13:MOU] at 0x60,0x64 irq 1,12\n[    2.851148] serio: i8042 KBD port at 0x60,0x64 irq 1\n[    2.851564] serio: i8042 AUX port at 0x60,0x64 irq 12\n[    2.854327] rtc_cmos 00:05: RTC can wake from S4\n[    2.858830] input: AT Translated Set 2 keyboard as /devices/platform/i8042/serio0/input/input1\n[    2.862046] rtc_cmos 00:05: registered as rtc0\n[    2.863164] rtc_cmos 00:05: alarms up to one day, y3k, 242 bytes nvram, hpet irqs\n[    2.865614] fail to initialize ptp_kvm\n[    2.867435] device-mapper: ioctl: 4.48.0-ioctl (2023-03-01) initialised: dm-devel@lists.linux.dev\n[    2.868072] amd_pstate: the _CPC object is not present in SBIOS or ACPI disabled\n[    2.870002] hid: raw HID events driver (C) Jiri Kosina\n[    2.871562] usbcore: registered new interface driver usbhid\n[    2.871742] usbhid: USB HID core driver\n[    2.880627] Initializing XFRM netlink socket\n[    2.881217] NET: Registered PF_INET6 protocol family\n[    2.888877] Segment Routing with IPv6\n[    2.889254] In-situ OAM (IOAM) with IPv6\n[    2.890474] sit: IPv6, IPv4 and MPLS over IPv4 tunneling driver\n[    2.893418] NET: Registered PF_PACKET protocol family\n[    2.894983] 9pnet: Installing 9P2000 support\n[    2.895488] Key type dns_resolver registered\n[    2.897837] IPI shorthand broadcast: enabled\n[    2.921153] sched_clock: Marking stable (2884021034, 36175458)->(2926496872, -6300380)\n[    2.923779] registered taskstats version 1\n[    2.923948] Loading compiled-in X.509 certificates\n[    2.938864] PM:   Magic number: 5:452:719\n[    2.939942] printk: legacy console [netcon0] enabled\n[    2.940177] netconsole: network logging started\n[    2.941491] cfg80211: Loading compiled-in X.509 certificates for regulatory database\n[    2.950789] kworker/u4:1 (47) used greatest stack depth: 14304 bytes left\n[    2.962368] Loaded X.509 cert 'sforshee: 00b28ddf47aef9cea7'\n[    2.963293] Loaded X.509 cert 'wens: 61c038651aabdcf94bd0ac7ff06c7248db18c600'\n[    2.965002] ALSA device list:\n[    2.965171]   No soundcards found.\n[    2.967600] platform regulatory.0: Direct firmware load for regulatory.db failed with error -2\n[    2.968110] cfg80211: failed to load regulatory.db\n[    3.042502] Freeing unused kernel image (initmem) memory: 2704K\n[    3.042893] Write protecting the kernel read-only data: 26624k\n[    3.045589] Freeing unused kernel image (rodata/data gap) memory: 1488K\n[    3.194049] x86/mm: Checked W+X mappings: passed, no W+X pages found.\n[    3.195123] Run /init as init process\n[    3.208235] Failed to execute /init (error -2)\n[    3.208401] Run /sbin/init as init process\n[    3.208633] Run /etc/init as init process\n[    3.208798] Run /bin/init as init process\n[    3.208949] Run /bin/sh as init process\n[    3.209682] Kernel panic - not syncing: No working init found.  Try passing init= option to kernel. See Linux Documentation/admin-guide/init.rst for guidanc.\n[    3.210317] CPU: 0 PID: 1 Comm: swapper/0 Not tainted 6.9.0 #1\n[    3.210497] Hardware name: QEMU Ubuntu 24.04 PC (i440FX + PIIX, 1996), BIOS 1.16.3-debian-1.16.3-2 04/01/2014\n[    3.210856] Call Trace:\n[    3.211590]  <TASK>\n[    3.211856]  panic+0x31d/0x350\n[    3.212278]  ? __pfx_kernel_init+0x10/0x10\n[    3.212391]  kernel_init+0x16e/0x1b0\n[    3.212503]  ret_from_fork+0x2f/0x50\n[    3.212599]  ? __pfx_kernel_init+0x10/0x10\n[    3.212705]  ret_from_fork_asm+0x1a/0x30\n[    3.212858]  </TASK>\n[    3.213344] Kernel Offset: 0x17200000 from 0xffffffff81000000 (relocation range: 0xffffffff80000000-0xffffffffbfffffff)\n[    3.213833] ---[ end Kernel panic - not syncing: No working init found.  Try passing init= option to kernel. See Linux Documentation/admin-guide/init.rst fo-\n\n"}}, {"step_id": 47, "action_ref": {"path": "terminus2/Qwen__Qwen3-Coder-480B-A35B-Instruct/terminus2-480b/build-initramfs-qemu/build-initramfs-qemu.1-of-1.2025-12-16__02-57-21/agent-logs/episode-46/response.txt", "line_start": 1, "line_end": 11, "content": "{\n  \"analysis\": \"We're still getting the same error, which suggests there might be an issue with how the initramfs was packaged or with line endings in the init script. Let's exit QEMU and try a different approach.\",\n  \"plan\": \"I'll exit QEMU and create a simpler init script with proper line endings. I'll also ensure we're using a more straightforward approach to creating the initramfs.\",\n  \"commands\": [\n    {\n      \"keystrokes\": \"C-]\",\n      \"duration\": 0.1\n    }\n  ],\n  \"task_complete\": false\n}"}, "observation_ref": {"path": "terminus2/Qwen__Qwen3-Coder-480B-A35B-Instruct/terminus2-480b/build-initramfs-qemu/build-initramfs-qemu.1-of-1.2025-12-16__02-57-21/agent-logs/episode-47/prompt.txt", "line_start": 1, "line_end": 4, "content": "New Terminal Output:\n\n[    3.213833] ---[ end Kernel panic - not syncing: No working init found.  Try passing init= option to kernel. See Linux Documentation/admin-guide/init.rst fo-\n\n"}}, {"step_id": 48, "action_ref": {"path": "terminus2/Qwen__Qwen3-Coder-480B-A35B-Instruct/terminus2-480b/build-initramfs-qemu/build-initramfs-qemu.1-of-1.2025-12-16__02-57-21/agent-logs/episode-47/response.txt", "line_start": 1, "line_end": 11, "content": "{\n  \"analysis\": \"Let's try the Ctrl+A followed by X sequence to exit QEMU.\",\n  \"plan\": \"Sending Ctrl+A followed by X to exit QEMU. Then I'll create a simpler init script and recreate the initramfs.\",\n  \"commands\": [\n    {\n      \"keystrokes\": \"C-a\",\n      \"duration\": 0.1\n    }\n  ],\n  \"task_complete\": false\n}"}, "observation_ref": {"path": "terminus2/Qwen__Qwen3-Coder-480B-A35B-Instruct/terminus2-480b/build-initramfs-qemu/build-initramfs-qemu.1-of-1.2025-12-16__02-57-21/agent-logs/episode-48/prompt.txt", "line_start": 1, "line_end": 4, "content": "New Terminal Output:\n\n[    3.213833] ---[ end Kernel panic - not syncing: No working init found.  Try passing init= option to kernel. See Linux Documentation/admin-guide/init.rst fo-\n\n"}}, {"step_id": 49, "action_ref": {"path": "terminus2/Qwen__Qwen3-Coder-480B-A35B-Instruct/terminus2-480b/build-initramfs-qemu/build-initramfs-qemu.1-of-1.2025-12-16__02-57-21/agent-logs/episode-48/response.txt", "line_start": 1, "line_end": 11, "content": "{\n  \"analysis\": \"Now sending 'x' to complete the Ctrl+A, X sequence.\",\n  \"plan\": \"Sending 'x' to complete the QEMU exit sequence. Then I'll create a simpler init script and recreate the initramfs.\",\n  \"commands\": [\n    {\n      \"keystrokes\": \"x\",\n      \"duration\": 0.1\n    }\n  ],\n  \"task_complete\": false\n}"}, "observation_ref": {"path": "terminus2/Qwen__Qwen3-Coder-480B-A35B-Instruct/terminus2-480b/build-initramfs-qemu/build-initramfs-qemu.1-of-1.2025-12-16__02-57-21/agent-logs/episode-49/prompt.txt", "line_start": 1, "line_end": 5, "content": "New Terminal Output:\n\n[    3.213833] ---[ end Kernel panic - not syncing: No working init found.  Try passing init= option to kernel. See Linux Documentation/admin-guide/init.rst fo-\nQEMU: Terminated\nroot@rack-ge107-ya-20250517193277:/app/initramfs#\n"}}, {"step_id": 50, "action_ref": {"path": "terminus2/Qwen__Qwen3-Coder-480B-A35B-Instruct/terminus2-480b/build-initramfs-qemu/build-initramfs-qemu.1-of-1.2025-12-16__02-57-21/agent-logs/episode-49/response.txt", "line_start": 1, "line_end": 11, "content": "{\n  \"analysis\": \"Successfully exited QEMU. Now I'll create a simpler init script and recreate the initramfs.\",\n  \"plan\": \"I'll create a much simpler init script that just mounts necessary filesystems and starts a shell on ttyS0. I'll make sure it has the correct line endings and is executable. Then I'll recreate the initramfs and test it again.\",\n  \"commands\": [\n    {\n      \"keystrokes\": \"cat > init << 'EOF'\\n#!/bin/sh\\nmount -t proc none /proc\\nmount -t sysfs none /sys\\nmount -t devtmpfs none /dev\\necho \\\"Boot successful!\\\" > /dev/ttyS0\\nexec sh < /dev/ttyS0 > /dev/ttyS0 2> /dev/ttyS0\\nEOF\\n\",\n      \"duration\": 0.5\n    }\n  ],\n  \"task_complete\": false\n}"}, "observation_ref": {"path": "terminus2/Qwen__Qwen3-Coder-480B-A35B-Instruct/terminus2-480b/build-initramfs-qemu/build-initramfs-qemu.1-of-1.2025-12-16__02-57-21/agent-logs/episode-50/prompt.txt", "line_start": 1, "line_end": 11, "content": "New Terminal Output:\n\nroot@rack-ge107-ya-20250517193277:/app/initramfs# cat > init << 'EOF'\n> #!/bin/sh\n> mount -t proc none /proc\n> mount -t sysfs none /sys\n> mount -t devtmpfs none /dev\n> echo \"Boot successful!\" > /dev/ttyS0\n> exec sh < /dev/ttyS0 > /dev/ttyS0 2> /dev/ttyS0\n> EOF\nroot@rack-ge107-ya-20250517193277:/app/initramfs#\n"}}, {"step_id": 51, "action_ref": {"path": "terminus2/Qwen__Qwen3-Coder-480B-A35B-Instruct/terminus2-480b/build-initramfs-qemu/build-initramfs-qemu.1-of-1.2025-12-16__02-57-21/agent-logs/episode-50/response.txt", "line_start": 1, "line_end": 11, "content": "{\n  \"analysis\": \"I've created a simpler init script. Now I'll make sure it's executable and recreate the initramfs.\",\n  \"plan\": \"I'll ensure the init script has executable permissions. Then I'll recreate the initramfs.cpio.gz file with the updated initramfs directory. Finally, I'll test it with QEMU.\",\n  \"commands\": [\n    {\n      \"keystrokes\": \"chmod +x init\\n\",\n      \"duration\": 0.1\n    }\n  ],\n  \"task_complete\": false\n}"}, "observation_ref": {"path": "terminus2/Qwen__Qwen3-Coder-480B-A35B-Instruct/terminus2-480b/build-initramfs-qemu/build-initramfs-qemu.1-of-1.2025-12-16__02-57-21/agent-logs/episode-51/prompt.txt", "line_start": 1, "line_end": 4, "content": "New Terminal Output:\n\nroot@rack-ge107-ya-20250517193277:/app/initramfs# chmod +x init\nroot@rack-ge107-ya-20250517193277:/app/initramfs#\n"}}, {"step_id": 52, "action_ref": {"path": "terminus2/Qwen__Qwen3-Coder-480B-A35B-Instruct/terminus2-480b/build-initramfs-qemu/build-initramfs-qemu.1-of-1.2025-12-16__02-57-21/agent-logs/episode-51/response.txt", "line_start": 1, "line_end": 11, "content": "{\n  \"analysis\": \"I've ensured the init script is executable. Now I'll recreate the initramfs.\",\n  \"plan\": \"I'll recreate the initramfs.cpio.gz file by packaging all the files in the initramfs directory. Then I'll test it with QEMU.\",\n  \"commands\": [\n    {\n      \"keystrokes\": \"cd ..\\n\",\n      \"duration\": 0.1\n    }\n  ],\n  \"task_complete\": false\n}"}, "observation_ref": {"path": "terminus2/Qwen__Qwen3-Coder-480B-A35B-Instruct/terminus2-480b/build-initramfs-qemu/build-initramfs-qemu.1-of-1.2025-12-16__02-57-21/agent-logs/episode-52/prompt.txt", "line_start": 1, "line_end": 4, "content": "New Terminal Output:\n\nroot@rack-ge107-ya-20250517193277:/app/initramfs# cd ..\nroot@rack-ge107-ya-20250517193277:/app#\n"}}, {"step_id": 53, "action_ref": {"path": "terminus2/Qwen__Qwen3-Coder-480B-A35B-Instruct/terminus2-480b/build-initramfs-qemu/build-initramfs-qemu.1-of-1.2025-12-16__02-57-21/agent-logs/episode-52/response.txt", "line_start": 1, "line_end": 11, "content": "{\n  \"analysis\": \"I'm now in the /app directory. I'll recreate the initramfs archive.\",\n  \"plan\": \"I'll recreate the initramfs.cpio.gz file by packaging all the files in the initramfs directory. Then I'll test it with QEMU.\",\n  \"commands\": [\n    {\n      \"keystrokes\": \"cd initramfs && find . -print0 | cpio --null -ov --format=newc | gzip > /app/ramfs/initramfs.cpio.gz\\n\",\n      \"duration\": 2.0\n    }\n  ],\n  \"task_complete\": false\n}"}, "observation_ref": {"path": "terminus2/Qwen__Qwen3-Coder-480B-A35B-Instruct/terminus2-480b/build-initramfs-qemu/build-initramfs-qemu.1-of-1.2025-12-16__02-57-21/agent-logs/episode-53/prompt.txt", "line_start": 1, "line_end": 33, "content": "New Terminal Output:\n\nroot@rack-ge107-ya-20250517193277:/app# cd initramfs && find . -print0 | cpio --null -ov --format=newc | gzip > /app/ramfs/initramfs.cpio.gz\n.\n./sbin\n./proc\n./lib64\n./lib64/ld-linux-x86-64.so.2\n./dev\n./dev/ttyS0\n./dev/null\n./dev/zero\n./dev/console\n./bin\n./bin/dash\n./bin/bash\n./bin/ls\n./bin/cat\n./bin/sh\n./lib\n./lib/x86_64-linux-gnu\n./lib/x86_64-linux-gnu/libc.so.6\n./lib/x86_64-linux-gnu/libtinfo.so.6\n./lib/x86_64-linux-gnu/libselinux.so.1\n./lib/x86_64-linux-gnu/libpcre2-8.so.0\n./etc\n./etc/group\n./etc/passwd\n./root\n./sys\n./init\n7933 blocks\nroot@rack-ge107-ya-20250517193277:/app/initramfs#\n"}}, {"step_id": 54, "action_ref": {"path": "terminus2/Qwen__Qwen3-Coder-480B-A35B-Instruct/terminus2-480b/build-initramfs-qemu/build-initramfs-qemu.1-of-1.2025-12-16__02-57-21/agent-logs/episode-53/response.txt", "line_start": 1, "line_end": 11, "content": "{\n  \"analysis\": \"I've recreated the initramfs. Now I'll test it with QEMU.\",\n  \"plan\": \"I'll run the QEMU command again to see if the simpler init script resolves the issue.\",\n  \"commands\": [\n    {\n      \"keystrokes\": \"qemu-system-x86_64 -kernel /app/linux-6.9/arch/x86/boot/bzImage -initrd /app/ramfs/initramfs.cpio.gz -append \\\"console=ttyS0\\\" -nographic\\n\",\n      \"duration\": 5.0\n    }\n  ],\n  \"task_complete\": false\n}"}, "observation_ref": {"path": "terminus2/Qwen__Qwen3-Coder-480B-A35B-Instruct/terminus2-480b/build-initramfs-qemu/build-initramfs-qemu.1-of-1.2025-12-16__02-57-21/agent-logs/episode-54/prompt.txt", "line_start": 1, "line_end": 163, "content": "New Terminal Output:\n\nroot@rack-ge107-ya-20250517193277:/app/initramfs# qemu-system-x86_64 -kernel /app/linux-6.9/arch/x86/boot/bzImage -initrd /app/ramfs/initramfs.cpio.gz -append c\nSeaBIOS (version 1.16.3-debian-1.16.3-2)\n\n\niPXE (https://ipxe.org) 00:03.0 CA00 PCI2.10 PnP PMM+06FCAE00+06F0AE00 CA00\n\n\n\nBooting from ROM..\n[    0.000000] Linux version 6.9.0 (root@buildkitsandbox) (gcc (Ubuntu 13.3.0-6ubuntu2~24.04) 13.3.0, GNU ld (GNU Binutils for Ubuntu) 2.42) #1 SMP PREEMPT_DYN5\n[    0.000000] Command line: console=ttyS0\n[    0.000000] BIOS-provided physical RAM map:\n[    0.000000] BIOS-e820: [mem 0x0000000000000000-0x000000000009fbff] usable\n[    0.000000] BIOS-e820: [mem 0x000000000009fc00-0x000000000009ffff] reserved\n[    0.000000] BIOS-e820: [mem 0x00000000000f0000-0x00000000000fffff] reserved\n[    0.000000] BIOS-e820: [mem 0x0000000000100000-0x0000000007fdffff] usable\n[    0.000000] BIOS-e820: [mem 0x0000000007fe0000-0x0000000007ffffff] reserved\n[    0.000000] BIOS-e820: [mem 0x00000000fffc0000-0x00000000ffffffff] reserved\n[    0.000000] BIOS-e820: [mem 0x000000fd00000000-0x000000ffffffffff] reserved\n[    0.000000] NX (Execute Disable) protection: active\n[    0.000000] APIC: Static calls initialized\n[    0.000000] SMBIOS 3.0.0 present.\n[    0.000000] DMI: QEMU Ubuntu 24.04 PC (i440FX + PIIX, 1996), BIOS 1.16.3-debian-1.16.3-2 04/01/2014\n[    0.000000] tsc: Fast TSC calibration using PIT\n[    0.000000] tsc: Detected 2100.058 MHz processor\n[    0.009034] last_pfn = 0x7fe0 max_arch_pfn = 0x400000000\n[    0.009780] MTRR map: 4 entries (3 fixed + 1 variable; max 19), built from 8 variable MTRRs\n[    0.009968] x86/PAT: Configuration [0-7]: WB  WC  UC- UC  WB  WP  UC- WT\n[    0.031383] found SMP MP-table at [mem 0x000f5480-0x000f548f]\n[    0.036442] RAMDISK: [mem 0x07e17000-0x07fdffff]\n[    0.036979] ACPI: Early table checksum verification disabled\n[    0.037354] ACPI: RSDP 0x00000000000F52A0 000014 (v00 BOCHS )\n[    0.037684] ACPI: RSDT 0x0000000007FE1C52 000034 (v01 BOCHS  BXPC     00000001 BXPC 00000001)\n[    0.038335] ACPI: FACP 0x0000000007FE1B06 000074 (v01 BOCHS  BXPC     00000001 BXPC 00000001)\n[    0.039056] ACPI: DSDT 0x0000000007FE0040 001AC6 (v01 BOCHS  BXPC     00000001 BXPC 00000001)\n[    0.039156] ACPI: FACS 0x0000000007FE0000 000040\n[    0.039218] ACPI: APIC 0x0000000007FE1B7A 000078 (v03 BOCHS  BXPC     00000001 BXPC 00000001)\n[    0.039250] ACPI: HPET 0x0000000007FE1BF2 000038 (v01 BOCHS  BXPC     00000001 BXPC 00000001)\n[    0.039280] ACPI: WAET 0x0000000007FE1C2A 000028 (v01 BOCHS  BXPC     00000001 BXPC 00000001)\n[    0.039375] ACPI: Reserving FACP table memory at [mem 0x7fe1b06-0x7fe1b79]\n[    0.039400] ACPI: Reserving DSDT table memory at [mem 0x7fe0040-0x7fe1b05]\n[    0.039409] ACPI: Reserving FACS table memory at [mem 0x7fe0000-0x7fe003f]\n[    0.039417] ACPI: Reserving APIC table memory at [mem 0x7fe1b7a-0x7fe1bf1]\n[    0.039425] ACPI: Reserving HPET table memory at [mem 0x7fe1bf2-0x7fe1c29]\n[    0.039432] ACPI: Reserving WAET table memory at [mem 0x7fe1c2a-0x7fe1c51]\n[    0.041682] No NUMA configuration found\n[    0.041710] Faking a node at [mem 0x0000000000000000-0x0000000007fdffff]\n[    0.042317] NODE_DATA(0) allocated [mem 0x07e13000-0x07e16fff]\n[    0.044602] Zone ranges:\n[    0.044636]   DMA      [mem 0x0000000000001000-0x0000000000ffffff]\n[    0.044721]   DMA32    [mem 0x0000000001000000-0x0000000007fdffff]\n[    0.044735]   Normal   empty\n[    0.044761] Movable zone start for each node\n[    0.044789] Early memory node ranges\n[    0.044825]   node   0: [mem 0x0000000000001000-0x000000000009efff]\n[    0.045006]   node   0: [mem 0x0000000000100000-0x0000000007fdffff]\n[    0.045240] Initmem setup node 0 [mem 0x0000000000001000-0x0000000007fdffff]\n[    0.046180] On node 0, zone DMA: 1 pages in unavailable ranges\n[    0.046539] On node 0, zone DMA: 97 pages in unavailable ranges\n[    0.047914] On node 0, zone DMA32: 32 pages in unavailable ranges\n[    0.048396] ACPI: PM-Timer IO Port: 0x608\n[    0.048738] ACPI: LAPIC_NMI (acpi_id[0xff] dfl dfl lint[0x1])\n[    0.049167] IOAPIC[0]: apic_id 0, version 32, address 0xfec00000, GSI 0-23\n[    0.049306] ACPI: INT_SRC_OVR (bus 0 bus_irq 0 global_irq 2 dfl dfl)\n[    0.049585] ACPI: INT_SRC_OVR (bus 0 bus_irq 5 global_irq 5 high level)\n[    0.049647] ACPI: INT_SRC_OVR (bus 0 bus_irq 9 global_irq 9 high level)\n[    0.049743] ACPI: INT_SRC_OVR (bus 0 bus_irq 10 global_irq 10 high level)\n[    0.049754] ACPI: INT_SRC_OVR (bus 0 bus_irq 11 global_irq 11 high level)\n[    0.049979] ACPI: Using ACPI (MADT) for SMP configuration information\n[    0.050024] ACPI: HPET id: 0x8086a201 base: 0xfed00000\n[    0.050433] CPU topo: Max. logical packages:   1\n[    0.050447] CPU topo: Max. logical dies:       1\n[    0.050460] CPU topo: Max. dies per package:   1\n[    0.050518] CPU topo: Max. threads per core:   1\n[    0.050703] CPU topo: Num. cores per package:     1\n[    0.050722] CPU topo: Num. threads per package:   1\n[    0.050732] CPU topo: Allowing 1 present\n[... output limited to 10000 bytes; 71 interior bytes omitted ...]\nsc\n[    2.380086] scsi host0: ata_piix\n[    2.382047] scsi host1: ata_piix\n[    2.382638] ata1: PATA max MWDMA2 cmd 0x1f0 ctl 0x3f6 bmdma 0xc040 irq 14 lpm-pol 0\n[    2.382960] ata2: PATA max MWDMA2 cmd 0x170 ctl 0x376 bmdma 0xc048 irq 15 lpm-pol 0\n[    2.389764] e100: Intel(R) PRO/100 Network Driver\n[    2.390000] e100: Copyright(c) 1999-2006 Intel Corporation\n[    2.390228] e1000: Intel(R) PRO/1000 Network Driver\n[    2.390369] e1000: Copyright (c) 1999-2006 Intel Corporation.\n[    2.527030] ACPI: \\_SB_.LNKC: Enabled at IRQ 11\n[    2.543369] ata2: found unknown device (class 0)\n[    2.553623] ata2.00: ATAPI: QEMU DVD-ROM, 2.5+, max UDMA/100\n[    2.576951] scsi 1:0:0:0: CD-ROM            QEMU     QEMU DVD-ROM     2.5+ PQ: 0 ANSI: 5\n[    2.607160] sr 1:0:0:0: [sr0] scsi3-mmc drive: 4x/4x cd/rw xa/form2 tray\n[    2.607615] cdrom: Uniform CD-ROM driver Revision: 3.20\n[    2.623080] sr 1:0:0:0: Attached scsi generic sg0 type 5\n[    2.844814] e1000 0000:00:03.0 eth0: (PCI:33MHz:32-bit) 52:54:00:12:34:56\n[    2.845537] e1000 0000:00:03.0 eth0: Intel(R) PRO/1000 Network Connection\n[    2.846350] e1000e: Intel(R) PRO/1000 Network Driver\n[    2.846495] e1000e: Copyright(c) 1999 - 2015 Intel Corporation.\n[    2.846773] sky2: driver version 1.30\n[    2.849423] usbcore: registered new interface driver usblp\n[    2.849737] usbcore: registered new interface driver usb-storage\n[    2.850827] i8042: PNP: PS/2 Controller [PNP0303:KBD,PNP0f13:MOU] at 0x60,0x64 irq 1,12\n[    2.854687] serio: i8042 KBD port at 0x60,0x64 irq 1\n[    2.855190] serio: i8042 AUX port at 0x60,0x64 irq 12\n[    2.857835] rtc_cmos 00:05: RTC can wake from S4\n[    2.866063] rtc_cmos 00:05: registered as rtc0\n[    2.867345] rtc_cmos 00:05: alarms up to one day, y3k, 242 bytes nvram, hpet irqs\n[    2.868006] fail to initialize ptp_kvm\n[    2.868833] device-mapper: ioctl: 4.48.0-ioctl (2023-03-01) initialised: dm-devel@lists.linux.dev\n[    2.869620] amd_pstate: the _CPC object is not present in SBIOS or ACPI disabled\n[    2.870250] hid: raw HID events driver (C) Jiri Kosina\n[    2.871819] usbcore: registered new interface driver usbhid\n[    2.872061] usbhid: USB HID core driver\n[    2.881072] Initializing XFRM netlink socket\n[    2.881662] NET: Registered PF_INET6 protocol family\n[    2.889557] Segment Routing with IPv6\n[    2.889951] In-situ OAM (IOAM) with IPv6\n[    2.891188] sit: IPv6, IPv4 and MPLS over IPv4 tunneling driver\n[    2.894213] NET: Registered PF_PACKET protocol family\n[    2.895803] 9pnet: Installing 9P2000 support\n[    2.896320] Key type dns_resolver registered\n[    2.898735] IPI shorthand broadcast: enabled\n[    2.921955] sched_clock: Marking stable (2886026470, 35829776)->(2929186161, -7329915)\n[    2.924637] registered taskstats version 1\n[    2.924808] Loading compiled-in X.509 certificates\n[    2.939559] PM:   Magic number: 5:452:719\n[    2.940634] printk: legacy console [netcon0] enabled\n[    2.940912] netconsole: network logging started\n[    2.942198] cfg80211: Loading compiled-in X.509 certificates for regulatory database\n[    2.951552] kworker/u4:0 (47) used greatest stack depth: 15224 bytes left\n[    2.963211] Loaded X.509 cert 'sforshee: 00b28ddf47aef9cea7'\n[    2.964157] Loaded X.509 cert 'wens: 61c038651aabdcf94bd0ac7ff06c7248db18c600'\n[    2.966590] ALSA device list:\n[    2.966811]   No soundcards found.\n[    2.968549] platform regulatory.0: Direct firmware load for regulatory.db failed with error -2\n[    2.970421] cfg80211: failed to load regulatory.db\n[    3.044379] Freeing unused kernel image (initmem) memory: 2704K\n[    3.044803] Write protecting the kernel read-only data: 26624k\n[    3.047485] Freeing unused kernel image (rodata/data gap) memory: 1488K\n[    3.195255] x86/mm: Checked W+X mappings: passed, no W+X pages found.\n[    3.196419] Run /init as init process\n[    3.209681] Failed to execute /init (error -2)\n[    3.209910] Run /sbin/init as init process\n[    3.210145] Run /etc/init as init process\n[    3.210321] Run /bin/init as init process\n[    3.210486] Run /bin/sh as init process\n[    3.211273] Kernel panic - not syncing: No working init found.  Try passing init= option to kernel. See Linux Documentation/admin-guide/init.rst for guidanc.\n[    3.211963] CPU: 0 PID: 1 Comm: swapper/0 Not tainted 6.9.0 #1\n[    3.212161] Hardware name: QEMU Ubuntu 24.04 PC (i440FX + PIIX, 1996), BIOS 1.16.3-debian-1.16.3-2 04/01/2014\n[    3.212552] Call Trace:\n[    3.213343]  <TASK>\n[    3.213616]  panic+0x31d/0x350\n[    3.214051]  ? __pfx_kernel_init+0x10/0x10\n[    3.214170]  kernel_init+0x16e/0x1b0\n[    3.214289]  ret_from_fork+0x2f/0x50\n[    3.214365]  ? __pfx_kernel_init+0x10/0x10\n[    3.214456]  ret_from_fork_asm+0x1a/0x30\n[    3.214602]  </TASK>\n[    3.215092] Kernel Offset: 0xca00000 from 0xffffffff81000000 (relocation range: 0xffffffff80000000-0xffffffffbfffffff)\n[    3.215596] ---[ end Kernel panic - not syncing: No working init found.  Try passing init= option to kernel. See Linux Documentation/admin-guide/init.rst fo-\n\n"}}, {"step_id": 55, "action_ref": {"path": "terminus2/Qwen__Qwen3-Coder-480B-A35B-Instruct/terminus2-480b/build-initramfs-qemu/build-initramfs-qemu.1-of-1.2025-12-16__02-57-21/agent-logs/episode-54/response.txt", "line_start": 1, "line_end": 11, "content": "{\n  \"analysis\": \"We're still encountering the same issue. Let's try a different approach. Instead of trying to debug the initramfs creation process further, I'll create a very minimal initramfs with just the essentials needed to boot and provide a shell.\",\n  \"plan\": \"I'll exit QEMU, create a completely new and minimal initramfs with only the most essential components, and try again. This time, I'll ensure that all paths and permissions are correct.\",\n  \"commands\": [\n    {\n      \"keystrokes\": \"C-]\",\n      \"duration\": 0.1\n    }\n  ],\n  \"task_complete\": false\n}"}, "observation_ref": {"path": "terminus2/Qwen__Qwen3-Coder-480B-A35B-Instruct/terminus2-480b/build-initramfs-qemu/build-initramfs-qemu.1-of-1.2025-12-16__02-57-21/agent-logs/episode-55/prompt.txt", "line_start": 1, "line_end": 4, "content": "New Terminal Output:\n\n[    3.215596] ---[ end Kernel panic - not syncing: No working init found.  Try passing init= option to kernel. See Linux Documentation/admin-