      system: [Array],
      tools: [Array],
      tool_choice: undefined,
      metadata: [Object],
      max_tokens: 32000,
      thinking: undefined,
      stream: true
    },
    timeout: 600000,
    signal: AbortSignal { aborted: false },
    stream: true
  },
  headers: {
    accept: 'application/json',
    'anthropic-beta': 'claude-code-20250219,interleaved-thinking-2025-05-14,fine-grained-tool-streaming-2025-05-14',
    'anthropic-dangerous-direct-browser-access': 'true',
    'anthropic-version': '2023-06-01',
    authorization: '***',
    'content-type': 'application/json',
    'user-agent': 'claude-cli/2.0.29 (external, sdk-cli)',
    'x-api-key': '***',
    'x-app': 'cli',
    'x-stainless-arch': 'x64',
    'x-stainless-helper-method': 'stream',
    'x-stainless-lang': 'js',
    'x-stainless-os': 'Linux',
    'x-stainless-package-version': '0.60.0',
    'x-stainless-retry-count': '0',
    'x-stainless-runtime': 'node',
    'x-stainless-runtime-version': 'v20.19.4',
    'x-stainless-timeout': '600'
  }
}
[log_adfc9a] post http://localhost:61739/v1/messages?beta=true succeeded with status 200 in 5653ms
[log_adfc9a] response start {
  url: 'http://localhost:61739/v1/messages?beta=true',
  status: 200,
  headers: {
    'content-type': 'text/event-stream; charset=utf-8',
    date: 'Sun, 09 Nov 2025 05:57:08 GMT',
    server: 'uvicorn',
    'transfer-encoding': 'chunked'
  },
  durationMs: 5653
}
response 200 http://localhost:61739/v1/messages?beta=true Headers {
  date: 'Sun, 09 Nov 2025 05:57:08 GMT',
  server: 'uvicorn',
  'content-type': 'text/event-stream; charset=utf-8',
  'transfer-encoding': 'chunked'
} ReadableStream { locked: false, state: 'readable', supportsBYOB: true }
[log_adfc9a] response parsed {
  url: 'http://localhost:61739/v1/messages?beta=true',
  status: 200,
  body: mK {
    iterator: [AsyncGeneratorFunction: Z],
    controller: AbortController { signal: AbortSignal { aborted: false } }
  },
  durationMs: 5653
}
[log_b1e67d] post http://localhost:61739/v1/messages?beta=true succeeded with status 200 in 9121ms
[log_b1e67d] response start {
  url: 'http://localhost:61739/v1/messages?beta=true',
  status: 200,
  headers: {
    'content-type': 'text/event-stream; charset=utf-8',
    date: 'Sun, 09 Nov 2025 05:57:08 GMT',
    server: 'uvicorn',
    'transfer-encoding': 'chunked'
  },
  durationMs: 9121
}
response 200 http://localhost:61739/v1/messages?beta=true Headers {
  date: 'Sun, 09 Nov 2025 05:57:08 GMT',
  server: 'uvicorn',
  'content-type': 'text/event-stream; charset=utf-8',
  'transfer-encoding': 'chunked'
} ReadableStream { locked: false, state: 'readable', supportsBYOB: true }
[log_b1e67d] response parsed {
  url: 'http://localhost:61739/v1/messages?beta=true',
  status: 200,
  body: mK {
    iterator: [AsyncGeneratorFunction: Z],
    controller: AbortController { signal: AbortSignal { aborted: false } }
  },
  durationMs: 9121
}
{"type":"assistant","message":{"id":"msg_f5887b6cc32d4b248e4621a4","type":"message","role":"assistant","model":"openai/app-dsw4xd-1757654301803448727","content"
:[{"type":"text","text":"Now let's test our custom kernel with QEMU. First, let's check if we have a ramfs directory and initramfs.cpio.gz file:\n\n"}],"stop_re
ason":null,"stop_sequence":null,"usage":{"input_tokens":0,"cache_creation_input_tokens":0,"cache_read_input_tokens":0,"output_tokens":0}},"parent_tool_use_id":n
ull,"session_id":"17048b1c-7074-40a0-8f55-78799668a6ec","uuid":"5b780693-e15c-4597-8450-27488a2450d2"}
{"type":"assistant","message":{"id":"msg_f5887b6cc32d4b248e4621a4","type":"message","role":"assistant","model":"openai/app-dsw4xd-1757654301803448727","content"
:[{"type":"tool_use","id":"call_5688a0b35d6245de8bd1144f","name":"Bash","input":{"command":"ls -la","description":"List files in current directory"}}],"stop_rea
son":null,"stop_sequence":null,"usage":{"input_tokens":0,"cache_creation_input_tokens":0,"cache_read_input_tokens":0,"output_tokens":0}},"parent_tool_use_id":nu
ll,"session_id":"17048b1c-7074-40a0-8f55-78799668a6ec","uuid":"cbddb7e7-727d-40b6-8794-54e1105ac306"}
[log_2fa5bc] sending request {
  method: 'post',
  url: 'http://localhost:61739/v1/messages?beta=true',
  options: {
    method: 'post',
    path: '/v1/messages?beta=true',
    body: {
      model: 'claude-haiku-4-5-20251001',
      messages: [Array],
      system: [Array],
      tools: [],
      tool_choice: undefined,
      metadata: [Object],
      max_tokens: 32000,
      thinking: undefined,
      stream: true
    },
    timeout: 600000,
    signal: AbortSignal { aborted: false },
    stream: true
  },
  headers: {
    accept: 'application/json',
    'anthropic-beta': 'interleaved-thinking-2025-05-14,fine-grained-tool-streaming-2025-05-14',
    'anthropic-dangerous-direct-browser-access': 'true',
    'anthropic-version': '2023-06-01',
    authorization: '***',
    'content-type': 'application/json',
    'user-agent': 'claude-cli/2.0.29 (external, sdk-cli)',
    'x-api-key': '***',
    'x-app': 'cli',
    'x-stainless-arch': 'x64',
    'x-stainless-helper-method': 'stream',
    'x-stainless-lang': 'js',
    'x-stainless-os': 'Linux',
    'x-stainless-package-version': '0.60.0',
    'x-stainless-retry-count': '0',
    'x-stainless-runtime': 'node',
    'x-stainless-runtime-version': 'v20.19.4',
    'x-stainless-timeout': '600'
  }
}
{"type":"user","message":{"role":"user","content":[{"tool_use_id":"call_5688a0b35d6245de8bd1144f","type":"tool_result","content":"total 379172\ndrwxr-xr-x  26 r
oot root     4096 Nov  9 05:52 .\ndrwxr-xr-x   3 root root       59 Nov  9 05:45 ..\n-rw-r--r--   1 root root      465 Nov  9 05:48 ..checked-atomic-arch-fallba
ck.h.cmd\n-rw-r--r--   1 root root      460 Nov  9 05:48 ..checked-atomic-instrumented.h.cmd\n-rw-r--r--   1 root root      420 Nov  9 05:48 ..checked-atomic-lo
ng.h.cmd\n-rw-r--r--   1 root root     5121 Nov  9 05:50 ..vmlinux.export.o.cmd\n-rw-r--r--   1 root root      103 Nov  9 05:52 .Module.symvers.cmd\n-rw-r--r--
  1 root root      446 Nov  9 05:52 .built-in.a.cmd\n-rw-r--r--   1 root root        0 Nov  9 05:48 .checked-atomic-arch-fallback.h\n-rw-r--r--   1 root root
     0 Nov  9 05:48 .checked-atomic-instrumented.h\n-rw-r--r--   1 root root        0 Nov  9 05:48 .checked-atomic-long.h\n-rw-r--r--   1 root root    22187 May
 12  2024 .clang-format\n-rw-r--r--   1 root root       59 May 12  2024 .cocciconfig\n-rw-r--r--   1 root root   141257 Nov  9 05:48 .config\n-rw-r--r--   1 roo
t root      672 May 12  2024 .editorconfig\n-rw-r--r--   1 root root      194 May 12  2024 .get_maintainer.ignore\n-rw-r--r--   1 root root      105 May 12  202
4 .gitattributes\n-rw-r--r--   1 root root     2099 May 12  2024 .gitignore\n-rw-r--r--   1 root root    40357 May 12  2024 .mailmap\n-rw-r--r--   1 root root
    683 Nov  9 05:52 .missing-syscalls.d\n-rw-r--r--   1 root root      184 Nov  9 05:52 .modules.builtin.cmd\n-rw-r--r--   1 root root      101 Nov  9 05:52 .m
odules.builtin.modinfo.cmd\n-rw-r--r--   1 root root      609 Nov  9 05:50 .modules.order.cmd\n-rw-r--r--   1 root root      369 May 12  2024 .rustfmt.toml\n-rw
xr-xr-x   1 root root 83345944 Nov  9 05:52 .tmp_vmlinux.kallsyms1\n-rw-r--r--   1 root root 27699094 Nov  9 05:52 .tmp_vmlinux.kallsyms1.S\n-rw-r--r--   1 root
 root  3541864 Nov  9 05:52 .tmp_vmlinux.kallsyms1.o\n-rw-r--r--   1 root root  7483087 Nov  9 05:52 .tmp_vmlinux.kallsyms1.syms\n-rwxr-xr-x   1 root root 87540
272 Nov  9 05:52 .tmp_vmlinux.kallsyms2\n-rw-r--r--   1 root root 27699094 Nov  9 05:52 .tmp_vmlinux.kallsyms2.S\n-rw-r--r--   1 root root  3541864 Nov  9 05:52
 .tmp_vmlinux.kallsyms2.o\n-rw-r--r--   1 root root  7483087 Nov  9 05:52 .tmp_vmlinux.kallsyms2.syms\n-rw-r--r--   1 root root        2 Nov  9 05:52 .version\n
-rw-r--r--   1 root root      216 Nov  9 05:52 .vmlinux.a.cmd\n-rw-r--r--   1 root root      958 Nov  9 05:52 .vmlinux.cmd\n-rw-r--r--   1 root root   571837 No
v  9 05:50 .vmlinux.export.c\n-rw-r--r--   1 root root  5790648 Nov  9 05:50 .vmlinux.export.o\n-rw-r--r--   1 root root      398 Nov  9 05:52 .vmlinux.o.cmd\n-
rw-r--r--   1 root root       88 Nov  9 05:52 .vmlinux.symvers.cmd\n-rw-r--r--   1 root root      496 May 12  2024 COPYING\n-rw-r--r--   1 root root   104364 Ma
y 12  2024 CREDITS\ndrwxr-xr-x  75 root root     4096 May 12  2024 Documentation\n-rw-r--r--   1 root root     2573 May 12  2024 Kbuild\n-rw-r--r--   1 root roo
t      555 May 12  2024 Kconfig\ndrwxr-xr-x   6 root root      115 May 12  2024 LICENSES\n-rw-r--r--   1 root root   747410 May 12  2024 MAINTAINERS\n-rw-r--r--
   1 root root    67755 May 12  2024 Makefile\n-rw-r--r--   1 root root   709433 Nov  9 05:52 Module.symvers\n-rw-r--r--   1 root root      726 May 12  2024 REA
DME\n-rw-r--r--   1 root root  7483087 Nov  9 05:52 System.map\ndrwxr-xr-x  24 root root     4096 Nov  9 05:50 arch\ndrwxr-xr-x   3 root root     8192 Nov  9 05
:50 block\n-rw-r--r--   1 root root   239560 Nov  9 05:52 built-in.a\ndrwxr-xr-x   2 root root     4096 Nov  9 05:50 certs\ndrwxr-xr-x   4 root root     8192 No
v  9 05:50 crypto\ndrwxr-xr-x 143 root root     4096 Nov  9 05:50 drivers\ndrwxr-xr-x  80 root root    12288 Nov  9 05:50 fs\ndrwxr-xr-x  33 root root     4096
Nov  9 05:48 include\ndrwxr-xr-x   2 root root     4096 Nov  9 05:52 init\ndrwxr-xr-x   2 root root     4096 Nov  9 05:50 io_uring\ndrwxr-xr-x   2 root root
 4096 Nov  9 05:50 ipc\ndrwxr-xr-x  22 root root    12288 Nov  9 05:50 kernel\ndrwxr-xr-x  20 root root    16384 Nov  9 05:50 lib\ndrwxr-xr-x   6 root root    1
2288 Nov  9 05:50 mm\n-rw-r--r--   1 root root    11205 Nov  9 05:52 modules.builtin\n-rw-r--r--   1 root root   109020 Nov  9 05:52 modules.builtin.modinfo\n-r
w-r--r--   1 root root      259 Nov  9 05:50 modules.order\ndrwxr-xr-x  72 root root     4096 Nov  9 05:50 net\ndrwxr-xr-x   7 root root     4096 May 12  2024 r
ust\ndrwxr-xr-x  42 root root     4096 May 12  2024 samples\ndrwxr-xr-x  17 root root     8192 Nov  9 05:50 scripts\ndrwxr-xr-x  14 root root     4096 Nov  9 05
:50 security\ndrwxr-xr-x  27 root root     4096 Nov  9 05:50 sound\ndrwxr-xr-x  42 root root     4096 May 12  2024 tools\ndrwxr-xr-x   4 root root     4096 Nov
 9 05:50 usr\ndrwxr-xr-x   4 root root      188 Nov  9 05:50 virt\n-rwxr-xr-x   1 root root 51116864 Nov  9 05:52 vmlinux\n-rw-r--r--   1 root root   245162 Nov
  9 05:52 vmlinux.a\n-rw-r--r--   1 root root 79201176 Nov  9 05:52 vmlinux.o\n-rw-r--r--   1 root root   709433 Nov  9 05:52 vmlinux.symvers","is_error":false}
]},"parent_tool_use_id":null,"session_id":"17048b1c-7074-40a0-8f55-78799668a6ec","uuid":"e2dc53ad-37f3-4992-811c-83308d436ad3"}
[log_e97a56] sending request {
  method: 'post',
  url: 'http://localhost:61739/v1/messages?beta=true',
  options: {
    method: 'post',
    path: '/v1/messages?beta=true',
    body: {
      model: 'openai/app-dsw4xd-1757654301803448727',
      messages: [Array],
      system: [Array],
      tools: [Array],
      tool_choice: undefined,
      metadata: [Object],
      max_tokens: 32000,
      thinking: undefined,
      stream: true
    },
    timeout: 600000,
    signal: AbortSignal { aborted: false },
    stream: true
  },
  headers: {
    accept: 'application/json',
    'anthropic-beta': 'claude-code-20250219,interleaved-thinking-2025-05-14,fine-grained-tool-streaming-2025-05-14',
    'anthropic-dangerous-direct-browser-access': 'true',
    'anthropic-version': '2023-06-01',
    authorization: '***',
    'content-type': 'application/json',
    'user-agent': 'claude-cli/2.0.29 (external, sdk-cli)',
    'x-api-key': '***',
    'x-app': 'cli',
    'x-stainless-arch': 'x64',
    'x-stainless-helper-method': 'stream',
    'x-stainless-lang': 'js',
    'x-stainless-os': 'Linux',
    'x-stainless-package-version': '0.60.0',
    'x-stainless-retry-count': '0',
    'x-stainless-runtime': 'node',
    'x-stainless-runtime-version': 'v20.19.4',
    'x-stainless-timeout': '600'
  }
}
[log_2fa5bc] post http://localhost:61739/v1/messages?beta=true succeeded with status 200 in 687ms
[log_2fa5bc] response start {
  url: 'http://localhost:61739/v1/messages?beta=true',
  status: 200,
  headers: {
    'content-type': 'text/event-stream; charset=utf-8',
    date: 'Sun, 09 Nov 2025 05:57:18 GMT',
    server: 'uvicorn',
    'transfer-encoding': 'chunked'
  },
  durationMs: 687
}
response 200 http://localhost:61739/v1/messages?beta=true Headers {
  date: 'Sun, 09 Nov 2025 05:57:18 GMT',
  server: 'uvicorn',
  'content-type': 'text/event-stream; charset=utf-8',
  'transfer-encoding': 'chunked'
} ReadableStream { locked: false, state: 'readable', supportsBYOB: true }
[log_2fa5bc] response parsed {
  url: 'http://localhost:61739/v1/messages?beta=true',
  status: 200,
  body: mK {
    iterator: [AsyncGeneratorFunction: Z],
    controller: AbortController { signal: AbortSignal { aborted: false } }
  },
  durationMs: 688
}
[log_e97a56] post http://localhost:61739/v1/messages?beta=true succeeded with status 200 in 1641ms
[log_e97a56] response start {
  url: 'http://localhost:61739/v1/messages?beta=true',
  status: 200,
  headers: {
    'content-type': 'text/event-stream; charset=utf-8',
    date: 'Sun, 09 Nov 2025 05:57:18 GMT',
    server: 'uvicorn',
    'transfer-encoding': 'chunked'
  },
  durationMs: 1641
}
response 200 http://localhost:61739/v1/messages?beta=true Headers {
  date: 'Sun, 09 Nov 2025 05:57:18 GMT',
  server: 'uvicorn',
  'content-type': 'text/event-stream; charset=utf-8',
  'transfer-encoding': 'chunked'
} ReadableStream { locked: false, state: 'readable', supportsBYOB: true }
[log_e97a56] response parsed {
  url: 'http://localhost:61739/v1/messages?beta=true',
  status: 200,
  body: mK {
    iterator: [AsyncGeneratorFunction: Z],
    controller: AbortController { signal: AbortSignal { aborted: false } }
  },
  durationMs: 1642
}
{"type":"assistant","message":{"id":"msg_89a2092511b544f484677682","type":"message","role":"assistant","model":"openai/app-dsw4xd-1757654301803448727","content"
:[{"type":"text","text":"Let's create a simple initramfs for testing:\n\n"}],"stop_reason":null,"stop_sequence":null,"usage":{"input_tokens":0,"cache_creation_i
nput_tokens":0,"cache_read_input_tokens":0,"output_tokens":0}},"parent_tool_use_id":null,"session_id":"17048b1c-7074-40a0-8f55-78799668a6ec","uuid":"da9745b1-60
3e-4432-85b7-f4ec1bc7e9de"}
{"type":"assistant","message":{"id":"msg_89a2092511b544f484677682","type":"message","role":"assistant","model":"openai/app-dsw4xd-1757654301803448727","content"
:[{"type":"tool_use","id":"call_eb8e95d1bde344f7a482a3e9","name":"Bash","input":{"command":"mkdir -p ramfs/{bin,sbin,etc,proc,sys,usr/{bin,sbin}}","description"
:"Create directory structure for initramfs"}}],"stop_reason":null,"stop_sequence":null,"usage":{"input_tokens":0,"cache_creation_input_tokens":0,"cache_read_inp
ut_tokens":0,"output_tokens":0}},"parent_tool_use_id":null,"session_id":"17048b1c-7074-40a0-8f55-78799668a6ec","uuid":"6194d64d-ec40-4a36-8c97-e434ec4dbffd"}
[log_ef4184] sending request {
  method: 'post',
  url: 'http://localhost:61739/v1/messages?beta=true',
  options: {
    method: 'post',
    path: '/v1/messages?beta=true',
    body: {
      model: 'claude-haiku-4-5-20251001',
      messages: [Array],
      system: [Array],
      tools: [],
      tool_choice: undefined,
      metadata: [Object],
      max_tokens: 32000,
      thinking: undefined,
      stream: true
    },
    timeout: 600000,
    signal: AbortSignal { aborted: false },
    stream: true
  },
  headers: {
    accept: 'application/json',
    'anthropic-beta': 'interleaved-thinking-2025-05-14,fine-grained-tool-streaming-2025-05-14',
    'anthropic-dangerous-direct-browser-access': 'true',
    'anthropic-version': '2023-06-01',
    authorization: '***',
    'content-type': 'application/json',
    'user-agent': 'claude-cli/2.0.29 (external, sdk-cli)',
    'x-api-key': '***',
    'x-app': 'cli',
    'x-stainless-arch': 'x64',
    'x-stainless-helper-method': 'stream',
    'x-stainless-lang': 'js',
    'x-stainless-os': 'Linux',
    'x-stainless-package-version': '0.60.0',
    'x-stainless-retry-count': '0',
    'x-stainless-runtime': 'node',
    'x-stainless-runtime-version': 'v20.19.4',
    'x-stainless-timeout': '600'
  }
}
[log_ef4184] post http://localhost:61739/v1/messages?beta=true succeeded with status 200 in 371ms
[log_ef4184] response start {
  url: 'http://localhost:61739/v1/messages?beta=true',
  status: 200,
  headers: {
    'content-type': 'text/event-stream; charset=utf-8',
    date: 'Sun, 09 Nov 2025 05:57:20 GMT',
    server: 'uvicorn',
    'transfer-encoding': 'chunked'
  },
  durationMs: 371
}
response 200 http://localhost:61739/v1/messages?beta=true Headers {
  date: 'Sun, 09 Nov 2025 05:57:20 GMT',
  server: 'uvicorn',
  'content-type': 'text/event-stream; charset=utf-8',
  'transfer-encoding': 'chunked'
} ReadableStream { locked: false, state: 'readable', supportsBYOB: true }
[log_ef4184] response parsed {
  url: 'http://localhost:61739/v1/messages?beta=true',
  status: 200,
  body: mK {
    iterator: [AsyncGeneratorFunction: Z],
    controller: AbortController { signal: AbortSignal { aborted: false } }
  },
  durationMs: 372
}
[log_1796f2] sending request {
  method: 'post',
  url: 'http://localhost:61739/v1/messages?beta=true',
  options: {
    method: 'post',
    path: '/v1/messages?beta=true',
    body: {
      model: 'claude-haiku-4-5-20251001',
      messages: [Array],
      system: [Array],
      tools: [],
      tool_choice: undefined,
      metadata: [Object],
      max_tokens: 32000,
      thinking: undefined,
      stream: true
    },
    timeout: 600000,
    signal: AbortSignal { aborted: false },
    stream: true
  },
  headers: {
    accept: 'application/json',
    'anthropic-beta': 'interleaved-thinking-2025-05-14,fine-grained-tool-streaming-2025-05-14',
    'anthropic-dangerous-direct-browser-access': 'true',
    'anthropic-version': '2023-06-01',
    authorization: '***',
    'content-type': 'application/json',
    'user-agent': 'claude-cli/2.0.29 (external, sdk-cli)',
    'x-api-key': '***',
    'x-app': 'cli',
    'x-stainless-arch': 'x64',
    'x-stainless-helper-method': 'stream',
    'x-stainless-lang': 'js',
    'x-stainless-os': 'Linux',
    'x-stainless-package-version': '0.60.0',
    'x-stainless-retry-count': '0',
    'x-stainless-runtime': 'node',
    'x-stainless-runtime-version': 'v20.19.4',
    'x-stainless-timeout': '600'
  }
}
{"type":"user","message":{"role":"user","content":[{"tool_use_id":"call_eb8e95d1bde344f7a482a3e9","type":"tool_result","content":"","is_error":false}]},"parent_
tool_use_id":null,"session_id":"17048b1c-7074-40a0-8f55-78799668a6ec","uuid":"56ae6413-1cb4-446a-b884-4bb447eba9b0"}
[log_34b6dc] sending request {
  method: 'post',
  url: 'http://localhost:61739/v1/messages?beta=true',
  options: {
    method: 'post',
    path: '/v1/messages?beta=true',
    body: {
      model: 'openai/app-dsw4xd-1757654301803448727',
      messages: [Array],
      system: [Array],
      tools: [Array],
      tool_choice: undefined,
      metadata: [Object],
      max_tokens: 32000,
      thinking: undefined,
      stream: true
    },
    timeout: 600000,
    signal: AbortSignal { aborted: false },
    stream: true
  },
  headers: {
    accept: 'application/json',
    'anthropic-beta': 'claude-code-20250219,interleaved-thinking-2025-05-14,fine-grained-tool-streaming-2025-05-14',
    'anthropic-dangerous-direct-browser-access': 'true',
    'anthropic-version': '2023-06-01',
    authorization: '***',
    'content-type': 'application/json',
    'user-agent': 'claude-cli/2.0.29 (external, sdk-cli)',
    'x-api-key': '***',
    'x-app': 'cli',
    'x-stainless-arch': 'x64',
    'x-stainless-helper-method': 'stream',
    'x-stainless-lang': 'js',
    'x-stainless-os': 'Linux',
    'x-stainless-package-version': '0.60.0',
    'x-stainless-retry-count': '0',
    'x-stainless-runtime': 'node',
    'x-stainless-runtime-version': 'v20.19.4',
    'x-stainless-timeout': '600'
  }
}
[log_1796f2] post http://localhost:61739/v1/messages?beta=true succeeded with status 200 in 453ms
[log_1796f2] response start {
  url: 'http://localhost:61739/v1/messages?beta=true',
  status: 200,
  headers: {
    'content-type': 'text/event-stream; charset=utf-8',
    date: 'Sun, 09 Nov 2025 05:57:21 GMT',
    server: 'uvicorn',
    'transfer-encoding': 'chunked'
  },
  durationMs: 453
}
response 200 http://localhost:61739/v1/messages?beta=true Headers {
  date: 'Sun, 09 Nov 2025 05:57:21 GMT',
  server: 'uvicorn',
  'content-type': 'text/event-stream; charset=utf-8',
  'transfer-encoding': 'chunked'
} ReadableStream { locked: false, state: 'readable', supportsBYOB: true }
[log_1796f2] response parsed {
  url: 'http://localhost:61739/v1/messages?beta=true',
  status: 200,
  body: mK {
    iterator: [AsyncGeneratorFunction: Z],
    controller: AbortController { signal: AbortSignal { aborted: false } }
  },
  durationMs: 454
}
[log_34b6dc] post http://localhost:61739/v1/messages?beta=true succeeded with status 200 in 9728ms
[log_34b6dc] response start {
  url: 'http://localhost:61739/v1/messages?beta=true',
  status: 200,
  headers: {
    'content-type': 'text/event-stream; charset=utf-8',
    date: 'Sun, 09 Nov 2025 05:57:21 GMT',
    server: 'uvicorn',
    'transfer-encoding': 'chunked'
  },
  durationMs: 9728
}
response 200 http://localhost:61739/v1/messages?beta=true Headers {
  date: 'Sun, 09 Nov 2025 05:57:21 GMT',
  server: 'uvicorn',
  'content-type': 'text/event-stream; charset=utf-8',
  'transfer-encoding': 'chunked'
} ReadableStream { locked: false, state: 'readable', supportsBYOB: true }
[log_34b6dc] response parsed {
  url: 'http://localhost:61739/v1/messages?beta=true',
  status: 200,
  body: mK {
    iterator: [AsyncGeneratorFunction: Z],
    controller: AbortController { signal: AbortSignal { aborted: false } }
  },
  durationMs: 9728
}
{"type":"assistant","message":{"id":"msg_3dce256cf26e460598230a9c","type":"message","role":"assistant","model":"openai/app-dsw4xd-1757654301803448727","content"
:[{"type":"text","text":"Let's create a simple init script for our initramfs:\n\n"}],"stop_reason":null,"stop_sequence":null,"usage":{"input_tokens":0,"cache_cr
eation_input_tokens":0,"cache_read_input_tokens":0,"output_tokens":0}},"parent_tool_use_id":null,"session_id":"17048b1c-7074-40a0-8f55-78799668a6ec","uuid":"ee7
53460-d8bd-4422-a509-b5ffebc86cde"}
{"type":"assistant","message":{"id":"msg_3dce256cf26e460598230a9c","type":"message","role":"assistant","model":"openai/app-dsw4xd-1757654301803448727","content"
:[{"type":"tool_use","id":"call_9753146909e24b048ffde98d","name":"Bash","input":{"command":"cat > ramfs/init << 'EOF'\n#!/bin/sh\necho \"Hello from custom initr
amfs!\"\nexec /bin/sh\nEOF","description":"Create init script for initramfs"}}],"stop_reason":null,"stop_sequence":null,"usage":{"input_tokens":0,"cache_creatio
n_input_tokens":0,"cache_read_input_tokens":0,"output_tokens":0}},"parent_tool_use_id":null,"session_id":"17048b1c-7074-40a0-8f55-78799668a6ec","uuid":"b474b678
-7cb1-4c48-8584-ce5526dd2f22"}
[log_54b6f9] sending request {
  method: 'post',
  url: 'http://localhost:61739/v1/messages?beta=true',
  options: {
    method: 'post',
    path: '/v1/messages?beta=true',
    body: {
      model: 'claude-haiku-4-5-20251001',
      messages: [Array],
      system: [Array],
      tools: [],
      tool_choice: undefined,
      metadata: [Object],
      max_tokens: 32000,
      thinking: undefined,
      stream: true
    },
    timeout: 600000,
    signal: AbortSignal { aborted: false },
    stream: true
  },
  headers: {
    accept: 'application/json',
    'anthropic-beta': 'interleaved-thinking-2025-05-14,fine-grained-tool-streaming-2025-05-14',
    'anthropic-dangerous-direct-browser-access': 'true',
    'anthropic-version': '2023-06-01',
    authorization: '***',
    'content-type': 'application/json',
    'user-agent': 'claude-cli/2.0.29 (external, sdk-cli)',
    'x-api-key': '***',
    'x-app': 'cli',
    'x-stainless-arch': 'x64',
    'x-stainless-helper-method': 'stream',
    'x-stainless-lang': 'js',
    'x-stainless-os': 'Linux',
    'x-stainless-package-version': '0.60.0',
    'x-stainless-retry-count': '0',
    'x-stainless-runtime': 'node',
    'x-stainless-runtime-version': 'v20.19.4',
    'x-stainless-timeout': '600'
  }
}
{"type":"user","message":{"role":"user","content":[{"tool_use_id":"call_9753146909e24b048ffde98d","type":"tool_result","content":"","is_error":false}]},"parent_
tool_use_id":null,"session_id":"17048b1c-7074-40a0-8f55-78799668a6ec","uuid":"db9de144-ca1a-4aac-8309-7a8542aba6b1"}
[log_2d0b52] sending request {
  method: 'post',
  url: 'http://localhost:61739/v1/messages?beta=true',
  options: {
    method: 'post',
    path: '/v1/messages?beta=true',
    body: {
      model: 'openai/app-dsw4xd-1757654301803448727',
      messages: [Array],
      system: [Array],
      tools: [Array],
      tool_choice: undefined,
      metadata: [Object],
      max_tokens: 32000,
      thinking: undefined,
      stream: true
    },
    timeout: 600000,
    signal: AbortSignal { aborted: false },
    stream: true
  },
  headers: {
    accept: 'application/json',
    'anthropic-beta': 'claude-code-20250219,interleaved-thinking-2025-05-14,fine-grained-tool-streaming-2025-05-14',
    'anthropic-dangerous-direct-browser-access': 'true',
    'anthropic-version': '2023-06-01',
    authorization: '***',
    'content-type': 'application/json',
    'user-agent': 'claude-cli/2.0.29 (external, sdk-cli)',
    'x-api-key': '***',
    'x-app': 'cli',
    'x-stainless-arch': 'x64',
    'x-stainless-helper-method': 'stream',
    'x-stainless-lang': 'js',
    'x-stainless-os': 'Linux',
    'x-stainless-package-version': '0.60.0',
    'x-stainless-retry-count': '0',
    'x-stainless-runtime': 'node',
    'x-stainless-runtime-version': 'v20.19.4',
    'x-stainless-timeout': '600'
  }
}
[log_54b6f9] post http://localhost:61739/v1/messages?beta=true succeeded with status 200 in 482ms
[log_54b6f9] response start {
  url: 'http://localhost:61739/v1/messages?beta=true',
  status: 200,
  headers: {
    'content-type': 'text/event-stream; charset=utf-8',
    date: 'Sun, 09 Nov 2025 05:57:31 GMT',
    server: 'uvicorn',
    'transfer-encoding': 'chunked'
  },
  durationMs: 482
}
response 200 http://localhost:61739/v1/messages?beta=true Headers {
  date: 'Sun, 09 Nov 2025 05:57:31 GMT',
  server: 'uvicorn',
  'content-type': 'text/event-stream; charset=utf-8',
  'transfer-encoding': 'chunked'
} ReadableStream { locked: false, state: 'readable', supportsBYOB: true }
[log_54b6f9] response parsed {
  url: 'http://localhost:61739/v1/messages?beta=true',
  status: 200,
  body: mK {
    iterator: [AsyncGeneratorFunction: Z],
    controller: AbortController { signal: AbortSignal { aborted: false } }
  },
  durationMs: 482
}
[log_2d0b52] post http://localhost:61739/v1/messages?beta=true succeeded with status 200 in 1439ms
[log_2d0b52] response start {
  url: 'http://localhost:61739/v1/messages?beta=true',
  status: 200,
  headers: {
    'content-type': 'text/event-stream; charset=utf-8',
    date: 'Sun, 09 Nov 2025 05:57:31 GMT',
    server: 'uvicorn',
    'transfer-encoding': 'chunked'
  },
  durationMs: 1439
}
response 200 http://localhost:61739/v1/messages?beta=true Headers {
  date: 'Sun, 09 Nov 2025 05:57:31 GMT',
  server: 'uvicorn',
  'content-type': 'text/event-stream; charset=utf-8',
  'transfer-encoding': 'chunked'
} ReadableStream { locked: false, state: 'readable', supportsBYOB: true }
[log_2d0b52] response parsed {
  url: 'http://localhost:61739/v1/messages?beta=true',
  status: 200,
  body: mK {
    iterator: [AsyncGeneratorFunction: Z],
    controller: AbortController { signal: AbortSignal { aborted: false } }
  },
  durationMs: 1440
}
{"type":"assistant","message":{"id":"msg_33732a71ba1442c4aa63d1bb","type":"message","role":"assistant","model":"openai/app-dsw4xd-1757654301803448727","content"
:[{"type":"text","text":"Let's make the init script executable and create the initramfs:\n\n"}],"stop_reason":null,"stop_sequence":null,"usage":{"input_tokens":
0,"cache_creation_input_tokens":0,"cache_read_input_tokens":0,"output_tokens":0}},"parent_tool_use_id":null,"session_id":"17048b1c-7074-40a0-8f55-78799668a6ec",
"uuid":"be46e207-e573-4106-8cd2-36c6a2669c49"}
{"type":"assistant","message":{"id":"msg_33732a71ba1442c4aa63d1bb","type":"message","role":"assistant","model":"openai/app-dsw4xd-1757654301803448727","content"
:[{"type":"tool_use","id":"call_6a8d2e85016a481e9d6c21a4","name":"Bash","input":{"command":"chmod +x ramfs/init && cd ramfs && find . | cpio -o -H newc | gzip >
 ../initramfs.cpio.gz && cd ..","description":"Make init script executable and create initramfs"}}],"stop_reason":null,"stop_sequence":null,"usage":{"input_toke
ns":0,"cache_creation_input_tokens":0,"cache_read_input_tokens":0,"output_tokens":0}},"parent_tool_use_id":null,"session_id":"17048b1c-7074-40a0-8f55-78799668a6
ec","uuid":"c91e0193-0f48-4188-86ca-41ee3a1a2b6a"}
[log_8f2839] sending request {
  method: 'post',
  url: 'http://localhost:61739/v1/messages?beta=true',
  options: {
    method: 'post',
    path: '/v1/messages?beta=true',
    body: {
      model: 'claude-haiku-4-5-20251001',
      messages: [Array],
      system: [Array],
      tools: [],
      tool_choice: undefined,
      metadata: [Object],
      max_tokens: 32000,
      thinking: undefined,
      stream: true
    },
    timeout: 600000,
    signal: AbortSignal { aborted: false },
    stream: true
  },
  headers: {
    accept: 'application/json',
    'anthropic-beta': 'interleaved-thinking-2025-05-14,fine-grained-tool-streaming-2025-05-14',
    'anthropic-dangerous-direct-browser-access': 'true',
    'anthropic-version': '2023-06-01',
    authorization: '***',
    'content-type': 'application/json',
    'user-agent': 'claude-cli/2.0.29 (external, sdk-cli)',
    'x-api-key': '***',
    'x-app': 'cli',
    'x-stainless-arch': 'x64',
    'x-stainless-helper-method': 'stream',
    'x-stainless-lang': 'js',
    'x-stainless-os': 'Linux',
    'x-stainless-package-version': '0.60.0',
    'x-stainless-retry-count': '0',
    'x-stainless-runtime': 'node',
    'x-stainless-runtime-version': 'v20.19.4',
    'x-stainless-timeout': '600'
  }
}
{"type":"user","message":{"role":"user","content":[{"tool_use_id":"call_6a8d2e85016a481e9d6c21a4","type":"tool_result","content":"/bin/bash: line 1: cpio: comma
nd not found","is_error":false}]},"parent_tool_use_id":null,"session_id":"17048b1c-7074-40a0-8f55-78799668a6ec","uuid":"7c182e92-0c0b-47ca-ba9e-6a0bd7761cbe"}
[log_caec30] sending request {
  method: 'post',
  url: 'http://localhost:61739/v1/messages?beta=true',
  options: {
    method: 'post',
    path: '/v1/messages?beta=true',
    body: {
      model: 'openai/app-dsw4xd-1757654301803448727',
      messages: [Array],
      system: [Array],
      tools: [Array],
      tool_choice: undefined,
      metadata: [Object],
      max_tokens: 32000,
      thinking: undefined,
      stream: true
    },
    timeout: 600000,
    signal: AbortSignal { aborted: false },
    stream: true
  },
  headers: {
    accept: 'application/json',
    'anthropic-beta': 'claude-code-20250219,interleaved-thinking-2025-05-14,fine-grained-tool-streaming-2025-05-14',
    'anthropic-dangerous-direct-browser-access': 'true',
    'anthropic-version': '2023-06-01',
    authorization: '***',
    'content-type': 'application/json',
    'user-agent': 'claude-cli/2.0.29 (external, sdk-cli)',
    'x-api-key': '***',
    'x-app': 'cli',
    'x-stainless-arch': 'x64',
    'x-stainless-helper-method': 'stream',
    'x-stainless-lang': 'js',
    'x-stainless-os': 'Linux',
    'x-stainless-package-version': '0.60.0',
    'x-stainless-retry-count': '0',
    'x-stainless-runtime': 'node',
    'x-stainless-runtime-version': 'v20.19.4',
    'x-stainless-timeout': '600'
  }
}
[log_8f2839] post http://localhost:61739/v1/messages?beta=true succeeded with status 200 in 469ms
[log_8f2839] response start {
  url: 'http://localhost:61739/v1/messages?beta=true',
  status: 200,
  headers: {
    'content-type': 'text/event-stream; charset=utf-8',
    date: 'Sun, 09 Nov 2025 05:57:34 GMT',
    server: 'uvicorn',
    'transfer-encoding': 'chunked'
  },
  durationMs: 469
}
response 200 http://localhost:61739/v1/messages?beta=true Headers {
  date: 'Sun, 09 Nov 2025 05:57:34 GMT',
  server: 'uvicorn',
  'content-type': 'text/event-stream; charset=utf-8',
  'transfer-encoding': 'chunked'
} ReadableStream { locked: false, state: 'readable', supportsBYOB: true }
[log_8f2839] response parsed {
  url: 'http://localhost:61739/v1/messages?beta=true',
  status: 200,
  body: mK {
    iterator: [AsyncGeneratorFunction: Z],
    controller: AbortController { signal: AbortSignal { aborted: false } }
  },
  durationMs: 469
}
[log_caec30] post http://localhost:61739/v1/messages?beta=true succeeded with status 200 in 1338ms
[log_caec30] response start {
  url: 'http://localhost:61739/v1/messages?beta=true',
  status: 200,
  headers: {
    'content-type': 'text/event-stream; charset=utf-8',
    date: 'Sun, 09 Nov 2025 05:57:34 GMT',
    server: 'uvicorn',
    'transfer-encoding': 'chunked'
  },
  durationMs: 1338
}
response 200 http://localhost:61739/v1/messages?beta=true Headers {
  date: 'Sun, 09 Nov 2025 05:57:34 GMT',
  server: 'uvicorn',
  'content-type': 'text/event-stream; charset=utf-8',
  'transfer-encoding': 'chunked'
} ReadableStream { locked: false, state: 'readable', supportsBYOB: true }
[log_caec30] response parsed {
  url: 'http://localhost:61739/v1/messages?beta=true',
  status: 200,
  body: mK {
    iterator: [AsyncGeneratorFunction: Z],
    controller: AbortController { signal: AbortSignal { aborted: false } }
  },
  durationMs: 1338
}
{"type":"assistant","message":{"id":"msg_dd5b9663020142b886305603","type":"message","role":"assistant","model":"openai/app-dsw4xd-1757654301803448727","content"
:[{"type":"text","text":"Let's install cpio:\n\n"}],"stop_reason":null,"stop_sequence":null,"usage":{"input_tokens":0,"cache_creation_input_tokens":0,"cache_rea
d_input_tokens":0,"output_tokens":0}},"parent_tool_use_id":null,"session_id":"17048b1c-7074-40a0-8f55-78799668a6ec","uuid":"93a5cdd7-242c-4dc5-886b-a2c14d3ef581
"}
{"type":"assistant","message":{"id":"msg_dd5b9663020142b886305603","type":"message","role":"assistant","model":"openai/app-dsw4xd-1757654301803448727","content"
:[{"type":"tool_use","id":"call_6cf7916bd36a45e3bdbdfed2","name":"Bash","input":{"command":"apt-get install -y cpio","description":"Install cpio for creating in
itramfs"}}],"stop_reason":null,"stop_sequence":null,"usage":{"input_tokens":0,"cache_creation_input_tokens":0,"cache_read_input_tokens":0,"output_tokens":0}},"p
arent_tool_use_id":null,"session_id":"17048b1c-7074-40a0-8f55-78799668a6ec","uuid":"fdd8f72c-1bde-4473-9b4d-777661045170"}
[log_253845] sending request {
  method: 'post',
  url: 'http://localhost:61739/v1/messages?beta=true',
  options: {
    method: 'post',
    path: '/v1/messages?beta=true',
    body: {
      model: 'claude-haiku-4-5-20251001',
      messages: [Array],
      system: [Array],
      tools: [],
      tool_choice: undefined,
      metadata: [Object],
      max_tokens: 32000,
      thinking: undefined,
      stream: true
    },
    timeout: 600000,
    signal: AbortSignal { aborted: false },
    stream: true
  },
  headers: {
    accept: 'application/json',
    'anthropic-beta': 'interleaved-thinking-2025-05-14,fine-grained-tool-streaming-2025-05-14',
    'anthropic-dangerous-direct-browser-access': 'true',
    'anthropic-version': '2023-06-01',
    authorization: '***',
    'content-type': 'application/json',
    'user-agent': 'claude-cli/2.0.29 (external, sdk-cli)',
    'x-api-key': '***',
    'x-app': 'cli',
    'x-stainless-arch': 'x64',
    'x-stainless-helper-method': 'stream',
    'x-stainless-lang': 'js',
    'x-stainless-os': 'Linux',
    'x-stainless-package-version': '0.60.0',
    'x-stainless-retry-count': '0',
    'x-stainless-runtime': 'node',
    'x-stainless-runtime-version': 'v20.19.4',
    'x-stainless-timeout': '600'
  }
}
[log_253845] post http://localhost:61739/v1/messages?beta=true succeeded with status 200 in 455ms
[log_253845] response start {
  url: 'http://localhost:61739/v1/messages?beta=true',
  status: 200,
  headers: {
    'content-type': 'text/event-stream; charset=utf-8',
    date: 'Sun, 09 Nov 2025 05:57:36 GMT',
    server: 'uvicorn',
    'transfer-encoding': 'chunked'
  },
  durationMs: 455
}
response 200 http://localhost:61739/v1/messages?beta=true Headers {
  date: 'Sun, 09 Nov 2025 05:57:36 GMT',
  server: 'uvicorn',
  'content-type': 'text/event-stream; charset=utf-8',
  'transfer-encoding': 'chunked'
} ReadableStream { locked: false, state: 'readable', supportsBYOB: true }
[log_253845] response parsed {
  url: 'http://localhost:61739/v1/messages?beta=true',
  status: 200,
  body: mK {
    iterator: [AsyncGeneratorFunction: Z],
    controller: AbortController { signal: AbortSignal { aborted: false } }
  },
  durationMs: 455
}
[log_851bd0] sending request {
  method: 'post',
  url: 'http://localhost:61739/v1/messages?beta=true',
  options: {
    method: 'post',
    path: '/v1/messages?beta=true',
    body: {
      model: 'claude-haiku-4-5-20251001',
      messages: [Array],
      system: [Array],
      tools: [],
      tool_choice: undefined,
      metadata: [Object],
      max_tokens: 32000,
      thinking: undefined,
      stream: true
    },
    timeout: 600000,
    signal: AbortSignal { aborted: false },
    stream: true
  },
  headers: {
    accept: 'application/json',
    'anthropic-beta': 'interleaved-thinking-2025-05-14,fine-grained-tool-streaming-2025-05-14',
    'anthropic-dangerous-direct-browser-access': 'true',
    'anthropic-version': '2023-06-01',
    authorization: '***',
    'content-type': 'application/json',
    'user-agent': 'claude-cli/2.0.29 (external, sdk-cli)',
    'x-api-key': '***',
    'x-app': 'cli',
    'x-stainless-arch': 'x64',
    'x-stainless-helper-method': 'stream',
    'x-stainless-lang': 'js',
    'x-stainless-os': 'Linux',
    'x-stainless-package-version': '0.60.0',
    'x-stainless-retry-count': '0',
    'x-stainless-runtime': 'node',
    'x-stainless-runtime-version': 'v20.19.4',
    'x-stainless-timeout': '600'
  }
}
{"type":"user","message":{"role":"user","content":[{"tool_use_id":"call_6cf7916bd36a45e3bdbdfed2","type":"tool_result","content":"Reading package lists...\nBuil
ding dependency tree...\nReading state information...\nSuggested packages:\n  libarchive-dev\nThe following NEW packages will be installed:\n  cpio\n0 upgraded,
 1 newly installed, 0 to remove and 17 not upgraded.\nNeed to get 82.7 kB of archives.\nAfter this operation, 336 kB of additional disk space will be used.\nGet
:1 http://archive.ubuntu.com/ubuntu noble/main amd64 cpio amd64 2.15+dfsg-1ubuntu2 [82.7 kB]\nFetched 82.7 kB in 1s (64.2 kB/s)\nSelecting previously unselected
 package cpio.\r\n(Reading database ... \r(Reading database ... 5%\r(Reading database ... 10%\r(Reading database ... 15%\r(Reading database ... 20%\r(Reading da
tabase ... 25%\r(Reading database ... 30%\r(Reading database ... 35%\r(Reading database ... 40%\r(Reading database ... 45%\r(Reading database ... 50%\r(Reading
database ... 55%\r(Reading database ... 60%\r(Reading database ... 65%\r(Reading database ... 70%\r(Reading database ... 75%\r(Reading database ... 80%\r(Readin
g database ... 85%\r(Reading database ... 90%\r(Reading database ... 95%\r(Reading database ... 100%\r(Reading database ... 70815 files and directories currentl
y installed.)\r\nPreparing to unpack .../cpio_2.15+dfsg-1ubuntu2_amd64.deb ...\r\nUnpacking cpio (2.15+dfsg-1ubuntu2) ...\r\nSetting up cpio (2.15+dfsg-1ubuntu2
) ...\r\nupdate-alternatives: using /usr/bin/mt-gnu to provide /usr/bin/mt (mt) in auto mode\r\nupdate-alternatives: warning: skip creation of /usr/share/man/ma
n1/mt.1.gz because associated file /usr/share/man/man1/mt-gnu.1.gz (of link group mt) doesn't exist\ndebconf: delaying package configuration, since apt-utils is
 not installed","is_error":false}]},"parent_tool_use_id":null,"session_id":"17048b1c-7074-40a0-8f55-78799668a6ec","uuid":"2af66137-8110-4c98-b66c-90886744fe2d"}
[log_99ca3f] sending request {
  method: 'post',
  url: 'http://localhost:61739/v1/messages?beta=true',
  options: {
    method: 'post',
    path: '/v1/messages?beta=true',
    body: {
      model: 'openai/app-dsw4xd-1757654301803448727',
      messages: [Array],
      system: [Array],
      tools: [Array],
      tool_choice: undefined,
      metadata: [Object],
      max_tokens: 32000,
      thinking: undefined,
      stream: true
    },
    timeout: 600000,
    signal: AbortSignal { aborted: false },
    stream: true
  },
  headers: {
    accept: 'application/json',
    'anthropic-beta': 'claude-code-20250219,interleaved-thinking-2025-05-14,fine-grained-tool-streaming-2025-05-14',
    'anthropic-dangerous-direct-browser-access': 'true',
    'anthropic-version': '2023-06-01',
    authorization: '***',
    'content-type': 'application/json',
    'user-agent': 'claude-cli/2.0.29 (external, sdk-cli)',
    'x-api-key': '***',
    'x-app': 'cli',
    'x-stainless-arch': 'x64',
    'x-stainless-helper-method': 'stream',
    'x-stainless-lang': 'js',
    'x-stainless-os': 'Linux',
    'x-stainless-package-version': '0.60.0',
    'x-stainless-retry-count': '0',
    'x-stainless-runtime': 'node',
    'x-stainless-runtime-version': 'v20.19.4',
    'x-stainless-timeout': '600'
  }
}
[log_851bd0] post http://localhost:61739/v1/messages?beta=true succeeded with status 200 in 569ms
[log_851bd0] response start {
  url: 'http://localhost:61739/v1/messages?beta=true',
  status: 200,
  headers: {
    'content-type': 'text/event-stream; charset=utf-8',
    date: 'Sun, 09 Nov 2025 05:57:39 GMT',
    server: 'uvicorn',
    'transfer-encoding': 'chunked'
  },
  durationMs: 569
}
response 200 http://localhost:61739/v1/messages?beta=true Headers {
  date: 'Sun, 09 Nov 2025 05:57:39 GMT',
  server: 'uvicorn',
  'content-type': 'text/event-stream; charset=utf-8',
  'transfer-encoding': 'chunked'
} ReadableStream { locked: false, state: 'readable', supportsBYOB: true }
[log_851bd0] response parsed {
  url: 'http://localhost:61739/v1/messages?beta=true',
  status: 200,
  body: mK {
    iterator: [AsyncGeneratorFunction: Z],
    controller: AbortController { signal: AbortSignal { aborted: false } }
  },
  durationMs: 569
}
[log_99ca3f] post http://localhost:61739/v1/messages?beta=true succeeded with status 200 in 1582ms
[log_99ca3f] response start {
  url: 'http://localhost:61739/v1/messages?beta=true',
  status: 200,
  headers: {
    'content-type': 'text/event-stream; charset=utf-8',
    date: 'Sun, 09 Nov 2025 05:57:39 GMT',
    server: 'uvicorn',
    'transfer-encoding': 'chunked'
  },
  durationMs: 1582
}
response 200 http://localhost:61739/v1/messages?beta=true Headers {
  date: 'Sun, 09 Nov 2025 05:57:39 GMT',
  server: 'uvicorn',
  'content-type': 'text/event-stream; charset=utf-8',
  'transfer-encoding': 'chunked'
} ReadableStream { locked: false, state: 'readable', supportsBYOB: true }
[log_99ca3f] response parsed {
  url: 'http://localhost:61739/v1/messages?beta=true',
  status: 200,
  body: mK {
    iterator: [AsyncGeneratorFunction: Z],
    controller: AbortController { signal: AbortSignal { aborted: false } }
  },
  durationMs: 1582
}
{"type":"assistant","message":{"id":"msg_e4050932e1a546c5b0df5918","type":"message","role":"assistant","model":"openai/app-dsw4xd-1757654301803448727","content"
:[{"type":"text","text":"Now let's create the initramfs:\n\n"}],"stop_reason":null,"stop_sequence":null,"usage":{"input_tokens":0,"cache_creation_input_tokens":
0,"cache_read_input_tokens":0,"output_tokens":0}},"parent_tool_use_id":null,"session_id":"17048b1c-7074-40a0-8f55-78799668a6ec","uuid":"d2bf9970-0a81-405c-a598-
cfee58a2f174"}
{"type":"assistant","message":{"id":"msg_e4050932e1a546c5b0df5918","type":"message","role":"assistant","model":"openai/app-dsw4xd-1757654301803448727","content"
:[{"type":"tool_use","id":"call_1d05211da9d146d3bd50dd99","name":"Bash","input":{"command":"chmod +x ramfs/init && cd ramfs && find . | cpio -o -H newc | gzip >
 ../initramfs.cpio.gz && cd ..","description":"Make init script executable and create initramfs"}}],"stop_reason":null,"stop_sequence":null,"usage":{"input_toke
ns":0,"cache_creation_input_tokens":0,"cache_read_input_tokens":0,"output_tokens":0}},"parent_tool_use_id":null,"session_id":"17048b1c-7074-40a0-8f55-78799668a6
ec","uuid":"6fa13873-b574-4593-9c6b-0a9d4dbaee3e"}
[log_507805] sending request {
  method: 'post',
  url: 'http://localhost:61739/v1/messages?beta=true',
  options: {
    method: 'post',
    path: '/v1/messages?beta=true',
    body: {
      model: 'claude-haiku-4-5-20251001',
      messages: [Array],
      system: [Array],
      tools: [],
      tool_choice: undefined,
      metadata: [Object],
      max_tokens: 32000,
      thinking: undefined,
      stream: true
    },
    timeout: 600000,
    signal: AbortSignal { aborted: false },
    stream: true
  },
  headers: {
    accept: 'application/json',
    'anthropic-beta': 'interleaved-thinking-2025-05-14,fine-grained-tool-streaming-2025-05-14',
    'anthropic-dangerous-direct-browser-access': 'true',
    'anthropic-version': '2023-06-01',
    authorization: '***',
    'content-type': 'application/json',
    'user-agent': 'claude-cli/2.0.29 (external, sdk-cli)',
    'x-api-key': '***',
    'x-app': 'cli',
    'x-stainless-arch': 'x64',
    'x-stainless-helper-method': 'stream',
    'x-stainless-lang': 'js',
    'x-stainless-os': 'Linux',
    'x-stainless-package-version': '0.60.0',
    'x-stainless-retry-count': '0',
    'x-stainless-runtime': 'node',
    'x-stainless-runtime-version': 'v20.19.4',
    'x-stainless-timeout': '600'
  }
}
{"type":"user","message":{"role":"user","content":[{"tool_use_id":"call_1d05211da9d146d3bd50dd99","type":"tool_result","content":"3 blocks","is_error":false}]},
"parent_tool_use_id":null,"session_id":"17048b1c-7074-40a0-8f55-78799668a6ec","uuid":"bb39b5d8-fa96-4a8d-a783-9b5b0721357e"}
[log_63f894] sending request {
  method: 'post',
  url: 'http://localhost:61739/v1/messages?beta=true',
  options: {
    method: 'post',
    path: '/v1/messages?beta=true',
    body: {
      model: 'openai/app-dsw4xd-1757654301803448727',
      messages: [Array],
      system: [Array],
      tools: [Array],
      tool_choice: undefined,
      metadata: [Object],
      max_tokens: 32000,
      thinking: undefined,
      stream: true
    },
    timeout: 600000,
    signal: AbortSignal { aborted: false },
    stream: true
  },
  headers: {
    accept: 'application/json',
    'anthropic-beta': 'claude-code-20250219,interleaved-thinking-2025-05-14,fine-grained-tool-streaming-2025-05-14',
    'anthropic-dangerous-direct-browser-access': 'true',
    'anthropic-version': '2023-06-01',
    authorization: '***',
    'content-type': 'application/json',
    'user-agent': 'claude-cli/2.0.29 (external, sdk-cli)',
    'x-api-key': '***',
    'x-app': 'cli',
    'x-stainless-arch': 'x64',
    'x-stainless-helper-method': 'stream',
    'x-stainless-lang': 'js',
    'x-stainless-os': 'Linux',
    'x-stainless-package-version': '0.60.0',
    'x-stainless-retry-count': '0',
    'x-stainless-runtime': 'node',
    'x-stainless-runtime-version': 'v20.19.4',
    'x-stainless-timeout': '600'
  }
}
[log_507805] post http://localhost:61739/v1/messages?beta=true succeeded with status 200 in 648ms
[log_507805] response start {
  url: 'http://localhost:61739/v1/messages?beta=true',
  status: 200,
  headers: {
    'content-type': 'text/event-stream; charset=utf-8',
    date: 'Sun, 09 Nov 2025 05:57:41 GMT',
    server: 'uvicorn',
    'transfer-encoding': 'chunked'
  },
  durationMs: 648
}
response 200 http://localhost:61739/v1/messages?beta=true Headers {
  date: 'Sun, 09 Nov 2025 05:57:41 GMT',
  server: 'uvicorn',
  'content-type': 'text/event-stream; charset=utf-8',
  'transfer-encoding': 'chunked'
} ReadableStream { locked: false, state: 'readable', supportsBYOB: true }
[log_507805] response parsed {
  url: 'http://localhost:61739/v1/messages?beta=true',
  status: 200,
  body: mK {
    iterator: [AsyncGeneratorFunction: Z],
    controller: AbortController { signal: AbortSignal { aborted: false } }
  },
  durationMs: 648
}
[log_63f894] post http://localhost:61739/v1/messages?beta=true succeeded with status 200 in 1502ms
[log_63f894] response start {
  url: 'http://localhost:61739/v1/messages?beta=true',
  status: 200,
  headers: {
    'content-type': 'text/event-stream; charset=utf-8',
    date: 'Sun, 09 Nov 2025 05:57:41 GMT',
    server: 'uvicorn',
    'transfer-encoding': 'chunked'
  },
  durationMs: 1502
}
response 200 http://localhost:61739/v1/messages?beta=true Headers {
  date: 'Sun, 09 Nov 2025 05:57:41 GMT',
  server: 'uvicorn',
  'content-type': 'text/event-stream; charset=utf-8',
  'transfer-encoding': 'chunked'
} ReadableStream { locked: false, state: 'readable', supportsBYOB: true }
[log_63f894] response parsed {
  url: 'http://localhost:61739/v1/messages?beta=true',
  status: 200,
  body: mK {
    iterator: [AsyncGeneratorFunction: Z],
    controller: AbortController { signal: AbortSignal { aborted: false } }
  },
  durationMs: 1502
}
{"type":"assistant","message":{"id":"msg_9c0d263ed71441919e376097","type":"message","role":"assistant","model":"openai/app-dsw4xd-1757654301803448727","content"
:[{"type":"text","text":"Now let's test our custom kernel with QEMU:\n\n"}],"stop_reason":null,"stop_sequence":null,"usage":{"input_tokens":0,"cache_creation_in
put_tokens":0,"cache_read_input_tokens":0,"output_tokens":0}},"parent_tool_use_id":null,"session_id":"17048b1c-7074-40a0-8f55-78799668a6ec","uuid":"b7f7b6fd-224
7-464a-8671-2326e20eaafe"}
{"type":"assistant","message":{"id":"msg_9c0d263ed71441919e376097","type":"message","role":"assistant","model":"openai/app-dsw4xd-1757654301803448727","content"
:[{"type":"tool_use","id":"call_651f7e2994734480b2c2014f","name":"Bash","input":{"command":"qemu-system-x86_64 -kernel ./arch/x86/boot/bzImage -initrd initramfs
.cpio.gz -append \"console=ttyS0\" -nographic","description":"Test the custom kernel with QEMU","run_in_background":true}}],"stop_reason":null,"stop_sequence":n
ull,"usage":{"input_tokens":0,"cache_creation_input_tokens":0,"cache_read_input_tokens":0,"output_tokens":0}},"parent_tool_use_id":null,"session_id":"17048b1c-7
074-40a0-8f55-78799668a6ec","uuid":"217dcad2-c464-4a72-bda4-2bb595acce20"}
[log_c167c1] sending request {
  method: 'post',
  url: 'http://localhost:61739/v1/messages?beta=true',
  options: {
    method: 'post',
    path: '/v1/messages?beta=true',
    body: {
      model: 'claude-haiku-4-5-20251001',
      messages: [Array],
      system: [Array],
      tools: [],
      tool_choice: undefined,
      metadata: [Object],
      max_tokens: 32000,
      thinking: undefined,
      stream: true
    },
    timeout: 600000,
    signal: AbortSignal { aborted: false },
    stream: true
  },
  headers: {
    accept: 'application/json',
    'anthropic-beta': 'interleaved-thinking-2025-05-14,fine-grained-tool-streaming-2025-05-14',
    'anthropic-dangerous-direct-browser-access': 'true',
    'anthropic-version': '2023-06-01',
    authorization: '***',
    'content-type': 'application/json',
    'user-agent': 'claude-cli/2.0.29 (external, sdk-cli)',
    'x-api-key': '***',
    'x-app': 'cli',
    'x-stainless-arch': 'x64',
    'x-stainless-helper-method': 'stream',
    'x-stainless-lang': 'js',
    'x-stainless-os': 'Linux',
    'x-stainless-package-version': '0.60.0',
    'x-stainless-retry-count': '0',
    'x-stainless-runtime': 'node',
    'x-stainless-runtime-version': 'v20.19.4',
    'x-stainless-timeout': '600'
  }
}
[log_c167c1] post http://localhost:61739/v1/messages?beta=true succeeded with status 200 in 485ms
[log_c167c1] response start {
  url: 'http://localhost:61739/v1/messages?beta=true',
  status: 200,
  headers: {
    'content-type': 'text/event-stream; charset=utf-8',
    date: 'Sun, 09 Nov 2025 05:57:44 GMT',
    server: 'uvicorn',
    'transfer-encoding': 'chunked'
  },
  durationMs: 485
}
response 200 http://localhost:61739/v1/messages?beta=true Headers {
  date: 'Sun, 09 Nov 2025 05:57:44 GMT',
  server: 'uvicorn',
  'content-type': 'text/event-stream; charset=utf-8',
  'transfer-encoding': 'chunked'
} ReadableStream { locked: false, state: 'readable', supportsBYOB: true }
[log_c167c1] response parsed {
  url: 'http://localhost:61739/v1/messages?beta=true',
  status: 200,
  body: mK {
    iterator: [AsyncGeneratorFunction: Z],
    controller: AbortController { signal: AbortSignal { aborted: false } }
  },
  durationMs: 485
}
[log_d83baa] sending request {
  method: 'post',
  url: 'http://localhost:61739/v1/messages?beta=true',
  options: {
    method: 'post',
    path: '/v1/messages?beta=true',
    body: {
      model: 'claude-haiku-4-5-20251001',
      messages: [Array],
      system: [Array],
      tools: [],
      tool_choice: undefined,
      metadata: [Object],
      max_tokens: 32000,
      thinking: undefined,
      stream: true
    },
    timeout: 600000,
    signal: AbortSignal { aborted: false },
    stream: true
  },
  headers: {
    accept: 'application/json',
    'anthropic-beta': 'interleaved-thinking-2025-05-14,fine-grained-tool-streaming-2025-05-14',
    'anthropic-dangerous-direct-browser-access': 'true',
    'anthropic-version': '2023-06-01',
    authorization: '***',
    'content-type': 'application/json',
    'user-agent': 'claude-cli/2.0.29 (external, sdk-cli)',
    'x-api-key': '***',
    'x-app': 'cli',
    'x-stainless-arch': 'x64',
    'x-stainless-helper-method': 'stream',
    'x-stainless-lang': 'js',
    'x-stainless-os': 'Linux',
    'x-stainless-package-version': '0.60.0',
    'x-stainless-retry-count': '0',
    'x-stainless-runtime': 'node',
    'x-stainless-runtime-version': 'v20.19.4',
    'x-stainless-timeout': '600'
  }
}
{"type":"user","message":{"role":"user","content":[{"tool_use_id":"call_651f7e2994734480b2c2014f","type":"tool_result","content":"Command running in background
with ID: 36750f","is_error":false}]},"parent_tool_use_id":null,"session_id":"17048b1c-7074-40a0-8f55-78799668a6ec","uuid":"db9701cb-0a34-4242-af62-fa54a1e3cff0"
}
[log_afe545] sending request {
  method: 'post',
  url: 'http://localhost:61739/v1/messages?beta=true',
  options: {
    method: 'post',
    path: '/v1/messages?beta=true',
    body: {
      model: 'openai/app-dsw4xd-1757654301803448727',
      messages: [Array],
      system: [Array],
      tools: [Array],
      tool_choice: undefined,
      metadata: [Object],
      max_tokens: 32000,
      thinking: undefined,
      stream: true
    },
    timeout: 600000,
    signal: AbortSignal { aborted: false },
    stream: true
  },
  headers: {
    accept: 'application/json',
    'anthropic-beta': 'claude-code-20250219,interleaved-thinking-2025-05-14,fine-grained-tool-streaming-2025-05-14',
    'anthropic-dangerous-direct-browser-access': 'true',
    'anthropic-version': '2023-06-01',
    authorization: '***',
    'content-type': 'application/json',
    'user-agent': 'claude-cli/2.0.29 (external, sdk-cli)',
    'x-api-key': '***',
    'x-app': 'cli',
    'x-stainless-arch': 'x64',
    'x-stainless-helper-method': 'stream',
    'x-stainless-lang': 'js',
    'x-stainless-os': 'Linux',
    'x-stainless-package-version': '0.60.0',
    'x-stainless-retry-count': '0',
    'x-stainless-runtime': 'node',
    'x-stainless-runtime-version': 'v20.19.4',
    'x-stainless-timeout': '600'
  }
}
[log_d83baa] post http://localhost:61739/v1/messages?beta=true succeeded with status 200 in 461ms
[log_d83baa] response start {
  url: 'http://localhost:61739/v1/messages?beta=true',
  status: 200,
  headers: {
    'content-type': 'text/event-stream; charset=utf-8',
    date: 'Sun, 09 Nov 2025 05:57:44 GMT',
    server: 'uvicorn',
    'transfer-encoding': 'chunked'
  },
  durationMs: 461
}
response 200 http://localhost:61739/v1/messages?beta=true Headers {
  date: 'Sun, 09 Nov 2025 05:57:44 GMT',
  server: 'uvicorn',
  'content-type': 'text/event-stream; charset=utf-8',
  'transfer-encoding': 'chunked'
} ReadableStream { locked: false, state: 'readable', supportsBYOB: true }
[log_d83baa] response parsed {
  url: 'http://localhost:61739/v1/messages?beta=true',
  status: 200,
  body: mK {
    iterator: [AsyncGeneratorFunction: Z],
    controller: AbortController { signal: AbortSignal { aborted: false } }
  },
  durationMs: 461
}
[log_afe545] post http://localhost:61739/v1/messages?beta=true succeeded with status 200 in 1404ms
[log_afe545] response start {
  url: 'http://localhost:61739/v1/messages?beta=true',
  status: 200,
  headers: {
    'content-type': 'text/event-stream; charset=utf-8',
    date: 'Sun, 09 Nov 2025 05:57:44 GMT',
    server: 'uvicorn',
    'transfer-encoding': 'chunked'
  },
  durationMs: 1404
}
response 200 http://localhost:61739/v1/messages?beta=true Headers {
  date: 'Sun, 09 Nov 2025 05:57:44 GMT',
  server: 'uvicorn',
  'content-type': 'text/event-stream; charset=utf-8',
  'transfer-encoding': 'chunked'
} ReadableStream { locked: false, state: 'readable', supportsBYOB: true }
[log_afe545] response parsed {
  url: 'http://localhost:61739/v1/messages?beta=true',
  status: 200,
  body: mK {
    iterator: [AsyncGeneratorFunction: Z],
    controller: AbortController { signal: AbortSignal { aborted: false } }
  },
  durationMs: 1404
}
{"type":"assistant","message":{"id":"msg_b7a5eb831c294ddb9a4cf564","type":"message","role":"assistant","model":"openai/app-dsw4xd-1757654301803448727","content"
:[{"type":"text","text":"Let's check the output of the QEMU command:\n\n"}],"stop_reason":null,"stop_sequence":null,"usage":{"input_tokens":0,"cache_creation_in
put_tokens":0,"cache_read_input_tokens":0,"output_tokens":0}},"parent_tool_use_id":null,"session_id":"17048b1c-7074-40a0-8f55-78799668a6ec","uuid":"7654ab76-470
1-4fa7-aec2-ff51fd99ee9f"}
{"type":"assistant","message":{"id":"msg_b7a5eb831c294ddb9a4cf564","type":"message","role":"assistant","model":"openai/app-dsw4xd-1757654301803448727","content"
:[{"type":"tool_use","id":"call_73df760c2cb04e33b30c7d76","name":"BashOutput","input":{"bash_id":"36750f"}}],"stop_reason":null,"stop_sequence":null,"usage":{"i
nput_tokens":0,"cache_creation_input_tokens":0,"cache_read_input_tokens":0,"output_tokens":0}},"parent_tool_use_id":null,"session_id":"17048b1c-7074-40a0-8f55-7
8799668a6ec","uuid":"fcdb0b72-d910-4baa-86bf-859f3c25070c"}
{"type":"user","message":{"role":"user","content":[{"tool_use_id":"call_73df760c2cb04e33b30c7d76","type":"tool_result","content":"<status>running</status>\n\n<s
tdout>\n\u001bc\u001b[?7l\u001b[2J\u001b[0mSeaBIOS (version 1.16.3-debian-1.16.3-2)\r\n\n\niPXE (https://ipxe.org) 00:03.0 CA00 PCI2.10 PnP PMM+06FCAE00+06F0AE0
0 CA00\r\nPress Ctrl-B to configure iPXE (PCI 00:03.0)...\r                                                                               \r\n\n\nBooting from R
OM..\u001bc\u001b[?7l\u001b[2J[    0.000000] Linux version 6.9.0 (root@rack-ge107-ya-20250517193277.idczw.hb1.kwaidc.com) (gcc (Ubuntu 13.3.0-6ubuntu2~24.04) 13
.3.0, GNU ld (GNU Binutils for Ubuntu) 2.42) #2 SMP PREEMPT_DYNAMIC Sun Nov  9 05:52:32 UTC 2025\r\n[    0.000000] Hello, this is a custom kernel\r\n[    0.0000
00] Command line: console=ttyS0\r\n[    0.000000] BIOS-provided physical RAM map:\r\n[    0.000000] BIOS-e820: [mem 0x0000000000000000-0x000000000009fbff] usabl
e\r\n[    0.000000] BIOS-e820: [mem 0x000000000009fc00-0x000000000009ffff] reserved\r\n[    0.000000] BIOS-e820: [mem 0x00000000000f0000-0x00000000000fffff] res
erved\r\n[    0.000000] BIOS-e820: [mem 0x0000000000100000-0x0000000007fdffff] usable\r\n[    0.000000] BIOS-e820: [mem 0x0000000007fe0000-0x0000000007ffffff] r
eserved\r\n[    0.000000] BIOS-e820: [mem 0x00000000fffc0000-0x00000000ffffffff] reserved\r\n[    0.000000] BIOS-e820: [mem 0x000000fd00000000-0x000000fffffffff
f] reserved\r\n[    0.000000] NX (Execute Disable) protection: active\r\n[    0.000000] APIC: Static calls initialized\r\n[    0.000000] SMBIOS 3.0.0 present.\r
\n[    0.000000] DMI: QEMU Ubuntu 24.04 PC (i440FX + PIIX, 1996), BIOS 1.16.3-debian-1.16.3-2 04/01/2014\r\n[    0.000000] tsc: Fast TSC calibration using PIT\r
\n[    0.000000] tsc: Detected 2100.048 MHz processor\r\n[    0.008997] last_pfn = 0x7fe0 max_arch_pfn = 0x400000000\r\n[    0.009736] MTRR map: 4 entries (3 fi
xed + 1 variable; max 19), built from 8 variable MTRRs\r\n[    0.009919] x86/PAT: Configuration [0-7]: WB  WC  UC- UC  WB  WP  UC- WT  \r\n[    0.030402] found
SMP MP-table at [mem 0x000f5480-0x000f548f]\r\n[    0.035549] RAMDISK: [mem 0x07fdf000-0x07fdffff]\r\n[    0.036074] ACPI: Early table checksum verification dis
abled\r\n[    0.036450] ACPI: RSDP 0x00000000000F52A0 000014 (v00 BOCHS )\r\n[    0.036785] ACPI: RSDT 0x0000000007FE1C52 000034 (v01 BOCHS  BXPC     00000001 B
XPC 00000001)\r\n[    0.037470] ACPI: FACP 0x0000000007FE1B06 000074 (v01 BOCHS  BXPC     00000001 BXPC 00000001)\r\n[    0.038190] ACPI: DSDT 0x0000000007FE004
0 001AC6 (v01 BOCHS  BXPC     00000001 BXPC 00000001)\r\n[    0.038291] ACPI: FACS 0x0000000007FE0000 000040\r\n[    0.038354] ACPI: APIC 0x0000000007FE1B7A 000
078 (v03 BOCHS  BXPC     00000001 BXPC 00000001)\r\n[    0.038386] ACPI: HPET 0x0000000007FE1BF2 000038 (v01 BOCHS  BXPC     00000001 BXPC 00000001)\r\n[    0.0
38416] ACPI: WAET 0x0000000007FE1C2A 000028 (v01 BOCHS  BXPC     00000001 BXPC 00000001)\r\n[    0.038512] ACPI: Reserving FACP table memory at [mem 0x7fe1b06-0
x7fe1b79]\r\n[    0.038538] ACPI: Reserving DSDT table memory at [mem 0x7fe0040-0x7fe1b05]\r\n[    0.038547] ACPI: Reserving FACS table memory at [mem 0x7fe0000
-0x7fe003f]\r\n[    0.038555] ACPI: Reserving APIC table memory at [mem 0x7fe1b7a-0x7fe1bf1]\r\n[    0.038562] ACPI: Reserving HPET table memory at [mem 0x7fe1b
f2-0x7fe1c29]\r\n[    0.038570] ACPI: Reserving WAET table memory at [mem 0x7fe1c2a-0x7fe1c51]\r\n[    0.040801] No NUMA configuration found\r\n[    0.040827] F
aking a node at [mem 0x0000000000000000-0x0000000007fdffff]\r\n[    0.041455] NODE_DATA(0) allocated [mem 0x07fdb000-0x07fdefff]\r\n[    0.043734] Zone ranges:\
r\n[    0.043762]   DMA      [mem 0x0000000000001000-0x0000000000ffffff]\r\n[    0.043847]   DMA32    [mem 0x0000000001000000-0x0000000007fdffff]\r\n[    0.0438
60]   Normal   empty\r\n[    0.043886] Movable zone start for each node\r\n[    0.043916] Early memory node ranges\r\n[    0.043950]   node   0: [mem 0x00000000
00001000-0x000000000009efff]\r\n[    0.044139]   node   0: [mem 0x0000000000100000-0x0000000007fdffff]\r\n[    0.044382] Initmem setup node 0 [mem 0x00000000000
01000-0x0000000007fdffff]\r\n[    0.045318] On node 0, zone DMA: 1 pages in unavailable ranges\r\n[    0.045678] On node 0, zone DMA: 97 pages in unavailable ra
nges\r\n[    0.047067] On node 0, zone DMA32: 32 pages in unavailable ranges\r\n[    0.047547] ACPI: PM-Timer IO Port: 0x608\r\n[    0.047883] ACPI: LAPIC_NMI (
acpi_id[0xff] dfl dfl lint[0x1])\r\n[    0.048318] IOAPIC[0]: apic_id 0, version 32, address 0xfec00000, GSI 0-23\r\n[    0.048456] ACPI: INT_SRC_OVR (bus 0 bus
_irq 0 global_irq 2 dfl dfl)\r\n[    0.048736] ACPI: INT_SRC_OVR (bus 0 bus_irq 5 global_irq 5 high level)\r\n[    0.048795] ACPI: INT_SRC_OVR (bus 0 bus_irq 9
global_irq 9 high level)\r\n[    0.048897] ACPI: INT_SRC_OVR (bus 0 bus_irq 10 global_irq 10 high level)\r\n[    0.048909] ACPI: INT_SRC_OVR (bus 0 bus_irq 11 g
lobal_irq 11 high level)\r\n[    0.049136] ACPI: Using ACPI (MADT) for SMP configuration information\r\n[    0.049180] ACPI: HPET id: 0x8086a201 base: 0xfed0000
0\r\n[    0.049599] CPU topo: Max. logical packages:   1\r\n[    0.049616] CPU topo: Max. logical dies:       1\r\n[    0.049628] CPU topo: Max. dies per packag
e:   1\r\n[    0.049686] CPU topo: Max. threads per core:   1\r\n[    0.049870] CPU topo: Num. cores per package:     1\r\n[    0.049888] CPU topo: Num. threads
 per package:   1\r\n[    0.049898] CPU topo: Allowing 1 present CPUs plus 0 hotplug CPUs\r\n[    0.050858] PM: hibernation: Registered nosave memory: [mem 0x00
000000-0x00000fff]\r\n[    0.050906] PM: hibernation: Registered nosave memory: [mem 0x0009f000-0x0009ffff]\r\n[    0.050936] PM: hibernation: Registered nosave
 memory: [mem 0x000a0000-0x000effff]\r\n[    0.050943] PM: hibernation: Registered nosave memory: [mem 0x000f0000-0x000fffff]\r\n[    0.051082] [mem 0x08000000-
0xfffbffff] available for PCI devices\r\n[    0.051136] Booting paravirtualized kernel on bare hardware\r\n[    0.051455] clocksource: refined-jiffies: mask: 0x
ffffffff max_cycles: 0xffffffff, max_idle_ns: 1910969940391419 ns\r\n[    0.064704] setup_percpu: NR_CPUS:64 nr_cpumask_bits:1 nr_cpu_ids:1 nr_node_ids:1\r\n[
  0.067009] percpu: Embedded 56 pages/cpu s191656 r8192 d29528 u2097152\r\n[    0.069180] Kernel command line: console=ttyS0\r\n[    0.070438] Dentry cache hash
 table entries: 16384 (order: 5, 131072 bytes, linear)\r\n[    0.070604] Inode-cache hash table entries: 8192 (order: 4, 65536 bytes, linear)\r\n[    0.075512]
Fallback order for Node 0: 0 \r\n[    0.076043] Built 1 zonelists, mobility grouping on.  Total pages: 31968\r\n[    0.076086] Policy zone: DMA32\r\n[    0.0763
75] mem auto-init: stack:all(zero), heap alloc:off, heap free:off\r\n[    0.081489] Memory: 88148K/130552K available (18432K kernel code, 2792K rwdata, 6704K ro
data, 2704K init, 1292K bss, 42144K reserved, 0K cma-reserved)\r\n[    0.085329] SLUB: HWalign=64, Order=0-3, MinObjects=0, CPUs=1, Nodes=1\r\n[    0.099183] Dy
namic Preempt: voluntary\r\n[    0.103011] rcu: Preemptible hierarchical RCU implementation.\r\n[    0.103029] rcu: \tRCU event tracing is enabled.\r\n[    0.10
3060] rcu: \tRCU restricting CPUs from NR_CPUS=64 to nr_cpu_ids=1.\r\n[    0.103194] \tTrampoline variant of Tasks RCU enabled.\r\n[    0.103296] rcu: RCU calcu
lated value of scheduler-enlistment delay is 100 jiffies.\r\n[    0.103326] rcu: Adjusting geometry for rcu_fanout_leaf=16, nr_cpu_ids=1\r\n[    0.104572] RCU T
asks: Setting shift to 0 and lim to 1 rcu_task_cb_adjust=1.\r\n[    0.119063] NR_IRQS: 4352, nr_irqs: 256, preallocated irqs: 16\r\n[    0.129351] rcu: srcu_ini
t: Setting srcu_struct sizes based on contention.\r\n[    0.136119] Console: colour VGA+ 80x25\r\n[    0.138049] printk: legacy console [ttyS0] enabled\r\n[
0.152373] ACPI: Core revision 20230628\r\n[    0.158090] clocksource: hpet: mask: 0xffffffff max_cycles: 0xffffffff, max_idle_ns: 19112604467 ns\r\n[    0.16415
3] APIC: Switch to symmetric I/O mode setup\r\n[    0.169519] ..TIMER: vector=0x30 apic1=0 pin1=2 apic2=-1 pin2=-1\r\n[    0.174832] clocksource: tsc-early: mas
k: 0xffffffffffffffff max_cycles: 0x1e455dda067, max_idle_ns: 440795255743 ns\r\n[    0.176431] Calibrating delay loop (skipped), value calculated using timer f
requency.. 4200.09 BogoMIPS (lpj=2100048)\r\n[    0.180217] Last level iTLB entries: 4KB 512, 2MB 255, 4MB 127\r\n[    0.180378] Last level dTLB entries: 4KB 51
2, 2MB 255, 4MB 127, 1GB 0\r\n[    0.180848] Spectre V1 : Mitigation: usercopy/swapgs barriers and __user pointer sanitization\r\n[    0.181167] Spectre V2 : Mi
tigation: Retpolines\r\n[    0.181238] Spectre V2 : Spectre v2 / SpectreRSB mitigation: Filling RSB on context switch\r\n[    0.181426] Spectre V2 : Spectre v2
/ SpectreRSB : Filling RSB on VMEXIT\r\n[    0.184853] x86/fpu: x87 FPU will use FXSAVE\r\n[    0.594304] Freeing SMP alternatives memory: 48K\r\n[    0.595425]
 pid_max: default: 32768 minimum: 301\r\n[    0.599931] LSM: initializing lsm=capability,selinux\r\n[    0.600659] SELinux:  Initializing.\r\n[    0.607336] Mou
nt-cache hash table entries: 512 (order: 0, 4096 bytes, linear)\r\n[    0.607683] Mountpoint-cache hash table entries: 512 (order: 0, 4096 bytes, linear)\r\n[
  0.744210] smpboot: CPU0: AMD QEMU Virtual CPU version 2.5+ (family: 0xf, model: 0x6b, stepping: 0x1)\r\n[    0.754668] Performance Events: PMU not available d
ue to virtualization, using software events only.\r\n[    0.756253] signal: max sigframe size: 1440\r\n[    0.758308] rcu: Hierarchical SRCU implementation.\r\n
[    0.758483] rcu: \tMax phase no-delay instances is 400.\r\n[    0.766573] smp: Bringing up secondary CPUs ...\r\n[    0.769727] smp: Brought up 1 node, 1 CPU
\r\n[    0.770029] smpboot: Total of 1 processors activated (4200.09 BogoMIPS)\r\n[    0.786230] devtmpfs: initialized\r\n[    0.797049] clocksource: jiffies: m
ask: 0xffffffff max_cycles: 0xffffffff, max_idle_ns: 1911260446275000 ns\r\n[    0.797818] futex hash table entries: 256 (order: 2, 16384 bytes, linear)\r\n[
 0.801338] PM: RTC time: 05:57:46, date: 2025-11-09\r\n[    0.808368] NET: Registered PF_NETLINK/PF_ROUTE protocol family\r\n[    0.812300] audit: initializing
netlink subsys (disabled)\r\n[    0.815980] audit: type=2000 audit(1762667866.651:1): state=initialized audit_enabled=0 res=1\r\n[    0.819180] thermal_sys: Reg
istered thermal governor 'step_wise'\r\n[    0.819250] thermal_sys: Registered thermal governor 'user_space'\r\n[    0.819883] cpuidle: using governor menu\r\n[
    0.824156] PCI: Using configuration type 1 for base access\r\n[    0.826728] kprobes: kprobe jump-optimization is enabled. All kprobes are optimized if possi
ble.\r\n[    0.831412] HugeTLB: registered 2.00 MiB page size, pre-allocated 0 pages\r\n[    0.831623] HugeTLB: 28 KiB vmemmap can be freed for a 2.00 MiB page\
r\n[    0.838436] Demotion targets for Node 0: null\r\n[    0.849502] ACPI: Added _OSI(Module Device)\r\n[    0.849650] ACPI: Added _OSI(Processor Device)\r\n[
   0.849753] ACPI: Added _OSI(3.0 _SCP Extensions)\r\n[    0.849856] ACPI: Added _OSI(Processor Aggregator Device)\r\n[    0.878170] ACPI: 1 ACPI AML tables suc
cessfully acquired and loaded\r\n[    0.912760] ACPI: _OSC evaluation for CPUs failed, trying _PDC\r\n[    0.916222] ACPI: Interpreter enabled\r\n[    0.920327]
 ACPI: PM: (supports S0 S3 S4 S5)\r\n[    0.920474] ACPI: Using IOAPIC for interrupt routing\r\n[    0.921005] PCI: Using host bridge windows from ACPI; if nece
ssary, use \"pci=nocrs\" and report a bug\r\n[    0.921244] PCI: Using E820 reservations for host bridge windows\n</stdout>\n\n<timestamp>2025-11-09T05:57:47.26
6Z</timestamp>"}]},"parent_tool_use_id":null,"session_id":"17048b1c-7074-40a0-8f55-78799668a6ec","uuid":"d3266807-0764-4ce3-8d3d-cdd0818fc17b"}
[log_dad99f] sending request {
  method: 'post',
  url: 'http://localhost:61739/v1/messages?beta=true',
  options: {
    method: 'post',
    path: '/v1/messages?beta=true',
    body: {
      model: 'openai/app-dsw4xd-1757654301803448727',
      messages: [Array],
      system: [Array],
      tools: [Array],
      tool_choice: undefined,
      metadata: [Object],
      max_tokens: 32000,
      thinking: undefined,
      stream: true
    },
    timeout: 600000,
    signal: AbortSignal { aborted: false },
    stream: true
  },
  headers: {
    accept: 'application/json',
    'anthropic-beta': 'claude-code-20250219,interleaved-thinking-2025-05-14,fine-grained-tool-streaming-2025-05-14',
    'anthropic-dangerous-direct-browser-access': 'true',
    'anthropic-version': '2023-06-01',
    authorization: '***',
    'content-type': 'application/json',
    'user-agent': 'claude-cli/2.0.29 (external, sdk-cli)',
    'x-api-key': '***',
    'x-app': 'cli',
    'x-stainless-arch': 'x64',
    'x-stainless-helper-method': 'stream',
    'x-stainless-lang': 'js',
    'x-stainless-os': 'Linux',
    'x-stainless-package-version': '0.60.0',
    'x-stainless-retry-count': '0',
    'x-stainless-runtime': 'node',
    'x-stainless-runtime-version': 'v20.19.4',
    'x-stainless-timeout': '600'
  }
}
[log_dad99f] post http://localhost:61739/v1/messages?beta=true succeeded with status 200 in 7809ms
[log_dad99f] response start {
  url: 'http://localhost:61739/v1/messages?beta=true',
  status: 200,
  headers: {
    'content-type': 'text/event-stream; charset=utf-8',
    date: 'Sun, 09 Nov 2025 05:57:46 GMT',
    server: 'uvicorn',
    'transfer-encoding': 'chunked'
  },
  durationMs: 7809
}
response 200 http://localhost:61739/v1/messages?beta=true Headers {
  date: 'Sun, 09 Nov 2025 05:57:46 GMT',
  server: 'uvicorn',
  'content-type': 'text/event-stream; charset=utf-8',
  'transfer-encoding': 'chunked'
} ReadableStream { locked: false, state: 'readable', supportsBYOB: true }
[log_dad99f] response parsed {
  url: 'http://localhost:61739/v1/messages?beta=true',
  status: 200,
  body: mK {
    iterator: [AsyncGeneratorFunction: Z],
    controller: AbortController { signal: AbortSignal { aborted: false } }
  },
  durationMs: 7810
}
{"type":"assistant","message":{"id":"msg_7e1a26415ae04a2ebdaefea5","type":"message","role":"assistant","model":"openai/app-dsw4xd-1757654301803448727","content"
:[{"type":"text","text":"Let's continue checking the output:\n\n"}],"stop_reason":null,"stop_sequence":null,"usage":{"input_tokens":0,"cache_creation_input_toke
ns":0,"cache_read_input_tokens":0,"output_tokens":0}},"parent_tool_use_id":null,"session_id":"17048b1c-7074-40a0-8f55-78799668a6ec","uuid":"ff172342-2474-474f-a
08b-b034d6c6987d"}
{"type":"assistant","message":{"id":"msg_7e1a26415ae04a2ebdaefea5","type":"message","role":"assistant","model":"openai/app-dsw4xd-1757654301803448727","content"
:[{"type":"tool_use","id":"call_edd1b78d3e3d4e168823e1d7","name":"BashOutput","input":{"bash_id":"36750f"}}],"stop_reason":null,"stop_sequence":null,"usage":{"i
nput_tokens":0,"cache_creation_input_tokens":0,"cache_read_input_tokens":0,"output_tokens":0}},"parent_tool_use_id":null,"session_id":"17048b1c-7074-40a0-8f55-7
8799668a6ec","uuid":"1f30a738-bc73-4d79-baba-6737d5ad2c52"}
{"type":"user","message":{"role":"user","content":[{"tool_use_id":"call_edd1b78d3e3d4e168823e1d7","type":"tool_result","content":"<status>running</status>\n\n<s
tdout>\n\u001bc\u001b[?7l\u001b[2J\u001b[0mSeaBIOS (version 1.16.3-debian-1.16.3-2)\r\n\n\niPXE (https://ipxe.org) 00:03.0 CA00 PCI2.10 PnP PMM+06FCAE00+06F0AE0
0 CA00\r\nPress Ctrl-B to configure iPXE (PCI 00:03.0)...\r                                                                               \r\n\n\nBooting from R
OM..\u001bc\u001b[?7l\u001b[2J[    0.000000] Linux version 6.9.0 (root@rack-ge107-ya-20250517193277.idczw.hb1.kwaidc.com) (gcc (Ubuntu 13.3.0-6ubuntu2~24.04) 13
.3.0, GNU ld (GNU Binutils for Ubuntu) 2.42) #2 SMP PREEMPT_DYNAMIC Sun Nov  9 05:52:32 UTC 2025\r\n[    0.000000] Hello, this is a custom kernel\r\n[    0.0000
00] Command line: console=ttyS0\r\n[    0.000000] BIOS-provided physical RAM map:\r\n[    0.000000] BIOS-e820: [mem 0x0000000000000000-0x000000000009fbff] usabl
e\r\n[    0.000000] BIOS-e820: [mem 0x000000000009fc00-0x000000000009ffff] reserved\r\n[    0.000000] BIOS-e820: [mem 0x00000000000f0000-0x00000000000fffff] res
erved\r\n[    0.000000] BIOS-e820: [mem 0x0000000000100000-0x0000000007fdffff] usable\r\n[    0.000000] BIOS-e820: [mem 0x0000000007fe0000-0x0000000007ffffff] r
eserved\r\n[    0.000000] BIOS-e820: [mem 0x00000000fffc0000-0x00000000ffffffff] reserved\r\n[    0.000000] BIOS-e820: [mem 0x000000fd00000000-0x000000fffffffff
f] reserved\r\n[    0.000000] NX (Execute Disable) protection: active\r\n[    0.000000] APIC: Static calls initialized\r\n[    0.000000] SMBIOS 3.0.0 present.\r
\n[    0.000000] DMI: QEMU Ubuntu 24.04 PC (i440FX + PIIX, 1996), BIOS 1.16.3-debian-1.16.3-2 04/01/2014\r\n[    0.000000] tsc: Fast TSC calibration using PIT\r
\n[    0.000000] tsc: Detected 2100.048 MHz processor\r\n[    0.008997] last_pfn = 0x7fe0 max_arch_pfn = 0x400000000\r\n[    0.009736] MTRR map: 4 entries (3 fi
xed + 1 variable; max 19), built from 8 variable MTRRs\r\n[    0.009919] x86/PAT: Configuration [0-7]: WB  WC  UC- UC  WB  WP  UC- WT  \r\n[    0.030402] found
SMP MP-table at [mem 0x000f5480-0x000f548f]\r\n[    0.035549] RAMDISK: [mem 0x07fdf000-0x07fdffff]\r\n[    0.036074] ACPI: Early table checksum verification dis
abled\r\n[    0.036450] ACPI: RSDP 0x00000000000F52A0 000014 (v00 BOCHS )\r\n[    0.036785] ACPI: RSDT 0x0000000007FE1C52 000034 (v01 BOCHS  BXPC     00000001 B
XPC 00000001)\r\n[    0.037470] ACPI: FACP 0x0000000007FE1B06 000074 (v01 BOCHS  BXPC     00000001 BXPC 00000001)\r\n[    0.038190] ACPI: DSDT 0x0000000007FE004
0 001AC6 (v01 BOCHS  BXPC     00000001 BXPC 00000001)\r\n[    0.038291] ACPI: FACS 0x0000000007FE0000 000040\r\n[    0.038354] ACPI: APIC 0x0000000007FE1B7A 000
078 (v03 BOCHS  BXPC     00000001 BXPC 00000001)\r\n[    0.038386] ACPI: HPET 0x0000000007FE1BF2 000038 (v01 BOCHS  BXPC     00000001 BXPC 00000001)\r\n[    0.0
38416] ACPI: WAET 0x0000000007FE1C2A 000028 (v01 BOCHS  BXPC     00000001 BXPC 00000001)\r\n[    0.038512] ACPI: Reserving FACP table memory at [mem 0x7fe1b06-0
x7fe1b79]\r\n[    0.038538] ACPI: Reserving DSDT table memory at [mem 0x7fe0040-0x7fe1b05]\r\n[    0.038547] ACPI: Reserving FACS table memory at [mem 0x7fe0000
-0x7fe003f]\r\n[    0.038555] ACPI: Reserving APIC table memory at [mem 0x7fe1b7a-0x7fe1bf1]\r\n[    0.038562] ACPI: Reserving HPET table memory at [mem 0x7fe1b
f2-0x7fe1c29]\r\n[    0.038570] ACPI: Reserving WAET table memory at [mem 0x7fe1c2a-0x7fe1c51]\r\n[    0.040801] No NUMA configuration found\r\n[    0.040827] F
aking a node at [mem 0x0000000000000000-0x0000000007fdffff]\r\n[    0.041455] NODE_DATA(0) allocated [mem 0x07fdb000-0x07fdefff]\r\n[    0.043734] Zone ranges:\
r\n[    0.043762]   DMA      [mem 0x0000000000001000-0x0000000000ffffff]\r\n[    0.043847]   DMA32    [mem 0x0000000001000000-0x0000000007fdffff]\r\n[    0.0438
60]   Normal   empty\r\n[    0.043886] Movable zone start for each node\r\n[    0.043916] Early memory node ranges\r\n[    0.043950]   node   0: [mem 0x00000000
00001000-0x000000000009efff]\r\n[    0.044139]   node   0: [mem 0x0000000000100000-0x0000000007fdffff]\r\n[    0.044382] Initmem setup node 0 [mem 0x00000000000
01000-0x0000000007fdffff]\r\n[    0.045318] On node 0, zone DMA: 1 pages in unavailable ranges\r\n[    0.045678] On node 0, zone DMA: 97 pages in unavailable ra
nges\r\n[    0.047067] On node 0, zone DMA32: 32 pages in unavailable ranges\r\n[    0.047547] ACPI: PM-Timer IO Port: 0x608\r\n[    0.047883] ACPI: LAPIC_NMI (
acpi_id[0xff] dfl dfl lint[0x1])\r\n[    0.048318] IOAPIC[0]: apic_id 0, version 32, address 0xfec00000, GSI 0-23\r\n[    0.048456] ACPI: INT_SRC_OVR (bus 0 bus
_irq 0 global_irq 2 dfl dfl)\r\n[    0.048736] ACPI: INT_SRC_OVR (bus 0 bus_irq 5 global_irq 5 high level)\r\n[    0.048795] ACPI: INT_SRC_OVR (bus 0 bus_irq 9
global_irq 9 high level)\r\n[    0.048897] ACPI: INT_SRC_OVR (bus 0 bus_irq 10 global_irq 10 high level)\r\n[    0.048909] ACPI: INT_SRC_OVR (bus 0 bus_irq 11 g
lobal_irq 11 high level)\r\n[    0.049136] ACPI: Using ACPI (MADT) for SMP configuration information\r\n[    0.049180] ACPI: HPET id: 0x8086a201 base: 0xfed0000
0\r\n[    0.049599] CPU topo: Max. logical packages:   1\r\n[    0.049616] CPU topo: Max. logical dies:       1\r\n[    0.049628] CPU topo: Max. dies per packag
e:   1\r\n[    0.049686] CPU topo: Max. threads per core:   1\r\n[    0.049870] CPU topo: Num. cores per package:     1\r\n[    0.049888] CPU topo: Num. threads
 per package:   1\r\n[    0.049898] CPU topo: Allowing 1 present CPUs plus 0 hotplug CPUs\r\n[    0.050858] PM: hibernation: Registered nosave memory: [mem 0x00
000000-0x00000fff]\r\n[    0.050906] PM: hibernation: Registered nosave memory: [mem 0x0009f000-0x0009ffff]\r\n[    0.050936] PM: hibernation: Registered nosave
 memory: [mem 0x000a0000-0x000effff]\r\n[    0.050943] PM: hibernation: Registered nosave memory: [mem 0x000f0000-0x000fffff]\r\n[    0.051082] [mem 0x08000000-
0xfffbffff] available for PCI devices\r\n[    0.051136] Booting paravirtualized kernel on bare hardware\r\n[    0.051455] clocksource: refined-jiffies: mask: 0x
ffffffff max_cycles: 0xffffffff, max_idle_ns: 1910969940391419 ns\r\n[    0.064704] setup_percpu: NR_CPUS:64 nr_cpumask_bits:1 nr_cpu_ids:1 nr_node_ids:1\r\n[
  0.067009] percpu: Embedded 56 pages/cpu s191656 r8192 d29528 u2097152\r\n[    0.069180] Kernel command line: console=ttyS0\r\n[    0.070438] Dentry cache hash
 table entries: 16384 (order: 5, 131072 bytes, linear)\r\n[    0.070604] Inode-cache hash table entries: 8192 (order: 4, 65536 bytes, linear)\r\n[    0.075512]
Fallback order for Node 0: 0 \r\n[    0.076043] Built 1 zonelists, mobility grouping on.  Total pages: 31968\r\n[    0.076086] Policy zone: DMA32\r\n[    0.0763
75] mem auto-init: stack:all(zero), heap alloc:off, heap free:off\r\n[    0.081489] Memory: 88148K/130552K available (18432K kernel code, 2792K rwdata, 6704K ro
data, 2704K init, 1292K bss, 42144K reserved, 0K cma-reserved)\r\n[    0.085329] SLUB: HWalign=64, Order=0-3, MinObjects=0, CPUs=1, Nodes=1\r\n[    0.099183] Dy
namic Preempt: voluntary\r\n[    0.103011] rcu: Preemptible hierarchical RCU implementation.\r\n[    0.103029] rcu: \tRCU event tracing is enabled.\r\n[    0.10
3060] rcu: \tRCU restricting CPUs from NR_CPUS=64 to nr_cpu_ids=1.\r\n[    0.103194] \tTrampoline variant of Tasks RCU enabled.\r\n[    0.103296] rcu: RCU calcu
lated value of scheduler-enlistment delay is 100 jiffies.\r\n[    0.103326] rcu: Adjusting geometry for rcu_fanout_leaf=16, nr_cpu_ids=1\r\n[    0.104572] RCU T
asks: Setting shift to 0 and lim to 1 rcu_task_cb_adjust=1.\r\n[    0.119063] NR_IRQS: 4352, nr_irqs: 256, preallocated irqs: 16\r\n[    0.129351] rcu: srcu_ini
t: Setting srcu_struct sizes based on contention.\r\n[    0.136119] Console: colour VGA+ 80x25\r\n[    0.138049] printk: legacy console [ttyS0] enabled\r\n[
0.152373] ACPI: Core revision 20230628\r\n[    0.158090] clocksource: hpet: mask: 0xffffffff max_cycles: 0xffffffff, max_idle_ns: 19112604467 ns\r\n[    0.16415
3] APIC: Switch to symmetric I/O mode setup\r\n[    0.169519] ..TIMER: vector=0x30 apic1=0 pin1=2 apic2=-1 pin2=-1\r\n[    0.174832] clocksource: tsc-early: mas
k: 0xffffffffffffffff max_cycles: 0x1e455dda067, max_idle_ns: 440795255743 ns\r\n[    0.176431] Calibrating delay loop (skipped), value calculated using timer f
requency.. 4200.09 BogoMIPS (lpj=2100048)\r\n[    0.180217] Last level iTLB entries: 4KB 512, 2MB 255, 4MB 127\r\n[    0.180378] Last level dTLB entries: 4KB 51
2, 2MB 255, 4MB 127, 1GB 0\r\n[    0.180848] Spectre V1 : Mitigation: usercopy/swapgs barriers and __user pointer sanitization\r\n[    0.181167] Spectre V2 : Mi
tigation: Retpolines\r\n[    0.181238] Spectre V2 : Spectre v2 / SpectreRSB mitigation: Filling RSB on context switch\r\n[    0.181426] Spectre V2 : Spectre v2
/ SpectreRSB : Filling RSB on VMEXIT\r\n[    0.184853] x86/fpu: x87 FPU will use FXSAVE\r\n[    0.594304] Freeing SMP alternatives memory: 48K\r\n[    0.595425]
 pid_max: default: 32768 minimum: 301\r\n[    0.599931] LSM: initializing lsm=capability,selinux\r\n[    0.600659] SELinux:  Initializing.\r\n[    0.607336] Mou
nt-cache hash table entries: 512 (order: 0, 4096 bytes, linear)\r\n[    0.607683] Mountpoint-cache hash table entries: 512 (order: 0, 4096 bytes, linear)\r\n[
  0.744210] smpboot: CPU0: AMD QEMU Virtual CPU version 2.5+ (family: 0xf, model: 0x6b, stepping: 0x1)\r\n[    0.754668] Performance Events: PMU not available d
ue to virtualization, using software events only.\r\n[    0.756253] signal: max sigframe size: 1440\r\n[    0.758308] rcu: Hierarchical SRCU implementation.\r\n
[    0.758483] rcu: \tMax phase no-delay instances is 400.\r\n[    0.766573] smp: Bringing up secondary CPUs ...\r\n[    0.769727] smp: Brought up 1 node, 1 CPU
\r\n[    0.770029] smpboot: Total of 1 processors activated (4200.09 BogoMIPS)\r\n[    0.786230] devtmpfs: initialized\r\n[    0.797049] clocksource: jiffies: m
ask: 0xffffffff max_cycles: 0xffffffff, max_idle_ns: 1911260446275000 ns\r\n[    0.797818] futex hash table entries: 256 (order: 2, 16384 bytes, linear)\r\n[
 0.801338] PM: RTC time: 05:57:46, date: 2025-11-09\r\n[    0.808368] NET: Registered PF_NETLINK/PF_ROUTE protocol family\r\n[    0.812300] audit: initializing
netlink subsys (disabled)\r\n[    0.815980] audit: type=2000 audit(1762667866.651:1): state=initialized audit_enabled=0 res=1\r\n[    0.819180] thermal_sys: Reg
istered thermal governor 'step_wise'\r\n[    0.819250] thermal_sys: Registered thermal governor 'user_space'\r\n[    0.819883] cpuidle: using governor menu\r\n[
    0.824156] PCI: Using configuration type 1 for base access\r\n[    0.826728] kprobes: kprobe jump-optimization is enabled. All kprobes are optimized if possi
ble.\r\n[    0.831412] HugeTLB: registered 2.00 MiB page size, pre-allocated 0 pages\r\n[    0.831623] HugeTLB: 28 KiB vmemmap can be freed for a 2.00 MiB page\
r\n[    0.838436] Demotion targets for Node 0: null\r\n[    0.849502] ACPI: Added _OSI(Module Device)\r\n[    0.849650] ACPI: Added _OSI(Processor Device)\r\n[
   0.849753] ACPI: Added _OSI(3.0 _SCP Extensions)\r\n[    0.849856] ACPI: Added _OSI(Processor Aggregator Device)\r\n[    0.878170] ACPI: 1 ACPI AML tables suc
cessfully acquired and loaded\r\n[    0.912760] ACPI: _OSC evaluation for CPUs failed, trying _PDC\r\n[    0.916222] ACPI: Interpreter enabled\r\n[    0.920327]
 ACPI: PM: (supports S0 S3 S4 S5)\r\n[    0.920474] ACPI: Using IOAPIC for interrupt routing\r\n[    0.921005] PCI: Using host bridge windows from ACPI; if nece
ssary, use \"pci=nocrs\" and report a bug\r\n[    0.921244] PCI: Using E820 reservations for host bridge windows\r\n[    0.925402] ACPI: Enabled 2 GPEs in block
 00 to 0F\r\n[    0.992261] ACPI: PCI Root Bridge [PCI0] (domain 0000 [bus 00-ff])\r\n[    0.994939] acpi PNP0A03:00: _OSC: OS supports [ASPM ClockPM Segments M
SI HPX-Type3]\r\n[    0.995354] acpi PNP0A03:00: _OSC: not requesting OS control; OS requires [ExtendedConfig ASPM ClockPM MSI]\r\n[    1.003358] acpi PNP0A03:0
0: fail to add MMCONFIG information, can't access extended configuration space under this bridge\r\n[    1.007138] PCI host bridge to bus 0000:00\r\n[    1.0073
86] pci_bus 0000:00: root bus resource [io  0x0000-0x0cf7 window]\r\n[    1.007685] pci_bus 0000:00: root bus resource [io  0x0d00-0xffff window]\r\n[    1.0078
37] pci_bus 0000:00: root bus resource [mem 0x000a0000-0x000bffff window]\r\n[    1.008043] pci_bus 0000:00: root bus resource [mem 0x08000000-0xfebfffff window
]\r\n[    1.008223] pci_bus 0000:00: root bus resource [mem 0x100000000-0x17fffffff window]\r\n[    1.008539] pci_bus 0000:00: root bus resource [bus 00-ff]\r\n
[    1.011425] pci 0000:00:00.0: [8086:1237] type 00 class 0x060000 conventional PCI endpoint\r\n[    1.033959] pci 0000:00:01.0: [8086:7000] type 00 class 0x06
0100 conventional PCI endpoint\r\n[    1.034907] pci 0000:00:01.1: [8086:7010] type 00 class 0x010180 conventional PCI endpoint\r\n[    1.037111] pci 0000:00:01
.1: BAR 4 [io  0xc040-0xc04f]\r\n[    1.038096] pci 0000:00:01.1: BAR 0 [io  0x01f0-0x01f7]: legacy IDE quirk\r\n[    1.038252] pci 0000:00:01.1: BAR 1 [io  0x0
3f6]: legacy IDE quirk\r\n[    1.038429] pci 0000:00:01.1: BAR 2 [io  0x0170-0x0177]: legacy IDE quirk\r\n[    1.038589] pci 0000:00:01.1: BAR 3 [io  0x0376]: l
egacy IDE quirk\r\n[    1.039665] pci 0000:00:01.3: [8086:7113] type 00 class 0x068000 conventional PCI endpoint\r\n[    1.040314] pci 0000:00:01.3: quirk: [io
 0x0600-0x063f] claimed by PIIX4 ACPI\r\n[    1.040516] pci 0000:00:01.3: quirk: [io  0x0700-0x070f] claimed by PIIX4 SMB\r\n[    1.041305] pci 0000:00:02.0: [1
234:1111] type 00 class 0x030000 conventional PCI endpoint\r\n[    1.042181] pci 0000:00:02.0: BAR 0 [mem 0xfd000000-0xfdffffff pref]\r\n[    1.043527] pci 0000
:00:02.0: BAR 2 [mem 0xfebb0000-0xfebb0fff]\r\n[    1.046673] pci 0000:00:02.0: ROM [mem 0xfeba0000-0xfebaffff pref]\r\n[    1.060527] pci 0000:00:02.0: Video d
evice with shadowed ROM at [mem 0x000c0000-0x000dffff]\r\n[    1.061431] pci 0000:00:03.0: [8086:100e] type 00 class 0x020000 conventional PCI endpoint\r\n[
1.062145] pci 0000:00:03.0: BAR 0 [mem 0xfeb80000-0xfeb9ffff]\r\n[    1.062710] pci 0000:00:03.0: BAR 1 [io  0xc000-0xc03f]\r\n[    1.065240] pci 0000:00:03.0:
ROM [mem 0xfeb00000-0xfeb7ffff pref]\r\n[    1.087887] ACPI: PCI: Interrupt link LNKA configured for IRQ 10\r\n[    1.088623] ACPI: PCI: Interrupt link LNKB con
figured for IRQ 10\r\n[    1.089105] ACPI: PCI: Interrupt link LNKC configured for IRQ 11\r\n[    1.089560] ACPI: PCI: Interrupt link LNKD configured for IRQ 11
\r\n[    1.089851] ACPI: PCI: Interrupt link LNKS configured for IRQ 9\r\n[    1.093663] iommu: Default domain type: Translated\r\n[    1.093844] iommu: DMA dom
ain TLB invalidation policy: lazy mode\r\n[    1.095339] SCSI subsystem initialized\r\n[    1.097365] ACPI: bus type USB registered\r\n[    1.097791] usbcore: r
egistered new interface driver usbfs\r\n[    1.098173] usbcore: registered new interface driver hub\r\n[    1.098420] usbcore: registered new device driver usb\
r\n[    1.098893] pps_core: LinuxPPS API ver. 1 registered\r\n[    1.099014] pps_core: Software ver. 5.3.6 - Copyright 2005-2007 Rodolfo Giometti <giometti@linu
x.it>\r\n[    1.112702] PTP clock support registered\r\n[    1.114860] Advanced Linux Sound Architecture Driver Initialized.\r\n[    1.148822] NetLabel: Initial
izing\r\n[    1.148946] NetLabel:  domain hash size = 128\r\n[    1.149054] NetLabel:  protocols = UNLABELED CIPSOv4 CALIPSO\r\n[    1.150147] NetLabel:  unlabe
led traffic allowed by default\r\n[    1.155454] PCI: Using ACPI for IRQ routing\r\n[    1.157983] pci 0000:00:02.0: vgaarb: setting as boot VGA device\r\n[
1.158205] pci 0000:00:02.0: vgaarb: bridge control possible\r\n[    1.158210] pci 0000:00:02.0: vgaarb: VGA device added: decodes=io+mem,owns=io+mem,locks=none\
r\n[    1.158251] vgaarb: loaded\r\n[    1.175619] hpet: 3 channels of 0 reserved for per-cpu timers\r\n[    1.176041] hpet0: at MMIO 0xfed00000, IRQs 2, 8, 0\r
\n[    1.176244] hpet0: 3 comparators, 64-bit 100.000000 MHz counter\r\n[    1.181103] clocksource: Switched to clocksource tsc-early\r\n[    1.184354] VFS: Dis
k quotas dquot_6.6.0\r\n[    1.184615] VFS: Dquot-cache hash table entries: 512 (order 0, 4096 bytes)\r\n[    1.189677] pnp: PnP ACPI init\r\n[    1.207580] pnp
: PnP ACPI: found 6 devices\r\n[    1.285694] clocksource: acpi_pm: mask: 0xffffff max_cycles: 0xffffff, max_idle_ns: 2085701024 ns\r\n[    1.288182] NET: Regis
tered PF_INET protocol family\r\n[    1.305521] IP idents hash table entries: 2048 (order: 2, 16384 bytes, linear)\r\n[    1.313963] tcp_listen_portaddr_hash ha
sh table entries: 256 (order: 0, 4096 bytes, linear)\r\n[    1.314465] Table-perturb hash table entries: 65536 (order: 6, 262144 bytes, linear)\r\n[    1.314691
] TCP established hash table entries: 1024 (order: 1, 8192 bytes, linear)\r\n[    1.315013] TCP bind hash table entries: 1024 (order: 3, 32768 bytes, linear)\r\
n[    1.315353] TCP: Hash tables configured (established 1024 bind 1024)\r\n[    1.316511] UDP hash table entries: 256 (order: 1, 8192 bytes, linear)\r\n[    1.
316928] UDP-Lite hash table entries: 256 (order: 1, 8192 bytes, linear)\r\n[    1.318688] NET: Registered PF_UNIX/PF_LOCAL protocol family\r\n[    1.339408] RPC
: Registered named UNIX socket transport module.\r\n[    1.339608] RPC: Registered udp transport module.\r\n[    1.339720] RPC: Registered tcp transport module.
\r\n[    1.339819] RPC: Registered tcp-with-tls transport module.\r\n[    1.339928] RPC: Registered tcp NFSv4.1 backchannel transport module.\r\n[    1.343357]
pci_bus 0000:00: resource 4 [io  0x0000-0x0cf7 window]\r\n[    1.343551] pci_bus 0000:00: resource 5 [io  0x0d00-0xffff window]\r\n[    1.343689] pci_bus 0000:0
0: resource 6 [mem 0x000a0000-0x000bffff window]\r\n[    1.343831] pci_bus 0000:00: resource 7 [mem 0x08000000-0xfebfffff window]\r\n[    1.343973] pci_bus 0000
:00: resource 8 [mem 0x100000000-0x17fffffff window]\r\n[    1.344685] pci 0000:00:01.0: PIIX3: Enabling Passive Release\r\n[    1.344906] pci 0000:00:00.0: Lim
iting direct PCI/PCI transfers\r\n[    1.345180] PCI: CLS 0 bytes, default 64\r\n[    1.370322] Unpacking initramfs...\r\n[    1.383359] Freeing initrd memory:
4K\r\n[    2.116136] Initialise system trusted keyrings\r\n[    2.118681] workingset: timestamp_bits=56 max_order=15 bucket_order=0\r\n[    2.124130] NFS: Regis
tering the id_resolver key type\r\n[    2.124710] Key type id_resolver registered\r\n[    2.124837] Key type id_legacy registered\r\n[    2.125792] 9p: Installi
ng v9fs 9p2000 file system support\r\n[    2.239016] Key type asymmetric registered\r\n[    2.239265] Asymmetric key parser 'x509' registered\r\n[    2.239739]
Block layer SCSI generic (bsg) driver version 0.4 loaded (major 251)\r\n[    2.240380] io scheduler mq-deadline registered\r\n[    2.240531] io scheduler kyber
registered\r\n[    2.244171] input: Power Button as /devices/LNXSYSTM:00/LNXPWRBN:00/input/input0\r\n[    2.249324] ACPI: button: Power Button [PWRF]\r\n[    2.
254016] Serial: 8250/16550 driver, 4 ports, IRQ sharing enabled\r\n[    2.258117] 00:04: ttyS0 at I/O 0x3f8 (irq = 4, base_baud = 115200) is a 16550A\r\n[    2.
265020] Non-volatile memory driver v1.3\r\n[    2.265209] Linux agpgart interface v0.103\r\n[    2.267216] ACPI: bus type drm_connector registered\r\n[    2.286
696] loop: module loaded\r\n[    2.297007] scsi host0: ata_piix\r\n[    2.298969] scsi host1: ata_piix\r\n[    2.299577] ata1: PATA max MWDMA2 cmd 0x1f0 ctl 0x3
f6 bmdma 0xc040 irq 14 lpm-pol 0\r\n[    2.299804] ata2: PATA max MWDMA2 cmd 0x170 ctl 0x376 bmdma 0xc048 irq 15 lpm-pol 0\r\n[    2.306580] e100: Intel(R) PRO/
100 Network Driver\r\n[    2.306732] e100: Copyright(c) 1999-2006 Intel Corporation\r\n[    2.306907] e1000: Intel(R) PRO/1000 Network Driver\r\n[    2.307019]
e1000: Copyright (c) 1999-2006 Intel Corporation.\r\n[    2.370483] tsc: Refined TSC clocksource calibration: 2100.058 MHz\r\n[    2.371072] clocksource: tsc: m
ask: 0xffffffffffffffff max_cycles: 0x1e45673f67e, max_idle_ns: 440795235637 ns\r\n[    2.371455] clocksource: Switched to clocksource tsc\r\n[    2.443082] ACP
I: \\_SB_.LNKC: Enabled at IRQ 11\r\n[    2.458770] ata2: found unknown device (class 0)\r\n[    2.464594] ata2.00: ATAPI: QEMU DVD-ROM, 2.5+, max UDMA/100\r\n[
    2.488848] scsi 1:0:0:0: CD-ROM            QEMU     QEMU DVD-ROM     2.5+ PQ: 0 ANSI: 5\r\n[    2.522286] sr 1:0:0:0: [sr0] scsi3-mmc drive: 4x/4x cd/rw xa/f
orm2 tray\r\n[    2.522700] cdrom: Uniform CD-ROM driver Revision: 3.20\r\n[    2.538176] sr 1:0:0:0: Attached scsi generic sg0 type 5\r\n[    2.760026] e1000 0
000:00:03.0 eth0: (PCI:33MHz:32-bit) 52:54:00:12:34:56\r\n[    2.760660] e1000 0000:00:03.0 eth0: Intel(R) PRO/1000 Network Connection\r\n[    2.761089] e1000e:
 Intel(R) PRO/1000 Network Driver\r\n[    2.761208] e1000e: Copyright(c) 1999 - 2015 Intel Corporation.\r\n[    2.761824] sky2: driver version 1.30\r\n[    2.76
3985] usbcore: registered new interface driver usblp\r\n[    2.764286] usbcore: registered new interface driver usb-storage\r\n[    2.765315] i8042: PNP: PS/2 C
ontroller [PNP0303:KBD,PNP0f13:MOU] at 0x60,0x64 irq 1,12\r\n[    2.768991] serio: i8042 KBD port at 0x60,0x64 irq 1\r\n[    2.769377] serio: i8042 AUX port at
0x60,0x64 irq 12\r\n[    2.773182] rtc_cmos 00:05: RTC can wake from S4\r\n[    2.776648] input: AT Translated Set 2 keyboard as /devices/platform/i8042/serio0/
input/input1\r\n[    2.780018] rtc_cmos 00:05: registered as rtc0\r\n[    2.782482] rtc_cmos 00:05: alarms up to one day, y3k, 242 bytes nvram, hpet irqs\r\n[
  2.783802] fail to initialize ptp_kvm\r\n[    2.785720] device-mapper: ioctl: 4.48.0-ioctl (2023-03-01) initialised: dm-devel@lists.linux.dev\r\n[    2.787327]
 amd_pstate: the _CPC object is not present in SBIOS or ACPI disabled\r\n[    2.787811] hid: raw HID events driver (C) Jiri Kosina\r\n[    2.789213] usbcore: re
gistered new interface driver usbhid\r\n[    2.789390] usbhid: USB HID core driver\r\n[    2.798174] Initializing XFRM netlink socket\r\n[    2.798775] NET: Reg
istered PF_INET6 protocol family\r\n[    2.806130] Segment Routing with IPv6\r\n[    2.806717] In-situ OAM (IOAM) with IPv6\r\n[    2.807915] sit: IPv6, IPv4 an
d MPLS over IPv4 tunneling driver\r\n[    2.810864] NET: Registered PF_PACKET protocol family\r\n[    2.812437] 9pnet: Installing 9P2000 support\r\n[    2.81289
3] Key type dns_resolver registered\r\n[    2.815257] IPI shorthand broadcast: enabled\r\n[    2.838324] sched_clock: Marking stable (2806028423, 32219153)->(28
43966692, -5719116)\r\n[    2.840849] registered taskstats version 1\r\n[    2.841016] Loading compiled-in X.509 certificates\r\n[    2.855522] PM:   Magic numb
er: 1:677:971\r\n[    2.856532] printk: legacy console [netcon0] enabled\r\n[    2.856747] netconsole: network logging started\r\n[    2.857999] cfg80211: Loadi
ng compiled-in X.509 certificates for regulatory database\r\n[    2.867496] kworker/u4:0 (47) used greatest stack depth: 15224 bytes left\r\n[    2.878794] Load
ed X.509 cert 'sforshee: 00b28ddf47aef9cea7'\r\n[    2.879656] Loaded X.509 cert 'wens: 61c038651aabdcf94bd0ac7ff06c7248db18c600'\r\n[    2.881686] ALSA device
list:\r\n[    2.881842]   No soundcards found.\r\n[    2.883216] platform regulatory.0: Direct firmware load for regulatory.db failed with error -2\r\n[    2.88
4708] cfg80211: failed to load regulatory.db\r\n[    2.958653] Freeing unused kernel image (initmem) memory: 2704K\r\n[    2.959028] Write protecting the kernel
 read-only data: 26624k\r\n[    2.961756] Freeing unused kernel image (rodata/data gap) memory: 1488K\r\n[    3.107919] x86/mm: Checked W+X mappings: passed, no
 W+X pages found.\r\n[    3.109004] Run /init as init process\r\n[    3.121203] Failed to execute /init (error -2)\r\n[    3.121408] Run /sbin/init as init proc
ess\r\n[    3.121625] Run /etc/init as init process\r\n[    3.121782] Run /bin/init as init process\r\n[    3.121923] Run /bin/sh as init process\r\n[    3.1222
01] Kernel panic - not syncing: No working init found.  Try passing init= option to kernel. See Linux Documentation/admin-guide/init.rst for guidance.\r\n[    3
.122777] CPU: 0 PID: 1 Comm: swapper/0 Not tainted 6.9.0 #2\r\n[    3.122934] Hardware name: QEMU Ubuntu 24.04 PC (i440FX + PIIX, 1996), BIOS 1.16.3-debian-1.16
.3-2 04/01/2014\r\n[    3.123273] Call Trace:\r\n[    3.123992]  <TASK>\r\n[    3.124251]  panic+0x31d/0x350\r\n[    3.124670]  ? __pfx_kernel_init+0x10/0x10\r\
n[    3.124774]  kernel_init+0x16e/0x1b0\r\n[    3.124873]  ret_from_fork+0x2f/0x50\r\n[    3.124960]  ? __pfx_kernel_init+0x10/0x10\r\n[    3.125045]  ret_from
_fork_asm+0x1a/0x30\r\n[    3.125188]  </TASK>\r\n[    3.125682] Kernel Offset: 0x39400000 from 0xffffffff81000000 (relocation range: 0xffffffff80000000-0xfffff
fffbfffffff)\r\n[    3.126128] ---[ end Kernel panic - not syncing: No working init found.  Try passing init= option to kernel. See Linux Documentation/admin-gu
ide/init.rst for guidance. ]---\n</stdout>\n\n<timestamp>2025-11-09T05:57:55.537Z</timestamp>"}]},"parent_tool_use_id":null,"session_id":"17048b1c-7074-40a0-8f5
5-78799668a6ec","uuid":"0bad8267-d3dc-4ee4-a0da-2c30879f0d4b"}
[log_004415] sending request {
  method: 'post',
  url: 'http://localhost:61739/v1/messages?beta=true',
  options: {
    method: 'post',
    path: '/v1/messages?beta=true',
    body: {
      model: 'openai/app-dsw4xd-1757654301803448727',
      messages: [Array],
      system: [Array],
      tools: [Array],
      tool_choice: undefined,
      metadata: [Object],
      max_tokens: 32000,
      thinking: undefined,
      stream: true
    },
    timeout: 600000,
    signal: AbortSignal { aborted: false },
    stream: true
  },
  headers: {
    accept: 'application/json',
    'anthropic-beta': 'claude-code-20250219,interleaved-thinking-2025-05-14,fine-grained-tool-streaming-2025-05-14',
    'anthropic-dangerous-direct-browser-access': 'true',
    'anthropic-version': '2023-06-01',
    authorization: '***',
    'content-type': 'application/json',
    'user-agent': 'claude-cli/2.0.29 (external, sdk-cli)',
    'x-api-key': '***',
    'x-app': 'cli',
