[{"step_id": 1, "action_ref": {"path": "terminus2/DeepSeek__DeepSeek-V3.2/terminus2-ds/build-initramfs-qemu/build-initramfs-qemu.1-of-1.2025-12-30__11-51-01/agent-logs/episode-0/response.txt", "line_start": 1, "line_end": 19, "content": "{\n  \"analysis\": \"We are at the root directory /app. Likely the kernel source is at /app/linux-6.9 as indicated in the command. Need to create an initramfs that will allow booting into the kernel with a root login. We need to create a minimal root filesystem with init script, busybox, and necessary devices. Let's first explore the directory to see what's available.\",\n  \"plan\": \"1. List files in /app to see existing directories. 2. Check if busybox is installed or we need to build it. 3. Create a directory for ramfs (e.g., /app/ramfs) and build a minimal root filesystem with init script that spawns a shell. 4. Use cpio and gzip to create initramfs.cpio.gz. 5. Test with qemu command.\",\n  \"commands\": [\n    {\n      \"keystrokes\": \"ls -la\\n\",\n      \"duration\": 0.1\n    },\n    {\n      \"keystrokes\": \"which busybox\\n\",\n      \"duration\": 0.1\n    },\n    {\n      \"keystrokes\": \"mkdir -p /app/ramfs\\n\",\n      \"duration\": 0.1\n    }\n  ],\n  \"task_complete\": false\n}"}, "observation_ref": {"path": "terminus2/DeepSeek__DeepSeek-V3.2/terminus2-ds/build-initramfs-qemu/build-initramfs-qemu.1-of-1.2025-12-30__11-51-01/agent-logs/episode-1/prompt.txt", "line_start": 1, "line_end": 41, "content": "New Terminal Output:\nroot@rack-ge107-ya-20250517193240:/app# ls -la\ntotal 259844\ndrwxr-xr-x  3 root root        31 Dec 30 23:55 .\ndrwxr-xr-x  7 root root       125 Dec 30 23:57 ..\ndrwxrwxr-x 26 root root      4096 Dec 30 23:57 linux-6.9\n-rw-r--r--  1 root root 144034416 May 13  2024 linux-6.9.tar.xz\nroot@rack-ge107-ya-20250517193240:/app# which busybox\nroot@rack-ge107-ya-20250517193240:/app# mkdir -p /app/ramfs\nroot@rack-ge107-ya-20250517193240:/app#\n\n\n\n\n\n\n\n\n\n\n\n\n\n\n\n\n\n\n\n\n\n\n\n\n\n\n\n\n\n\n\n"}}, {"step_id": 2, "action_ref": {"path": "terminus2/DeepSeek__DeepSeek-V3.2/terminus2-ds/build-initramfs-qemu/build-initramfs-qemu.1-of-1.2025-12-30__11-51-01/agent-logs/episode-1/response.txt", "line_start": 1, "line_end": 11, "content": "{\n  \"analysis\": \"No busybox installed. We need to build busybox or use a static binary from somewhere. Let's check if there's a busybox package available via apt, or we can download and compile. Since we have a kernel source, we can also check if there's a built-in busybox in the kernel? Not typical. Better to install busybox via apt-get, assuming the container has internet. Let's update package list and install busybox-static (static binary). Also need to create init script and device nodes. Let's proceed.\",\n  \"plan\": \"1. Update apt and install busybox-static. 2. Create rootfs directory under ramfs (e.g., /app/ramfs/rootfs). 3. Copy busybox binary and create symlinks. 4. Create init script that mounts proc, sys, dev, and runs sh. 5. Create minimal device nodes (console, tty, null, etc). 6. Package with cpio and gzip. 7. Test qemu command.\",\n  \"commands\": [\n    {\n      \"keystrokes\": \"apt-get update && apt-get install -y busybox-static\\n\",\n      \"duration\": 30.0\n    }\n  ],\n  \"task_complete\": false\n}"}, "observation_ref": {"path": "terminus2/DeepSeek__DeepSeek-V3.2/terminus2-ds/build-initramfs-qemu/build-initramfs-qemu.1-of-1.2025-12-30__11-51-01/agent-logs/episode-2/prompt.txt", "line_start": 1, "line_end": 34, "content": "New Terminal Output:\n\nroot@rack-ge107-ya-20250517193240:/app# apt-get update && apt-get install -y busybox-static\nGet:1 http://security.ubuntu.com/ubuntu noble-security InRelease [126 kB]\nHit:2 http://archive.ubuntu.com/ubuntu noble InRelease\nGet:3 http://archive.ubuntu.com/ubuntu noble-updates InRelease [126 kB]\nGet:4 http://archive.ubuntu.com/ubuntu noble-backports InRelease [126 kB]\nFetched 378 kB in 4s (87.2 kB/s)\nReading package lists... Done\nReading package lists... Done\nBuilding dependency tree... Done\nReading state information... Done\nThe following NEW packages will be installed:\n  busybox-static\n0 upgraded, 1 newly installed, 0 to remove and 20 not upgraded.\nNeed to get 1009 kB of archives.\nAfter this operation, 2174 kB of additional disk space will be used.\nGet:1 http://archive.ubuntu.com/ubuntu noble-updates/main amd64 busybox-static amd64 1:1.36.1-6ubuntu3.1 [1009 kB]\nFetched 1009 kB in 3s (336 kB/s)\ndebconf: delaying package configuration, since apt-utils is not installed\nSelecting previously unselected package busybox-static.\n(Reading database ... 35594 files and directories currently installed.)\nPreparing to unpack .../busybox-static_1%3a1.36.1-6ubuntu3.1_amd64.deb ...\nUnpacking busybox-static (1:1.36.1-6ubuntu3.1) ...\nSetting up busybox-static (1:1.36.1-6ubuntu3.1) ...\nroot@rack-ge107-ya-20250517193240:/app#\n\n\n\n\n\n\n\n\n"}}, {"step_id": 3, "action_ref": {"path": "terminus2/DeepSeek__DeepSeek-V3.2/terminus2-ds/build-initramfs-qemu/build-initramfs-qemu.1-of-1.2025-12-30__11-51-01/agent-logs/episode-2/response.txt", "line_start": 1, "line_end": 47, "content": "{\n  \"analysis\": \"busybox-static installed successfully. Now we can create rootfs. Let's create directory structure and copy busybox binary. We'll also create init script and device nodes.\",\n  \"plan\": \"1. Create /app/ramfs/rootfs and subdirectories (bin, sbin, etc, proc, sys, dev, etc). 2. Copy /bin/busybox to rootfs/bin. 3. Run busybox --install to create symlinks. 4. Create init script at rootfs/init (executable). 5. Create device nodes using mknod (console, tty, null, zero, etc). 6. Create /etc/passwd and /etc/group for root. 7. Package with find | cpio -H newc -o | gzip > initramfs.cpio.gz.\",\n  \"commands\": [\n    {\n      \"keystrokes\": \"cd /app/ramfs\\n\",\n      \"duration\": 0.1\n    },\n    {\n      \"keystrokes\": \"mkdir -p rootfs\\n\",\n      \"duration\": 0.1\n    },\n    {\n      \"keystrokes\": \"cd rootfs\\n\",\n      \"duration\": 0.1\n    },\n    {\n      \"keystrokes\": \"mkdir -p bin sbin etc proc sys dev tmp\\n\",\n      \"duration\": 0.1\n    },\n    {\n      \"keystrokes\": \"cp /bin/busybox bin/\\n\",\n      \"duration\": 0.1\n    },\n    {\n      \"keystrokes\": \"cd bin\\n\",\n      \"duration\": 0.1\n    },\n    {\n      \"keystrokes\": \"./busybox --install .\\n\",\n      \"duration\": 0.5\n    },\n    {\n      \"keystrokes\": \"cd ..\\n\",\n      \"duration\": 0.1\n    },\n    {\n      \"keystrokes\": \"cat > init << 'EOF'\\n#!/bin/sh\\nmount -t proc proc /proc\\nmount -t sysfs sysfs /sys\\nmount -t devtmpfs devtmpfs /dev\\n# ensure console is accessible\\nexec 0</dev/console\\nexec 1>/dev/console\\nexec 2>/dev/console\\necho \\\"Hello from initramfs\\\"\\n# run shell\\nsetsid cttyhack sh\\npoweroff -f\\nEOF\\n\",\n      \"duration\": 0.1\n    },\n    {\n      \"keystrokes\": \"chmod +x init\\n\",\n      \"duration\": 0.1\n    }\n  ],\n  \"task_complete\": false\n}"}, "observation_ref": {"path": "terminus2/DeepSeek__DeepSeek-V3.2/terminus2-ds/build-initramfs-qemu/build-initramfs-qemu.1-of-1.2025-12-30__11-51-01/agent-logs/episode-3/prompt.txt", "line_start": 1, "line_end": 26, "content": "New Terminal Output:\n\nroot@rack-ge107-ya-20250517193240:/app# cd /app/ramfs\nroot@rack-ge107-ya-20250517193240:/app/ramfs# mkdir -p rootfs\nroot@rack-ge107-ya-20250517193240:/app/ramfs# cd rootfs\nroot@rack-ge107-ya-20250517193240:/app/ramfs/rootfs# mkdir -p bin sbin etc proc sys dev tmp\nroot@rack-ge107-ya-20250517193240:/app/ramfs/rootfs# cp /bin/busybox bin/\nroot@rack-ge107-ya-20250517193240:/app/ramfs/rootfs# cd bin\nroot@rack-ge107-ya-20250517193240:/app/ramfs/rootfs/bin# ./busybox --install .\nroot@rack-ge107-ya-20250517193240:/app/ramfs/rootfs/bin# cd ..\nroot@rack-ge107-ya-20250517193240:/app/ramfs/rootfs# cat > init << 'EOF'\n> #!/bin/sh\n> mount -t proc proc /proc\n> mount -t sysfs sysfs /sys\n> mount -t devtmpfs devtmpfs /dev\n> # ensure console is accessible\n> exec 0</dev/console\n> exec 1>/dev/console\n> exec 2>/dev/console\n> echo \"Hello from initramfs\"\n> # run shell\n> setsid cttyhack sh\n> poweroff -f\n> EOF\nroot@rack-ge107-ya-20250517193240:/app/ramfs/rootfs# chmod +x init\nroot@rack-ge107-ya-20250517193240:/app/ramfs/rootfs#\n"}}, {"step_id": 4, "action_ref": {"path": "terminus2/DeepSeek__DeepSeek-V3.2/terminus2-ds/build-initramfs-qemu/build-initramfs-qemu.1-of-1.2025-12-30__11-51-01/agent-logs/episode-3/response.txt", "line_start": 1, "line_end": 59, "content": "{\n  \"analysis\": \"Init script created, but we need to ensure we have device nodes. Let's create console, tty, null, zero, etc. Also we should create /etc/passwd and /etc/group for root user. Also need to ensure we have a shell symlink (sh) which busybox install should have created. Let's verify. Also we should maybe use a simpler init that just runs /bin/sh directly. The setsid cttyhack is for interactive shell. We'll keep. Let's create devices using mknod (requires root). We are root. Use major/minor numbers from /dev.\",\n  \"plan\": \"1. Create device nodes in dev directory. 2. Create /etc/passwd and /etc/group. 3. Optionally create /etc/shadow empty. 4. Return to /app/ramfs and create cpio archive. 5. Test with qemu.\",\n  \"commands\": [\n    {\n      \"keystrokes\": \"cd /app/ramfs/rootfs/dev\\n\",\n      \"duration\": 0.1\n    },\n    {\n      \"keystrokes\": \"mknod -m 622 console c 5 1\\n\",\n      \"duration\": 0.1\n    },\n    {\n      \"keystrokes\": \"mknod -m 666 null c 1 3\\n\",\n      \"duration\": 0.1\n    },\n    {\n      \"keystrokes\": \"mknod -m 666 zero c 1 5\\n\",\n      \"duration\": 0.1\n    },\n    {\n      \"keystrokes\": \"mknod -m 666 tty c 5 0\\n\",\n      \"duration\": 0.1\n    },\n    {\n      \"keystrokes\": \"mknod -m 666 random c 1 8\\n\",\n      \"duration\": 0.1\n    },\n    {\n      \"keystrokes\": \"mknod -m 444 urandom c 1 9\\n\",\n      \"duration\": 0.1\n    },\n    {\n      \"keystrokes\": \"cd /app/ramfs/rootfs/etc\\n\",\n      \"duration\": 0.1\n    },\n    {\n      \"keystrokes\": \"cat > passwd << 'EOF'\\nroot:x:0:0:root:/root:/bin/sh\\nEOF\\n\",\n      \"duration\": 0.1\n    },\n    {\n      \"keystrokes\": \"cat > group << 'EOF'\\nroot:x:0:\\nEOF\\n\",\n      \"duration\": 0.1\n    },\n    {\n      \"keystrokes\": \"touch shadow\\n\",\n      \"duration\": 0.1\n    },\n    {\n      \"keystrokes\": \"cd /app/ramfs\\n\",\n      \"duration\": 0.1\n    },\n    {\n      \"keystrokes\": \"find rootfs -print0 | cpio --null -ov --format=newc | gzip -9 > initramfs.cpio.gz\\n\",\n      \"duration\": 2.0\n    }\n  ],\n  \"task_complete\": false\n}"}, "observation_ref": {"path": "terminus2/DeepSeek__DeepSeek-V3.2/terminus2-ds/build-initramfs-qemu/build-initramfs-qemu.1-of-1.2025-12-30__11-51-01/agent-logs/episode-4/prompt.txt", "line_start": 1, "line_end": 311, "content": "New Terminal Output:\n\nroot@rack-ge107-ya-20250517193240:/app/ramfs/rootfs# cd /app/ramfs/rootfs/dev\nroot@rack-ge107-ya-20250517193240:/app/ramfs/rootfs/dev# mknod -m 622 console c 5 1\nroot@rack-ge107-ya-20250517193240:/app/ramfs/rootfs/dev# mknod -m 666 null c 1 3\nroot@rack-ge107-ya-20250517193240:/app/ramfs/rootfs/dev# mknod -m 666 zero c 1 5\nroot@rack-ge107-ya-20250517193240:/app/ramfs/rootfs/dev# mknod -m 666 tty c 5 0\nroot@rack-ge107-ya-20250517193240:/app/ramfs/rootfs/dev# mknod -m 666 random c 1 8\nroot@rack-ge107-ya-20250517193240:/app/ramfs/rootfs/dev# mknod -m 444 urandom c 1 9\nroot@rack-ge107-ya-20250517193240:/app/ramfs/rootfs/dev# cd /app/ramfs/rootfs/etc\nroot@rack-ge107-ya-20250517193240:/app/ramfs/rootfs/etc# cat > passwd << 'EOF'\n> root:x:0:0:root:/root:/bin/sh\n> EOF\nroot@rack-ge107-ya-20250517193240:/app/ramfs/rootfs/etc# cat > group << 'EOF'\n> root:x:0:\n> EOF\nroot@rack-ge107-ya-20250517193240:/app/ramfs/rootfs/etc# touch shadow\nroot@rack-ge107-ya-20250517193240:/app/ramfs/rootfs/etc# cd /app/ramfs\nroot@rack-ge107-ya-20250517193240:/app/ramfs# find rootfs -print0 | cpio --null -ov --format=newc | gzip -9 > initramfs.cpio.gz\nrootfs\nrootfs/tmp\nrootfs/sbin\nrootfs/proc\nrootfs/dev\nrootfs/dev/tty\nrootfs/dev/urandom\nrootfs/dev/null\nrootfs/dev/zero\nrootfs/dev/console\nrootfs/dev/random\nrootfs/bin\nrootfs/bin/adjtimex\nrootfs/bin/busybox\nrootfs/bin/sysctl\nrootfs/bin/tunctl\nrootfs/bin/env\nrootfs/bin/expr\nrootfs/bin/dmesg\nrootfs/bin/clear\nrootfs/bin/ps\nrootfs/bin/ftpget\nrootfs/bin/bzcat\nrootfs/bin/dpkg\nrootfs/bin/i2cset\nrootfs/bin/udhcpc6\nrootfs/bin/lzcat\nrootfs/bin/diff\nrootfs/bin/unlink\nrootfs/bin/mkfifo\nrootfs/bin/sha3sum\nrootfs/bin/xzcat\nrootfs/bin/egrep\nrootfs/bin/crontab\nrootfs/bin/tty\nrootfs/bin/rm\nrootfs/bin/gzip\nrootfs/bin/setkeycodes\nrootfs/bin/stty\nrootfs/bin/netstat\nrootfs/bin/id\nrootfs/bin/taskset\nrootfs/bin/killall\nrootfs/bin/insmod\nrootfs/bin/groups\nrootfs/bin/nuke\nrootfs/bin/uudecode\nrootfs/bin/blkdiscard\nrootfs/bin/realpath\nrootfs/bin/tc\nrootfs/bin/ip\nrootfs/bin/dnsdomainname\nrootfs/bin/arping\nrootfs/bin/run-init\nrootfs/bin/crond\nrootfs/bin/patch\nrootfs/bin/cal\nrootfs/bin/rev\nrootfs/bin/date\nrootfs/bin/paste\nrootfs/bin/rpm\nrootfs/bin/less\nrootfs/bin/brctl\nrootfs/bin/fsfreeze\nrootfs/bin/tr\nrootfs/bin/cut\nrootfs/bin/ts\nrootfs/bin/uncompress\nrootfs/bin/traceroute6\nrootfs/bin/nameif\nrootfs/bin/cat\nrootfs/bin/ipcalc\nrootfs/bin/i2cget\nrootfs/bin/mount\nrootfs/bin/logname\nrootfs/bin/sleep\nrootfs/bin/mkswap\nrootfs/bin/unshare\nrootfs/bin/bc\nrootfs/bin/hostname\nrootfs/bin/hexdump\nrootfs/bin/tftp\nrootfs/bin/vi\nrootfs/bin/depmod\nrootfs/bin/hostid\nrootfs/bin/lsmod\nrootfs/bin/ping\nrootfs/bin/rmdir\nrootfs/bin/logger\nrootfs/bin/top\nrootfs/bin/sync\nrootfs/bin/ascii\nrootfs/bin/cpio\nrootfs/bin/arch\nrootfs/bin/wget\nrootfs/bin/rpm2cpio\nrootfs/bin/time\nrootfs/bin/nsenter\nrootfs/bin/fallocate\nrootfs/bin/dc\nrootfs/bin/unexpand\nrootfs/bin/dd\nrootfs/bin/grep\nrootfs/bin/mkpasswd\nrootfs/bin/umount\nrootfs/bin/df\nrootfs/bin/pwd\nrootfs/bin/chgrp\nrootfs/bin/rmmod\nrootfs/bin/mt\nrootfs/bin/mkdosfs\nrootfs/bin/[[\nrootfs/bin/usleep\nrootfs/bin/telnetd\nrootfs/bin/mv\nrootfs/bin/[\nrootfs/bin/ifdown\nrootfs/bin/sort\nrootfs/bin/dos2unix\nrootfs/bin/who\nrootfs/bin/false\nrootfs/bin/yes\nrootfs/bin/od\nrootfs/bin/more\nrootfs/bin/unzip\nrootfs/bin/ubirename\nrootfs/bin/test\nrootfs/bin/fatattr\nrootfs/bin/ash\nrootfs/bin/uniq\nrootfs/bin/loadfont\nrootfs/bin/sed\nrootfs/bin/fdisk\nrootfs/bin/du\nrootfs/bin/swapoff\nrootfs/bin/xz\nrootfs/bin/rdate\nrootfs/bin/klogd\nrootfs/bin/whoami\nrootfs/bin/xxd\nrootfs/bin/mkdir\nrootfs/bin/nologin\nrootfs/bin/hwclock\nrootfs/bin/halt\nrootfs/bin/ping6\nrootfs/bin/seq\nrootfs/bin/lzma\nrootfs/bin/lsscsi\nrootfs/bin/ionice\nrootfs/bin/login\nrootfs/bin/w\nrootfs/bin/i2ctransfer\nrootfs/bin/chroot\nrootfs/bin/resume\nrootfs/bin/logread\nrootfs/bin/deallocvt\nrootfs/bin/nbd-client\nrootfs/bin/dpkg-deb\nrootfs/bin/sha256sum\nrootfs/bin/linux64\nrootfs/bin/fold\nrootfs/bin/basename\nrootfs/bin/tac\nrootfs/bin/run-parts\nrootfs/bin/dumpkmap\nrootfs/bin/unix2dos\nrootfs/bin/fgrep\nrootfs/bin/chmod\nrootfs/bin/true\nrootfs/bin/udhcpc\nrootfs/bin/dumpleases\nrootfs/bin/udhcpd\nrootfs/bin/printf\nrootfs/bin/bunzip2\nrootfs/bin/init\nrootfs/bin/setsid\nrootfs/bin/base64\nrootfs/bin/factor\nrootfs/bin/tar\nrootfs/bin/sh\nrootfs/bin/chpasswd\nrootfs/bin/tail\nrootfs/bin/uname\nrootfs/bin/head\nrootfs/bin/reset\nrootfs/bin/awk\nrootfs/bin/swapon\nrootfs/bin/ifup\nrootfs/bin/stat\nrootfs/bin/touch\nrootfs/bin/chown\nrootfs/bin/poweroff\nrootfs/bin/ifconfig\nrootfs/bin/lzop\nrootfs/bin/free\nrootfs/bin/ftpput\nrootfs/bin/su\nrootfs/bin/reboot\nrootfs/bin/link\nrootfs/bin/httpd\nrootfs/bin/nslookup\nrootfs/bin/getty\nrootfs/bin/static-sh\nrootfs/bin/unxz\nrootfs/bin/watch\nrootfs/bin/shred\nrootfs/bin/uptime\nrootfs/bin/i2cdetect\nrootfs/bin/setpriv\nrootfs/bin/gunzip\nrootfs/bin/linuxrc\nrootfs/bin/expand\nrootfs/bin/devmem\nrootfs/bin/sha512sum\nrootfs/bin/find\nrootfs/bin/crc32\nrootfs/bin/tee\nrootfs/bin/freeramdisk\nrootfs/bin/shuf\nrootfs/bin/switch_root\nrootfs/bin/sha1sum\nrootfs/bin/mim\nrootfs/bin/readlink\nrootfs/bin/svc\nrootfs/bin/ar\nrootfs/bin/modprobe\nrootfs/bin/which\nrootfs/bin/mktemp\nrootfs/bin/findfs\nrootfs/bin/fstrim\nrootfs/bin/wc\nrootfs/bin/cmp\nrootfs/bin/ln\nrootfs/bin/zcat\nrootfs/bin/passwd\nrootfs/bin/xargs\nrootfs/bin/watchdog\nrootfs/bin/ls\nrootfs/bin/cttyhack\nrootfs/bin/uevent\nrootfs/bin/dirname\nrootfs/bin/nc\nrootfs/bin/partprobe\nrootfs/bin/mdev\nrootfs/bin/truncate\nrootfs/bin/cp\nrootfs/bin/blockdev\nrootfs/bin/unlzma\nrootfs/bin/losetup\nrootfs/bin/i2cdump\nrootfs/bin/openvt\nrootfs/bin/strings\nrootfs/bin/mknod\nrootfs/bin/pivot_root\nrootfs/bin/bzip2\nrootfs/bin/nl\nrootfs/bin/linux32\nrootfs/bin/loadkmap\nrootfs/bin/nproc\nrootfs/bin/sulogin\nrootfs/bin/timeout\nrootfs/bin/start-stop-daemon\nrootfs/bin/arp\nrootfs/bin/ed\nrootfs/bin/pidof\nrootfs/bin/uuencode\nrootfs/bin/last\nrootfs/bin/svok\nrootfs/bin/chvt\nrootfs/bin/echo\nrootfs/bin/kill\nrootfs/bin/traceroute\nrootfs/bin/vconfig\nrootfs/bin/telnet\nrootfs/bin/renice\nrootfs/bin/modinfo\nrootfs/bin/getopt\nrootfs/bin/microcom\nrootfs/bin/mke2fs\nrootfs/bin/syslogd\nrootfs/bin/acpid\nrootfs/bin/route\nrootfs/bin/md5sum\nrootfs/bin/ssl_client\nrootfs/etc\nrootfs/etc/shadow\nrootfs/etc/group\nrootfs/etc/passwd\nrootfs/sys\nrootfs/init\n4224 blocks\nroot@rack-ge107-ya-20250517193240:/app/ramfs#\n"}}, {"step_id": 5, "action_ref": {"path": "terminus2/DeepSeek__DeepSeek-V3.2/terminus2-ds/build-initramfs-qemu/build-initramfs-qemu.1-of-1.2025-12-30__11-51-01/agent-logs/episode-4/response.txt", "line_start": 1, "line_end": 19, "content": "{\n  \"analysis\": \"initramfs.cpio.gz created successfully. Now we need to test with qemu using the provided command. Ensure qemu-system-x86_64 is installed. If not, install it. Then run the command with the kernel and initrd. Let's first check if qemu is installed.\",\n  \"plan\": \"1. Check if qemu-system-x86_64 exists. 2. If not, install qemu-system-x86. 3. Run the qemu command with the kernel and initrd, but we need to ensure we have the correct kernel path. The task says kernel is at /app/linux-6.9/arch/x86/boot/bzImage. Let's verify it exists. 4. Run qemu with appropriate options, possibly need -nographic and -append \\\"console=ttyS0\\\" as given. 5. We'll run qemu in background and maybe kill after a few seconds to see if it boots. Better to run with timeout and capture output. Let's proceed.\",\n  \"commands\": [\n    {\n      \"keystrokes\": \"which qemu-system-x86_64\\n\",\n      \"duration\": 0.1\n    },\n    {\n      \"keystrokes\": \"ls -la /app/linux-6.9/arch/x86/boot/bzImage\\n\",\n      \"duration\": 0.1\n    },\n    {\n      \"keystrokes\": \"apt-get install -y qemu-system-x86\\n\",\n      \"duration\": 30.0\n    }\n  ],\n  \"task_complete\": false\n}"}, "observation_ref": {"path": "terminus2/DeepSeek__DeepSeek-V3.2/terminus2-ds/build-initramfs-qemu/build-initramfs-qemu.1-of-1.2025-12-30__11-51-01/agent-logs/episode-5/prompt.txt", "line_start": 1, "line_end": 14, "content": "New Terminal Output:\n\nroot@rack-ge107-ya-20250517193240:/app/ramfs# which qemu-system-x86_64\n/usr/bin/qemu-system-x86_64\nroot@rack-ge107-ya-20250517193240:/app/ramfs# ls -la /app/linux-6.9/arch/x86/boot/bzImage\n-rw-r--r-- 1 root root 13132800 Dec 30 23:57 /app/linux-6.9/arch/x86/boot/bzImage\nroot@rack-ge107-ya-20250517193240:/app/ramfs# apt-get install -y qemu-system-x86\nReading package lists... Done\nBuilding dependency tree... Done\nReading state information... Done\nqemu-system-x86 is already the newest version (1:8.2.2+ds-0ubuntu1.11).\nqemu-system-x86 set to manually installed.\n0 upgraded, 0 newly installed, 0 to remove and 20 not upgraded.\nroot@rack-ge107-ya-20250517193240:/app/ramfs#\n"}}, {"step_id": 6, "action_ref": {"path": "terminus2/DeepSeek__DeepSeek-V3.2/terminus2-ds/build-initramfs-qemu/build-initramfs-qemu.1-of-1.2025-12-30__11-51-01/agent-logs/episode-5/response.txt", "line_start": 1, "line_end": 27, "content": "{\n  \"analysis\": \"qemu already installed, kernel image exists. Now we can run qemu with our initramfs. However we need to ensure the init script works correctly: we need to have a shell that doesn't exit (the init script currently runs setsid cttyhack sh and then poweroff -f after sh exits). That's fine because sh will run interactive shell and when we exit, it powers off. But we want to be able to login as root without password. The init script should drop to a shell directly, no login required. That's what setsid cttyhack sh does. However we also need to ensure that the console is set up properly. We'll test with a quick qemu run, maybe with -nographic and -append \\\"console=ttyS0\\\" as given. We'll also add -monitor none to suppress monitor. Let's run qemu with a timeout and see if we get a shell prompt. We'll use expect? Simpler: run qemu with -serial stdio and capture output, but we can just run it and see if we get a shell. We'll run qemu in background, sleep a bit, then send a command via serial? Better to run with -nographic and -append \\\"console=ttyS0\\\" and use a small script to interact. Let's just run qemu with -daemonize and then attach to the serial? Too complex. We'll just run qemu with -nographic and -append \\\"console=ttyS0\\\" and see if we get a shell prompt. We'll need to kill qemu after a few seconds. Let's do that.\",\n  \"plan\": \"1. Run qemu command with the kernel and initrd, background it, capture its PID. 2. Use a small script to read from its output via a pipe? Instead, we can run qemu with -serial stdio and capture output to a file, but we also need to send commands. Let's just run qemu with -nographic and -append \\\"console=ttyS0\\\" and use expect-like behavior using cat and echo. We'll create a named pipe. However time is limited. Let's just run qemu and see if it prints \\\"Hello from initramfs\\\" and then a shell prompt. We'll run with timeout and kill. Use tee to capture output.\",\n  \"commands\": [\n    {\n      \"keystrokes\": \"cd /app/ramfs\\n\",\n      \"duration\": 0.1\n    },\n    {\n      \"keystrokes\": \"qemu-system-x86_64 -kernel /app/linux-6.9/arch/x86/boot/bzImage -initrd initramfs.cpio.gz -append \\\"console=ttyS0\\\" -nographic 2>&1 | tee /tmp/qemu.log &\\n\",\n      \"duration\": 0.1\n    },\n    {\n      \"keystrokes\": \"sleep 5\\n\",\n      \"duration\": 5.0\n    },\n    {\n      \"keystrokes\": \"kill %1 2>/dev/null; sleep 1\\n\",\n      \"duration\": 1.0\n    },\n    {\n      \"keystrokes\": \"cat /tmp/qemu.log\\n\",\n      \"duration\": 0.1\n    }\n  ],\n  \"task_complete\": false\n}"}, "observation_ref": {"path": "terminus2/DeepSeek__DeepSeek-V3.2/terminus2-ds/build-initramfs-qemu/build-initramfs-qemu.1-of-1.2025-12-30__11-51-01/agent-logs/episode-6/prompt.txt", "line_start": 1, "line_end": 15, "content": "New Terminal Output:\n\nroot@rack-ge107-ya-20250517193240:/app/ramfs# cd /app/ramfs\nroot@rack-ge107-ya-20250517193240:/app/ramfs# qemu-system-x86_64 -kernel /app/linux-6.9/arch/x86/boot/bzImage -initrd initramfs.cpio.gz -append \"console=ttyS0\"\n-nographic 2>&1 | tee /tmp/qemu.log &\n[1] 601\nroot@rack-ge107-ya-20250517193240:/app/ramfs# sleep 5\n\n[1]+  Stopped                 qemu-system-x86_64 -kernel /app/linux-6.9/arch/x86/boot/bzImage -initrd initramfs.cpio.gz -append \"console=ttyS0\" -nographic 2>&1\n| tee /tmp/qemu.log\nroot@rack-ge107-ya-20250517193240:/app/ramfs# kill %1 2>/dev/null; sleep 1\n[1]+  Terminated              qemu-system-x86_64 -kernel /app/linux-6.9/arch/x86/boot/bzImage -initrd initramfs.cpio.gz -append \"console=ttyS0\" -nographic 2>&1\n| tee /tmp/qemu.log\nroot@rack-ge107-ya-20250517193240:/app/ramfs# cat /tmp/qemu.log\nroot@rack-ge107-ya-20250517193240:/app/ramfs#\n"}}, {"step_id": 7, "action_ref": {"path": "terminus2/DeepSeek__DeepSeek-V3.2/terminus2-ds/build-initramfs-qemu/build-initramfs-qemu.1-of-1.2025-12-30__11-51-01/agent-logs/episode-6/response.txt", "line_start": 1, "line_end": 15, "content": "{\n  \"analysis\": \"The qemu output file is empty, meaning qemu didn't produce any output? Possibly it stopped because it's waiting for something? Actually qemu was stopped (SIGSTOP) because we backgrounded it and it tried to read from terminal? Might need to run with -serial mon:stdio or -nographic without background. Let's run qemu directly in foreground with a timeout using timeout command. We'll also add -no-reboot to avoid reboot loop. Let's install timeout if not present. Let's check.\",\n  \"plan\": \"1. Install coreutils (timeout). 2. Run qemu with -nographic and -append \\\"console=ttyS0\\\" and -no-reboot, using timeout 10 seconds. Capture output.\",\n  \"commands\": [\n    {\n      \"keystrokes\": \"which timeout\\n\",\n      \"duration\": 0.1\n    },\n    {\n      \"keystrokes\": \"timeout 10 qemu-system-x86_64 -kernel /app/linux-6.9/arch/x86/boot/bzImage -initrd initramfs.cpio.gz -append \\\"console=ttyS0\\\" -nographic -no-reboot 2>&1 | tee /tmp/qemu2.log\\n\",\n      \"duration\": 12.0\n    }\n  ],\n  \"task_complete\": false\n}"}, "observation_ref": {"path": "terminus2/DeepSeek__DeepSeek-V3.2/terminus2-ds/build-initramfs-qemu/build-initramfs-qemu.1-of-1.2025-12-30__11-51-01/agent-logs/episode-7/prompt.txt", "line_start": 1, "line_end": 169, "content": "New Terminal Output:\n\nroot@rack-ge107-ya-20250517193240:/app/ramfs# which timeout\n/usr/bin/timeout\nroot@rack-ge107-ya-20250517193240:/app/ramfs# timeout 10 qemu-system-x86_64 -kernel /app/linux-6.9/arch/x86/boot/bzImage -initrd initramfs.cpio.gz -append \"cons\nole=ttyS0\" -nographic -no-reboot 2>&1 | tee /tmp/qemu2.log\nSeaBIOS (version 1.16.3-debian-1.16.3-2)\n\n\niPXE (https://ipxe.org) 00:03.0 CA00 PCI2.10 PnP PMM+06FCAE00+06F0AE00 CA00\n\n\n\nBooting from ROM..\n[    0.000000] Linux version 6.9.0 (root@buildkitsandbox) (gcc (Ubuntu 13.3.0-6ubuntu2~24.04) 13.3.0, GNU ld (GNU Binutils for Ubuntu) 2.42) #1 SMP PREEMPT_DYN5\n[    0.000000] Command line: console=ttyS0\n[    0.000000] BIOS-provided physical RAM map:\n[    0.000000] BIOS-e820: [mem 0x0000000000000000-0x000000000009fbff] usable\n[    0.000000] BIOS-e820: [mem 0x000000000009fc00-0x000000000009ffff] reserved\n[    0.000000] BIOS-e820: [mem 0x00000000000f0000-0x00000000000fffff] reserved\n[    0.000000] BIOS-e820: [mem 0x0000000000100000-0x0000000007fdffff] usable\n[    0.000000] BIOS-e820: [mem 0x0000000007fe0000-0x0000000007ffffff] reserved\n[    0.000000] BIOS-e820: [mem 0x00000000fffc0000-0x00000000ffffffff] reserved\n[    0.000000] BIOS-e820: [mem 0x000000fd00000000-0x000000ffffffffff] reserved\n[    0.000000] NX (Execute Disable) protection: active\n[    0.000000] APIC: Static calls initialized\n[    0.000000] SMBIOS 3.0.0 present.\n[    0.000000] DMI: QEMU Ubuntu 24.04 PC (i440FX + PIIX, 1996), BIOS 1.16.3-debian-1.16.3-2 04/01/2014\n[    0.000000] tsc: Fast TSC calibration using PIT\n[    0.000000] tsc: Detected 2100.031 MHz processor\n[    0.009054] last_pfn = 0x7fe0 max_arch_pfn = 0x400000000\n[    0.009812] MTRR map: 4 entries (3 fixed + 1 variable; max 19), built from 8 variable MTRRs\n[    0.010003] x86/PAT: Configuration [0-7]: WB  WC  UC- UC  WB  WP  UC- WT\n[    0.030733] found SMP MP-table at [mem 0x000f5480-0x000f548f]\n[    0.035796] RAMDISK: [mem 0x07ed1000-0x07fdffff]\n[    0.036333] ACPI: Early table checksum verification disabled\n[    0.036722] ACPI: RSDP 0x00000000000F52A0 000014 (v00 BOCHS )\n[    0.037063] ACPI: RSDT 0x0000000007FE1C52 000034 (v01 BOCHS  BXPC     00000001 BXPC 00000001)\n[    0.037725] ACPI: FACP 0x0000000007FE1B06 000074 (v01 BOCHS  BXPC     00000001 BXPC 00000001)\n[    0.038455] ACPI: DSDT 0x0000000007FE0040 001AC6 (v01 BOCHS  BXPC     00000001 BXPC 00000001)\n[    0.038558] ACPI: FACS 0x0000000007FE0000 000040\n[    0.038622] ACPI: APIC 0x0000000007FE1B7A 000078 (v03 BOCHS  BXPC     00000001 BXPC 00000001)\n[    0.038654] ACPI: HPET 0x0000000007FE1BF2 000038 (v01 BOCHS  BXPC     00000001 BXPC 00000001)\n[    0.038683] ACPI: WAET 0x0000000007FE1C2A 000028 (v01 BOCHS  BXPC     00000001 BXPC 00000001)\n[    0.038789] ACPI: Reserving FACP table memory at [mem 0x7fe1b06-0x7fe1b79]\n[    0.038813] ACPI: Reserving DSDT table memory at [mem 0x7fe0040-0x7fe1b05]\n[    0.038824] ACPI: Reserving FACS table memory at [mem 0x7fe0000-0x7fe003f]\n[    0.038832] ACPI: Reserving APIC table memory at [mem 0x7fe1b7a-0x7fe1bf1]\n[    0.038839] ACPI: Reserving HPET table memory at [mem 0x7fe1bf2-0x7fe1c29]\n[    0.038846] ACPI: Reserving WAET table memory at [mem 0x7fe1c2a-0x7fe1c51]\n[    0.041111] No NUMA configuration found\n[    0.041138] Faking a node at [mem 0x0000000000000000-0x0000000007fdffff]\n[    0.041757] NODE_DATA(0) allocated [mem 0x07ecd000-0x07ed0fff]\n[    0.044045] Zone ranges:\n[    0.044072]   DMA      [mem 0x0000000000001000-0x0000000000ffffff]\n[    0.044159]   DMA32    [mem 0x0000000001000000-0x0000000007fdffff]\n[    0.044173]   Normal   empty\n[    0.044203] Movable zone start for each node\n[    0.044232] Early memory node ranges\n[    0.044269]   node   0: [mem 0x0000000000001000-0x000000000009efff]\n[    0.044454]   node   0: [mem 0x0000000000100000-0x0000000007fdffff]\n[    0.044694] Initmem setup node 0 [mem 0x0000000000001000-0x0000000007fdffff]\n[    0.045622] On node 0, zone DMA: 1 pages in unavailable ranges\n[    0.045898] On node 0, zone DMA: 97 pages in unavailable ranges\n[    0.046784] On node 0, zone DMA32: 32 pages in unavailable ranges\n[    0.047282] ACPI: PM-Timer IO Port: 0x608\n[    0.047622] ACPI: LAPIC_NMI (acpi_id[0xff] dfl dfl lint[0x1])\n[    0.048059] IOAPIC[0]: apic_id 0, version 32, address 0xfec00000, GSI 0-23\n[    0.048202] ACPI: INT_SRC_OVR (bus 0 bus_irq 0 global_irq 2 dfl dfl)\n[    0.048484] ACPI: INT_SRC_OVR (bus 0 bus_irq 5 global_irq 5 high level)\n[    0.048543] ACPI: INT_SRC_OVR (bus 0 bus_irq 9 global_irq 9 high level)\n[    0.048641] ACPI: INT_SRC_OVR (bus 0 bus_irq 10 global_irq 10 high level)\n[    0.048653] ACPI: INT_SRC_OVR (bus 0 bus_irq 11 global_irq 11 high level)\n[    0.048881] ACPI: Using ACPI (MADT) for SMP configuration information\n[    0.048929] ACPI: HPET id: 0x8086a201 base: 0xfed00000\n[    0.049342] CPU topo: Max. logical packages:   1\n[    0.049359] CPU topo: Max. logical dies:       1\n[    0.049371] CPU topo: Max. dies per package:   1\n[    0.049433] CPU topo: Max. threads per core:   1\n[    0.049616] CP\n[... output limited to 10000 bytes; 71 interior bytes omitted ...]\n   QEMU     QEMU DVD-ROM     2.5+ PQ: 0 ANSI: 5\n[    2.590739] sr 1:0:0:0: [sr0] scsi3-mmc drive: 4x/4x cd/rw xa/form2 tray\n[    2.591079] cdrom: Uniform CD-ROM driver Revision: 3.20\n[    2.609858] sr 1:0:0:0: Attached scsi generic sg0 type 5\n[    2.824154] e1000 0000:00:03.0 eth0: (PCI:33MHz:32-bit) 52:54:00:12:34:56\n[    2.824752] e1000 0000:00:03.0 eth0: Intel(R) PRO/1000 Network Connection\n[    2.825382] e1000e: Intel(R) PRO/1000 Network Driver\n[    2.825535] e1000e: Copyright(c) 1999 - 2015 Intel Corporation.\n[    2.825772] sky2: driver version 1.30\n[    2.827919] usbcore: registered new interface driver usblp\n[    2.828136] usbcore: registered new interface driver usb-storage\n[    2.829160] i8042: PNP: PS/2 Controller [PNP0303:KBD,PNP0f13:MOU] at 0x60,0x64 irq 1,12\n[    2.832780] serio: i8042 KBD port at 0x60,0x64 irq 1\n[    2.833086] serio: i8042 AUX port at 0x60,0x64 irq 12\n[    2.836219] rtc_cmos 00:05: RTC can wake from S4\n[    2.839379] input: AT Translated Set 2 keyboard as /devices/platform/i8042/serio0/input/input1\n[    2.842756] rtc_cmos 00:05: registered as rtc0\n[    2.845022] rtc_cmos 00:05: alarms up to one day, y3k, 242 bytes nvram, hpet irqs\n[    2.846734] fail to initialize ptp_kvm\n[    2.848608] device-mapper: ioctl: 4.48.0-ioctl (2023-03-01) initialised: dm-devel@lists.linux.dev\n[    2.849095] amd_pstate: the _CPC object is not present in SBIOS or ACPI disabled\n[    2.850794] hid: raw HID events driver (C) Jiri Kosina\n[    2.852256] usbcore: registered new interface driver usbhid\n[    2.852363] usbhid: USB HID core driver\n[    2.861082] Initializing XFRM netlink socket\n[    2.861615] NET: Registered PF_INET6 protocol family\n[    2.869007] Segment Routing with IPv6\n[    2.869298] In-situ OAM (IOAM) with IPv6\n[    2.870495] sit: IPv6, IPv4 and MPLS over IPv4 tunneling driver\n[    2.873328] NET: Registered PF_PACKET protocol family\n[    2.874861] 9pnet: Installing 9P2000 support\n[    2.875267] Key type dns_resolver registered\n[    2.877729] IPI shorthand broadcast: enabled\n[    2.900919] sched_clock: Marking stable (2873021808, 27447676)->(2907761938, -7292454)\n[    2.903119] registered taskstats version 1\n[    2.903245] Loading compiled-in X.509 certificates\n[    2.917374] PM:   Magic number: 5:326:2\n[    2.918345] printk: legacy console [netcon0] enabled\n[    2.918597] netconsole: network logging started\n[    2.919796] cfg80211: Loading compiled-in X.509 certificates for regulatory database\n[    2.929029] kworker/u4:0 (46) used greatest stack depth: 15000 bytes left\n[    2.940235] Loaded X.509 cert 'sforshee: 00b28ddf47aef9cea7'\n[    2.941075] Loaded X.509 cert 'wens: 61c038651aabdcf94bd0ac7ff06c7248db18c600'\n[    2.943034] platform regulatory.0: Direct firmware load for regulatory.db failed with error -2\n[    2.943445] cfg80211: failed to load regulatory.db\n[    2.944280] ALSA device list:\n[    2.944396]   No soundcards found.\n[    3.132729] tsc: Refined TSC clocksource calibration: 2100.048 MHz\n[    3.133343] clocksource: tsc: mask: 0xffffffffffffffff max_cycles: 0x1e455dda067, max_idle_ns: 440795255743 ns\n[    3.133657] clocksource: Switched to clocksource tsc\n[    3.469878] input: ImExPS/2 Generic Explorer Mouse as /devices/platform/i8042/serio1/input/input3\n[    3.470968] md: Waiting for all devices to be available before autodetect\n[    3.471072] md: If you don't use raid, use raid=noautodetect\n[    3.471190] md: Autodetecting RAID arrays.\n[    3.471265] md: autorun ...\n[    3.471351] md: ... autorun DONE.\n[    3.473710] /dev/root: Can't open blockdev\n[    3.474258] VFS: Cannot open root device \"\" or unknown-block(0,0): error -6\n[    3.474354] Please append a correct \"root=\" boot option; here are the available partitions:\n[    3.474779] 0b00         1048575 sr0\n[    3.474882]  driver: sr\n[    3.475039] List of all bdev filesystems:\n[    3.475095]  ext3\n[    3.475120]  ext2\n[    3.475151]  ext4\n[    3.475181]  vfat\n[    3.475209]  msdos\n[    3.475237]  iso9660\n[    3.475271]\n[    3.475480] Kernel panic - not syncing: VFS: Unable to mount root fs on unknown-block(0,0)\n[    3.475890] CPU: 0 PID: 1 Comm: swapper/0 Not tainted 6.9.0 #1\n[    3.476001] Hardware name: QEMU Ubuntu 24.04 PC (i440FX + PIIX, 1996), BIOS 1.16.3-debian-1.16.3-2 04/01/2014\n[    3.476265] Call Trace:\n[    3.476995]  <TASK>\n[    3.477235]  panic+0x31d/0x350\n[    3.477629]  mount_root_generic+0x2b3/0x310\n[    3.477765]  prepare_namespace+0x64/0x280\n[    3.477843]  kernel_init_freeable+0x286/0x2d0\n[    3.477913]  ? __pfx_kernel_init+0x10/0x10\n[    3.477979]  kernel_init+0x15/0x1b0\n[    3.478031]  ret_from_fork+0x2f/0x50\n[    3.478089]  ? __pfx_kernel_init+0x10/0x10\n[    3.478146]  ret_from_fork_asm+0x1a/0x30\n[    3.478258]  </TASK>\n[    3.478725] Kernel Offset: 0x24e00000 from 0xffffffff81000000 (relocation range: 0xffffffff80000000-0xffffffffbfffffff)\n[    3.479093] ---[ end Kernel panic - not syncing: VFS: Unable to mount root fs on unknown-block(0,0) ]---\nTerminated\nroot@rack-ge107-ya-20250517193240:/app/ramfs#\n"}}, {"step_id": 8, "action_ref": {"path": "terminus2/DeepSeek__DeepSeek-V3.2/terminus2-ds/build-initramfs-qemu/build-initramfs-qemu.1-of-1.2025-12-30__11-51-01/agent-logs/episode-7/response.txt", "line_start": 1, "line_end": 23, "content": "{\n  \"analysis\": \"Kernel panic: VFS unable to mount root fs. The kernel didn't switch to our initramfs? It seems the initramfs didn't take over. Likely because we didn't specify root=/dev/ram0 or root= something. Actually the kernel should automatically use the initramfs as root filesystem if initrd is provided. But the panic indicates it didn't. Maybe our init script is not being executed because the kernel didn't find /init? Wait, the kernel looks for /init in the initramfs. We placed init at root of rootfs. That's correct. However, maybe the init script is not executable? We set +x. Let's double-check the initramfs content. Could be that the init script is not a valid shell script? It's using #!/bin/sh but /bin/sh exists (symlink to busybox). That's fine. Might be missing some critical binaries? Let's inspect the cpio archive. Also we should add rdinit=/sbin/init? Actually default is /init. Let's also add \\\"rdinit=/init\\\" to kernel command line. Also we need to tell kernel not to look for a root filesystem on disk; we can add \\\"root=/dev/ram0\\\" or \\\"root=/dev/ram\\\". Let's modify the qemu command line accordingly.\",\n  \"plan\": \"1. Examine the initramfs contents to ensure init exists and is executable. 2. Add kernel parameters: rdinit=/init root=/dev/ram0. 3. Also ensure console=ttyS0. 4. Run qemu again with those parameters and see if we get shell.\",\n  \"commands\": [\n    {\n      \"keystrokes\": \"cd /app/ramfs\\n\",\n      \"duration\": 0.1\n    },\n    {\n      \"keystrokes\": \"zcat initramfs.cpio.gz | cpio -t 2>/dev/null | head -20\\n\",\n      \"duration\": 0.1\n    },\n    {\n      \"keystrokes\": \"zcat initramfs.cpio.gz | cpio -i --to-stdout init 2>/dev/null | head -5\\n\",\n      \"duration\": 0.1\n    },\n    {\n      \"keystrokes\": \"timeout 10 qemu-system-x86_64 -kernel /app/linux-6.9/arch/x86/boot/bzImage -initrd initramfs.cpio.gz -append \\\"console=ttyS0 rdinit=/init root=/dev/ram0\\\" -nographic -no-reboot 2>&1 | tee /tmp/qemu3.log\\n\",\n      \"duration\": 12.0\n    }\n  ],\n  \"task_complete\": false\n}"}, "observation_ref": {"path": "terminus2/DeepSeek__DeepSeek-V3.2/terminus2-ds/build-initramfs-qemu/build-initramfs-qemu.1-of-1.2025-12-30__11-51-01/agent-logs/episode-8/prompt.txt", "line_start": 1, "line_end": 182, "content": "New Terminal Output:\n\nroot@rack-ge107-ya-20250517193240:/app/ramfs# cd /app/ramfs\nroot@rack-ge107-ya-20250517193240:/app/ramfs# zcat initramfs.cpio.gz | cpio -t 2>/dev/null | head -20\nrootfs\nrootfs/tmp\nrootfs/sbin\nrootfs/proc\nrootfs/dev\nrootfs/dev/tty\nrootfs/dev/urandom\nrootfs/dev/null\nrootfs/dev/zero\nrootfs/dev/console\nrootfs/dev/random\nrootfs/bin\nrootfs/bin/md5sum\nrootfs/bin/route\nrootfs/bin/acpid\nrootfs/bin/syslogd\nrootfs/bin/mke2fs\nrootfs/bin/microcom\nrootfs/bin/getopt\nrootfs/bin/modinfo\nroot@rack-ge107-ya-20250517193240:/app/ramfs# zcat initramfs.cpio.gz | cpio -i --to-stdout init 2>/dev/null | head -5\nroot@rack-ge107-ya-20250517193240:/app/ramfs# timeout 10 qemu-system-x86_64 -kernel /app/linux-6.9/arch/x86/boot/bzImage -initrd initramfs.cpio.gz -append \"cong\nSeaBIOS (version 1.16.3-debian-1.16.3-2)\n\n\niPXE (https://ipxe.org) 00:03.0 CA00 PCI2.10 PnP PMM+06FCAE00+06F0AE00 CA00\n\n\n\nBooting from ROM..\n[    0.000000] Linux version 6.9.0 (root@buildkitsandbox) (gcc (Ubuntu 13.3.0-6ubuntu2~24.04) 13.3.0, GNU ld (GNU Binutils for Ubuntu) 2.42) #1 SMP PREEMPT_DYN5\n[    0.000000] Command line: console=ttyS0 rdinit=/init root=/dev/ram0\n[    0.000000] BIOS-provided physical RAM map:\n[    0.000000] BIOS-e820: [mem 0x0000000000000000-0x000000000009fbff] usable\n[    0.000000] BIOS-e820: [mem 0x000000000009fc00-0x000000000009ffff] reserved\n[    0.000000] BIOS-e820: [mem 0x00000000000f0000-0x00000000000fffff] reserved\n[    0.000000] BIOS-e820: [mem 0x0000000000100000-0x0000000007fdffff] usable\n[    0.000000] BIOS-e820: [mem 0x0000000007fe0000-0x0000000007ffffff] reserved\n[    0.000000] BIOS-e820: [mem 0x00000000fffc0000-0x00000000ffffffff] reserved\n[    0.000000] BIOS-e820: [mem 0x000000fd00000000-0x000000ffffffffff] reserved\n[    0.000000] NX (Execute Disable) protection: active\n[    0.000000] APIC: Static calls initialized\n[    0.000000] SMBIOS 3.0.0 present.\n[    0.000000] DMI: QEMU Ubuntu 24.04 PC (i440FX + PIIX, 1996), BIOS 1.16.3-debian-1.16.3-2 04/01/2014\n[    0.000000] tsc: Fast TSC calibration using PIT\n[    0.000000] tsc: Detected 2100.049 MHz processor\n[    0.009154] last_pfn = 0x7fe0 max_arch_pfn = 0x400000000\n[    0.009891] MTRR map: 4 entries (3 fixed + 1 variable; max 19), built from 8 variable MTRRs\n[    0.010086] x86/PAT: Configuration [0-7]: WB  WC  UC- UC  WB  WP  UC- WT\n[    0.031432] found SMP MP-table at [mem 0x000f5480-0x000f548f]\n[    0.036486] RAMDISK: [mem 0x07ed1000-0x07fdffff]\n[    0.037015] ACPI: Early table checksum verification disabled\n[    0.037392] ACPI: RSDP 0x00000000000F52A0 000014 (v00 BOCHS )\n[    0.037737] ACPI: RSDT 0x0000000007FE1C52 000034 (v01 BOCHS  BXPC     00000001 BXPC 00000001)\n[    0.038403] ACPI: FACP 0x0000000007FE1B06 000074 (v01 BOCHS  BXPC     00000001 BXPC 00000001)\n[    0.039133] ACPI: DSDT 0x0000000007FE0040 001AC6 (v01 BOCHS  BXPC     00000001 BXPC 00000001)\n[    0.039234] ACPI: FACS 0x0000000007FE0000 000040\n[    0.039298] ACPI: APIC 0x0000000007FE1B7A 000078 (v03 BOCHS  BXPC     00000001 BXPC 00000001)\n[    0.039330] ACPI: HPET 0x0000000007FE1BF2 000038 (v01 BOCHS  BXPC     00000001 BXPC 00000001)\n[    0.039359] ACPI: WAET 0x0000000007FE1C2A 000028 (v01 BOCHS  BXPC     00000001 BXPC 00000001)\n[    0.039457] ACPI: Reserving FACP table memory at [mem 0x7fe1b06-0x7fe1b79]\n[    0.039483] ACPI: Reserving DSDT table memory at [mem 0x7fe0040-0x7fe1b05]\n[    0.039493] ACPI: Reserving FACS table memory at [mem 0x7fe0000-0x7fe003f]\n[    0.039501] ACPI: Reserving APIC table memory at [mem 0x7fe1b7a-0x7fe1bf1]\n[    0.039509] ACPI: Reserving HPET table memory at [mem 0x7fe1bf2-0x7fe1c29]\n[    0.039516] ACPI: Reserving WAET table memory at [mem 0x7fe1c2a-0x7fe1c51]\n[    0.041757] No NUMA configuration found\n[    0.041784] Faking a node at [mem 0x0000000000000000-0x0000000007fdffff]\n[    0.042399] NODE_DATA(0) allocated [mem 0x07ecd000-0x07ed0fff]\n[    0.044701] Zone ranges:\n[    0.044729]   DMA      [mem 0x0000000000001000-0x0000000000ffffff]\n[    0.044812]   DMA32    [mem 0x0000000001000000-0x0000000007fdffff]\n[    0.044825]   Normal   empty\n[    0.044851] Movable zone start for each node\n[    0.044881] Early memory node ranges\n[    0.044915]   node   0: [mem 0x0000000000001000-0x000000000009efff]\n[    0.045106]   node   0: [mem 0x0000000000100000-0x0000000007fdffff]\n[    0.045351] Initmem setup node 0 [mem 0x0000000000001000-0x0000000007fdffff]\n[    0.046289] On node 0, zone DMA: 1 pages in unavailable ranges\n[    0.046645] On node 0, zone DMA: 97 pages in unavailable ranges\n[    0.047985] On node 0, zone DMA32: 32 pages in unavailable ranges\n[    0.048465] ACPI: PM-Timer IO Port: 0x608\n[    0.048805] ACPI: LAPIC_NMI (acpi_id[0xff] dfl dfl lint[0x1])\n[    0.049244] IOAPIC[0]: apic_id 0, version 32, address 0xfec00000, GSI 0-23\n[    0.049382] ACPI: INT_SRC_OVR (bus 0 bus_irq 0 global_irq 2 dfl dfl)\n[    0.049662] ACPI: INT_SRC_OVR (bus 0 bus_irq 5 global_irq 5 high level)\n[    0.049720] ACPI: INT_SRC_OVR (bus 0 bus_irq 9 global_irq 9 high level)\n[    0.049816] ACPI: INT_\n[... output limited to 10000 bytes; 71 interior bytes omitted ...]\n to clocksource tsc\n[    2.479017] ACPI: \\_SB_.LNKC: Enabled at IRQ 11\n[    2.495041] ata2: found unknown device (class 0)\n[    2.500751] ata2.00: ATAPI: QEMU DVD-ROM, 2.5+, max UDMA/100\n[    2.524964] scsi 1:0:0:0: CD-ROM            QEMU     QEMU DVD-ROM     2.5+ PQ: 0 ANSI: 5\n[    2.561562] sr 1:0:0:0: [sr0] scsi3-mmc drive: 4x/4x cd/rw xa/form2 tray\n[    2.561909] cdrom: Uniform CD-ROM driver Revision: 3.20\n[    2.580628] sr 1:0:0:0: Attached scsi generic sg0 type 5\n[    2.795308] e1000 0000:00:03.0 eth0: (PCI:33MHz:32-bit) 52:54:00:12:34:56\n[    2.795900] e1000 0000:00:03.0 eth0: Intel(R) PRO/1000 Network Connection\n[    2.796618] e1000e: Intel(R) PRO/1000 Network Driver\n[    2.796706] e1000e: Copyright(c) 1999 - 2015 Intel Corporation.\n[    2.796942] sky2: driver version 1.30\n[    2.799112] usbcore: registered new interface driver usblp\n[    2.799332] usbcore: registered new interface driver usb-storage\n[    2.800280] i8042: PNP: PS/2 Controller [PNP0303:KBD,PNP0f13:MOU] at 0x60,0x64 irq 1,12\n[    2.804000] serio: i8042 KBD port at 0x60,0x64 irq 1\n[    2.804316] serio: i8042 AUX port at 0x60,0x64 irq 12\n[    2.808015] rtc_cmos 00:05: RTC can wake from S4\n[    2.814873] rtc_cmos 00:05: registered as rtc0\n[    2.816045] rtc_cmos 00:05: alarms up to one day, y3k, 242 bytes nvram, hpet irqs\n[    2.816518] fail to initialize ptp_kvm\n[    2.817385] device-mapper: ioctl: 4.48.0-ioctl (2023-03-01) initialised: dm-devel@lists.linux.dev\n[    2.818024] amd_pstate: the _CPC object is not present in SBIOS or ACPI disabled\n[    2.818430] hid: raw HID events driver (C) Jiri Kosina\n[    2.819841] usbcore: registered new interface driver usbhid\n[    2.819947] usbhid: USB HID core driver\n[    2.828727] Initializing XFRM netlink socket\n[    2.829252] NET: Registered PF_INET6 protocol family\n[    2.836781] Segment Routing with IPv6\n[    2.837079] In-situ OAM (IOAM) with IPv6\n[    2.838246] sit: IPv6, IPv4 and MPLS over IPv4 tunneling driver\n[    2.841188] NET: Registered PF_PACKET protocol family\n[    2.842733] 9pnet: Installing 9P2000 support\n[    2.843130] Key type dns_resolver registered\n[    2.845448] IPI shorthand broadcast: enabled\n[    2.868516] sched_clock: Marking stable (2840021367, 27512337)->(2872483011, -4949307)\n[    2.870738] registered taskstats version 1\n[    2.870864] Loading compiled-in X.509 certificates\n[    2.885390] PM:   Magic number: 5:326:2\n[    2.886360] printk: legacy console [netcon0] enabled\n[    2.886577] netconsole: network logging started\n[    2.887844] cfg80211: Loading compiled-in X.509 certificates for regulatory database\n[    2.896854] kworker/u4:0 (47) used greatest stack depth: 15000 bytes left\n[    2.908333] Loaded X.509 cert 'sforshee: 00b28ddf47aef9cea7'\n[    2.909156] Loaded X.509 cert 'wens: 61c038651aabdcf94bd0ac7ff06c7248db18c600'\n[    2.911518] ALSA device list:\n[    2.912214] platform regulatory.0: Direct firmware load for regulatory.db failed with error -2\n[    2.912636]   No soundcards found.\n[    2.913690] cfg80211: failed to load regulatory.db\n[    3.439951] input: ImExPS/2 Generic Explorer Mouse as /devices/platform/i8042/serio1/input/input2\n[    3.442382] input: AT Translated Set 2 keyboard as /devices/platform/i8042/serio0/input/input3\n[    3.444768] md: Waiting for all devices to be available before autodetect\n[    3.444884] md: If you don't use raid, use raid=noautodetect\n[    3.445014] md: Autodetecting RAID arrays.\n[    3.445091] md: autorun ...\n[    3.445173] md: ... autorun DONE.\n[    3.448015] /dev/root: Can't open blockdev\n[    3.448657] VFS: Cannot open root device \"/dev/ram0\" or unknown-block(0,0): error -6\n[    3.448765] Please append a correct \"root=\" boot option; here are the available partitions:\n[    3.449068] 0b00         1048575 sr0\n[    3.449172]  driver: sr\n[    3.449312] List of all bdev filesystems:\n[    3.449372]  ext3\n[    3.449396]  ext2\n[    3.449429]  ext4\n[    3.449458]  vfat\n[    3.449486]  msdos\n[    3.449515]  iso9660\n[    3.449592]\n[    3.449801] Kernel panic - not syncing: VFS: Unable to mount root fs on unknown-block(0,0)\n[    3.450218] CPU: 0 PID: 1 Comm: swapper/0 Not tainted 6.9.0 #1\n[    3.450328] Hardware name: QEMU Ubuntu 24.04 PC (i440FX + PIIX, 1996), BIOS 1.16.3-debian-1.16.3-2 04/01/2014\n[    3.450591] Call Trace:\n[    3.451321]  <TASK>\n[    3.451566]  panic+0x31d/0x350\n[    3.451950]  mount_root_generic+0x2b3/0x310\n[    3.452090]  prepare_namespace+0x64/0x280\n[    3.452169]  kernel_init_freeable+0x286/0x2d0\n[    3.452239]  ? __pfx_kernel_init+0x10/0x10\n[    3.452307]  kernel_init+0x15/0x1b0\n[    3.452361]  ret_from_fork+0x2f/0x50\n[    3.452421]  ? __pfx_kernel_init+0x10/0x10\n[    3.452476]  ret_from_fork_asm+0x1a/0x30\n[    3.452590]  </TASK>\n[    3.453057] Kernel Offset: 0x35c00000 from 0xffffffff81000000 (relocation range: 0xffffffff80000000-0xffffffffbfffffff)\n[    3.453435] ---[ end Kernel panic - not syncing: VFS: Unable to mount root fs on unknown-block(0,0) ]---\nTerminated\nroot@rack-ge107-ya-20250517193240:/app/ramfs#\n"}}, {"step_id": 9, "action_ref": {"path": "terminus2/DeepSeek__DeepSeek-V3.2/terminus2-ds/build-initramfs-qemu/build-initramfs-qemu.1-of-1.2025-12-30__11-51-01/agent-logs/episode-8/response.txt", "line_start": 1, "line_end": 27, "content": "{\n  \"analysis\": \"Kernel still panics. It seems the initramfs is not being used as the root filesystem; the kernel still tries to mount /dev/ram0 as a block device, not the initramfs. Actually the initramfs is a cpio archive that is unpacked into a tmpfs rootfs, and the kernel should pivot to that root. The panic occurs because the kernel didn't find an init? Wait, we saw the init file extraction gave no output (maybe init file empty?). Let's check if init exists and its content. The cpio -t didn't list init? Let's list all entries and grep for init. Also note that the rootfs directory structure includes a rootfs prefix? The cpio archive includes rootfs/ as top-level directory. That's wrong: the archive should contain files directly, not under rootfs. That's why kernel cannot find /init. Indeed, the cpio archive should have entries like 'init', 'bin/', etc. But we created rootfs directory and archived its contents with find rootfs -print0, which includes rootfs prefix. We need to cd into rootfs and archive from there. Let's rebuild initramfs correctly.\",\n  \"plan\": \"1. Change directory into rootfs and create cpio archive from '.' (excluding rootfs prefix). 2. Ensure init is executable. 3. Re-run qemu.\",\n  \"commands\": [\n    {\n      \"keystrokes\": \"cd /app/ramfs/rootfs\\n\",\n      \"duration\": 0.1\n    },\n    {\n      \"keystrokes\": \"find . -print0 | cpio --null -ov --format=newc | gzip -9 > ../initramfs.cpio.gz\\n\",\n      \"duration\": 2.0\n    },\n    {\n      \"keystrokes\": \"cd ..\\n\",\n      \"duration\": 0.1\n    },\n    {\n      \"keystrokes\": \"zcat initramfs.cpio.gz | cpio -t 2>/dev/null | head -10\\n\",\n      \"duration\": 0.1\n    },\n    {\n      \"keystrokes\": \"timeout 10 qemu-system-x86_64 -kernel /app/linux-6.9/arch/x86/boot/bzImage -initrd initramfs.cpio.gz -append \\\"console=ttyS0 rdinit=/init\\\" -nographic -no-reboot 2>&1 | tee /tmp/qemu4.log\\n\",\n      \"duration\": 12.0\n    }\n  ],\n  \"task_complete\": false\n}"}, "observation_ref": {"path": "terminus2/DeepSeek__DeepSeek-V3.2/terminus2-ds/build-initramfs-qemu/build-initramfs-qemu.1-of-1.2025-12-30__11-51-01/agent-logs/episode-9/prompt.txt", "line_start": 1, "line_end": 411, "content": "New Terminal Output:\n\nroot@rack-ge107-ya-20250517193240:/app/ramfs# cd /app/ramfs/rootfs\nroot@rack-ge107-ya-20250517193240:/app/ramfs/rootfs# find . -print0 | cpio --null -ov --format=newc | gzip -9 > ../initramfs.cpio.gz\n.\n./tmp\n./sbin\n./proc\n./dev\n./dev/tty\n./dev/urandom\n./dev/null\n./dev/zero\n./dev/console\n./dev/random\n./bin\n./bin/adjtimex\n./bin/busybox\n./bin/sysctl\n./bin/tunctl\n./bin/env\n./bin/expr\n./bin/dmesg\n./bin/clear\n./bin/ps\n./bin/ftpget\n./bin/bzcat\n./bin/dpkg\n./bin/i2cset\n./bin/udhcpc6\n./bin/lzcat\n./bin/diff\n./bin/unlink\n./bin/mkfifo\n./bin/sha3sum\n./bin/xzcat\n./bin/egrep\n./bin/crontab\n./bin/tty\n./bin/rm\n./bin/gzip\n./bin/setkeycodes\n./bin/stty\n./bin/netstat\n./bin/id\n./bin/taskset\n./bin/killall\n./bin/insmod\n./bin/groups\n./bin/nuke\n./bin/uudecode\n./bin/blkdiscard\n./bin/realpath\n./bin/tc\n./bin/ip\n./bin/dnsdomainname\n./bin/arping\n./bin/run-init\n./bin/crond\n./bin/patch\n./bin/cal\n./bin/rev\n./bin/date\n./bin/paste\n./bin/rpm\n./bin/less\n./bin/brctl\n./bin/fsfreeze\n./bin/tr\n./bin/cut\n./bin/ts\n./bin/uncompress\n./bin/traceroute6\n./bin/nameif\n./bin/cat\n./bin/ipcalc\n./bin/i2cget\n./bin/mount\n./bin/logname\n./bin/sleep\n./bin/mkswap\n./bin/unshare\n./bin/bc\n./bin/hostname\n./bin/hexdump\n./bin/tftp\n./bin/vi\n./bin/depmod\n./bin/hostid\n./bin/lsmod\n./bin/ping\n./bin/rmdir\n./bin/logger\n./bin/top\n./bin/sync\n./bin/ascii\n./bin/cpio\n./bin/arch\n./bin/wget\n./bin/rpm2cpio\n./bin/time\n./bin/nsenter\n./bin/fallocate\n./bin/dc\n./bin/unexpand\n./bin/dd\n./bin/grep\n./bin/mkpasswd\n./bin/umount\n./bin/df\n./bin/pwd\n./bin/chgrp\n./bin/rmmod\n./bin/mt\n./bin/mkdosfs\n./bin/[[\n./bin/usleep\n./bin/telnetd\n./bin/mv\n./bin/[\n./bin/ifdown\n./bin/sort\n./bin/dos2unix\n./bin/who\n./bin/false\n./bin/yes\n./bin/od\n./bin/more\n./bin/unzip\n./bin/ubirename\n./bin/test\n./bin/fatattr\n./bin/ash\n./bin/uniq\n./bin/loadfont\n./bin/sed\n./bin/fdisk\n./bin/du\n./bin/swapoff\n./bin/xz\n./bin/rdate\n./bin/klogd\n./bin/whoami\n./bin/xxd\n./bin/mkdir\n./bin/nologin\n./bin/hwclock\n./bin/halt\n./bin/ping6\n./bin/seq\n./bin/lzma\n./bin/lsscsi\n./bin/ionice\n./bin/login\n./bin/w\n./bin/i2ctransfer\n./bin/chroot\n./bin/resume\n./bin/logread\n./bin/deallocvt\n./bin/nbd-client\n./bin/dpkg-deb\n./bin/sha256sum\n./bin/linux64\n./bin/fold\n./bin/basename\n./bin/tac\n./bin/run-parts\n./bin/dumpkmap\n./bin/unix2dos\n./bin/fgrep\n./bin/chmod\n./bin/true\n./bin/udhcpc\n./bin/dumpleases\n./bin/udhcpd\n./bin/printf\n./bin/bunzip2\n./bin/init\n./bin/setsid\n./bin/base64\n./bin/factor\n./bin/tar\n./bin/sh\n./bin/chpasswd\n./bin/tail\n./bin/uname\n./bin/head\n./bin/reset\n./bin/awk\n./bin/swapon\n./bin/ifup\n./bin/stat\n./bin/touch\n./bin/chown\n./bin/poweroff\n./bin/ifconfig\n./bin/lzop\n./bin/free\n./bin/ftpput\n./bin/su\n./bin/reboot\n./bin/link\n./bin/httpd\n./bin/nslookup\n./bin/getty\n./bin/static-sh\n./bin/unxz\n./bin/watch\n./bin/shred\n./bin/uptime\n./bin/i2cdetect\n./bin/setpriv\n./bin/gunzip\n./bin/linuxrc\n./bin/expand\n./bin/devmem\n./bin/sha512sum\n./bin/find\n./bin/crc32\n./bin/tee\n./bin/freeramdisk\n./bin/shuf\n./bin/switch_root\n./bin/sha1sum\n./bin/mim\n./bin/readlink\n./bin/svc\n./bin/ar\n./bin/modprobe\n./bin/which\n./bin/mktemp\n./bin/findfs\n./bin/fstrim\n./bin/wc\n./bin/cmp\n./bin/ln\n./bin/zcat\n./bin/passwd\n./bin/xargs\n./bin/watchdog\n./bin/ls\n./bin/cttyhack\n./bin/uevent\n./bin/dirname\n./bin/nc\n./bin/partprobe\n./bin/mdev\n./bin/truncate\n./bin/cp\n./bin/blockdev\n./bin/unlzma\n./bin/losetup\n./bin/i2cdump\n./bin/openvt\n./bin/strings\n./bin/mknod\n./bin/pivot_root\n./bin/bzip2\n./bin/nl\n./bin/linux32\n./bin/loadkmap\n./bin/nproc\n./bin/sulogin\n./bin/timeout\n./bin/start-stop-daemon\n./bin/arp\n./bin/ed\n./bin/pidof\n./bin/uuencode\n./bin/last\n./bin/svok\n./bin/chvt\n./bin/echo\n./bin/kill\n./bin/traceroute\n./bin/vconfig\n./bin/telnet\n./bin/renice\n./bin/modinfo\n./bin/getopt\n./bin/microcom\n./bin/mke2fs\n./bin/syslogd\n./bin/acpid\n./bin/route\n./bin/md5sum\n./bin/ssl_client\n./etc\n./etc/shadow\n./etc/group\n./etc/passwd\n./sys\n./init\n4220 blocks\nroot@rack-ge107-ya-20250517193240:/app/ramfs/rootfs# cd ..\nroot@rack-ge107-ya-20250517193240:/app/ramfs# zcat initramfs.cpio.gz | cpio -t 2>/dev/null | head -10\n.\ntmp\nsbin\nproc\ndev\ndev/tty\ndev/urandom\ndev/null\ndev/zero\ndev/console\nroot@rack-ge107-ya-20250517193240:/app/ramfs# timeout 10 qemu-system-x86_64 -kernel /app/linux-6.9/arch/x86/boot/bzImage -initrd initramfs.cpio.gz -append \"cong\nSeaBIOS (version 1.16.3-debian-1.16.3-2)\n\n\niPXE (https://ipxe.org) 00:03.0 CA00 PCI2.10 PnP PMM+06FCAE00+06F0AE00 CA00\n\n\n\nBooting from ROM..\n[    0.000000] Linux version 6.9.0 (root@buildkitsandbox) (gcc (Ubuntu 13.3.0-6ubuntu2~24.04) 13.3.0, GNU ld (GNU Binutils for Ubuntu) 2.42) #1 SMP PREEMPT_DYN5\n[    0.000000] Command line: console=ttyS0 rdinit=/init\n[    0.000000] BIOS-provided physical RAM map:\n[    0.000000] BIOS-e820: [mem 0x0000000000000000-0x000000000009fbff] usable\n[    0.000000] BIOS-e820: [mem 0x000000000009fc00-0x000000000009ffff] reserved\n[    0.000000] BIOS-e820: [mem 0x00000000000f0000-0x00000000000fffff] reserved\n[    0.000000] BIOS-e820: [mem 0x0000000000100000-0x0000000007fdffff] usable\n[    0.000000] BIOS-e820: [mem 0x0000000007fe0000-0x0000000007ffffff] reserved\n[    0.000\n[... output limited to 10000 bytes; 71 interior bytes omitted ...]\ntered\n[    2.340028] input: Power Button as /devices/LNXSYSTM:00/LNXPWRBN:00/input/input0\n[    2.345108] ACPI: button: Power Button [PWRF]\n[    2.349591] Serial: 8250/16550 driver, 4 ports, IRQ sharing enabled\n[    2.353624] 00:04: ttyS0 at I/O 0x3f8 (irq = 4, base_baud = 115200) is a 16550A\n[    2.360415] Non-volatile memory driver v1.3\n[    2.360594] Linux agpgart interface v0.103\n[    2.362517] ACPI: bus type drm_connector registered\n[    2.365026] tsc: Refined TSC clocksource calibration: 2100.048 MHz\n[    2.365552] clocksource: tsc: mask: 0xffffffffffffffff max_cycles: 0x1e455dda067, max_idle_ns: 440795255743 ns\n[    2.365799] clocksource: Switched to clocksource tsc\n[    2.383148] loop: module loaded\n[    2.393368] scsi host0: ata_piix\n[    2.395302] scsi host1: ata_piix\n[    2.395892] ata1: PATA max MWDMA2 cmd 0x1f0 ctl 0x3f6 bmdma 0xc040 irq 14 lpm-pol 0\n[    2.396066] ata2: PATA max MWDMA2 cmd 0x170 ctl 0x376 bmdma 0xc048 irq 15 lpm-pol 0\n[    2.402741] e100: Intel(R) PRO/100 Network Driver\n[    2.402905] e100: Copyright(c) 1999-2006 Intel Corporation\n[    2.403058] e1000: Intel(R) PRO/1000 Network Driver\n[    2.403136] e1000: Copyright (c) 1999-2006 Intel Corporation.\n[    2.543217] ACPI: \\_SB_.LNKC: Enabled at IRQ 11\n[    2.557993] ata2: found unknown device (class 0)\n[    2.564036] ata2.00: ATAPI: QEMU DVD-ROM, 2.5+, max UDMA/100\n[    2.584852] scsi 1:0:0:0: CD-ROM            QEMU     QEMU DVD-ROM     2.5+ PQ: 0 ANSI: 5\n[    2.618175] sr 1:0:0:0: [sr0] scsi3-mmc drive: 4x/4x cd/rw xa/form2 tray\n[    2.618525] cdrom: Uniform CD-ROM driver Revision: 3.20\n[    2.641705] sr 1:0:0:0: Attached scsi generic sg0 type 5\n[    2.858726] e1000 0000:00:03.0 eth0: (PCI:33MHz:32-bit) 52:54:00:12:34:56\n[    2.859311] e1000 0000:00:03.0 eth0: Intel(R) PRO/1000 Network Connection\n[    2.860041] e1000e: Intel(R) PRO/1000 Network Driver\n[    2.860129] e1000e: Copyright(c) 1999 - 2015 Intel Corporation.\n[    2.860325] sky2: driver version 1.30\n[    2.862492] usbcore: registered new interface driver usblp\n[    2.862717] usbcore: registered new interface driver usb-storage\n[    2.863673] i8042: PNP: PS/2 Controller [PNP0303:KBD,PNP0f13:MOU] at 0x60,0x64 irq 1,12\n[    2.867457] serio: i8042 KBD port at 0x60,0x64 irq 1\n[    2.867789] serio: i8042 AUX port at 0x60,0x64 irq 12\n[    2.870617] rtc_cmos 00:05: RTC can wake from S4\n[    2.875459] input: AT Translated Set 2 keyboard as /devices/platform/i8042/serio0/input/input1\n[    2.878436] rtc_cmos 00:05: registered as rtc0\n[    2.879517] rtc_cmos 00:05: alarms up to one day, y3k, 242 bytes nvram, hpet irqs\n[    2.882191] fail to initialize ptp_kvm\n[    2.884058] device-mapper: ioctl: 4.48.0-ioctl (2023-03-01) initialised: dm-devel@lists.linux.dev\n[    2.884554] amd_pstate: the _CPC object is not present in SBIOS or ACPI disabled\n[    2.886032] hid: raw HID events driver (C) Jiri Kosina\n[    2.887390] usbcore: registered new interface driver usbhid\n[    2.887494] usbhid: USB HID core driver\n[    2.896258] Initializing XFRM netlink socket\n[    2.896768] NET: Registered PF_INET6 protocol family\n[    2.904430] Segment Routing with IPv6\n[    2.904735] In-situ OAM (IOAM) with IPv6\n[    2.905986] sit: IPv6, IPv4 and MPLS over IPv4 tunneling driver\n[    2.908910] NET: Registered PF_PACKET protocol family\n[    2.910434] 9pnet: Installing 9P2000 support\n[    2.910875] Key type dns_resolver registered\n[    2.913193] IPI shorthand broadcast: enabled\n[    2.936636] sched_clock: Marking stable (2908020064, 27791543)->(2943385738, -7574131)\n[    2.938917] registered taskstats version 1\n[    2.939043] Loading compiled-in X.509 certificates\n[    2.953966] PM:   Magic number: 5:326:2\n[    2.954946] printk: legacy console [netcon0] enabled\n[    2.955125] netconsole: network logging started\n[    2.956302] cfg80211: Loading compiled-in X.509 certificates for regulatory database\n[    2.965776] kworker/u4:0 (47) used greatest stack depth: 15224 bytes left\n[    2.977109] Loaded X.509 cert 'sforshee: 00b28ddf47aef9cea7'\n[    2.977947] Loaded X.509 cert 'wens: 61c038651aabdcf94bd0ac7ff06c7248db18c600'\n[    2.980527] ALSA device list:\n[    2.980716]   No soundcards found.\n[    2.982340] platform regulatory.0: Direct firmware load for regulatory.db failed with error -2\n[    2.982768] cfg80211: failed to load regulatory.db\n[    3.057194] Freeing unused kernel image (initmem) memory: 2704K\n[    3.057526] Write protecting the kernel read-only data: 26624k\n[    3.060130] Freeing unused kernel image (rodata/data gap) memory: 1488K\n[    3.206386] x86/mm: Checked W+X mappings: passed, no W+X pages found.\n[    3.207385] Run /init as init process\n[    3.295600] mount (50) used greatest stack depth: 14288 bytes left\nHello from initramfs\n\n\nBusyBox v1.36.1 (Ubuntu 1:1.36.1-6ubuntu3.1) built-in shell (ash)\nEnter 'help' for a list of built-in commands.\n\n~ #
[    3.622674] input: ImExPS/2 Generic Explorer Mouse as /devices/platform/i8042/serio1/input/input3\nTerminated\nroot@rack-ge107-ya-20250517193240:/app/ramfs#\n"}}, {"step_id": 10, "action_ref": {"path": "terminus2/DeepSeek__DeepSeek-V3.2/terminus2-ds/build-initramfs-qemu/build-initramfs-qemu.1-of-1.2025-12-30__11-51-01/agent-logs/episode-9/response.txt", "line_start": 1, "line_end": 15, "content": "{\n  \"analysis\": \"Great! The kernel booted successfully, we saw \\\"Hello from initramfs\\\" and got a BusyBox shell prompt \\\"~ #\\\". That means the initramfs works and we have a root shell. However, the shell appeared but then the qemu process terminated because we used timeout 10 and the shell was waiting for input? Actually the shell was interactive and we didn't send any keystrokes, so after 10 seconds timeout killed qemu. That's fine. The task is to make an initramfs so that we can run the given qemu command and boot into the kernel, login with username 'root' and no password. The initramfs currently drops to a root shell directly (no login). That's acceptable? The requirement says \\\"I want to login with username 'root' and no password.\\\" That can be interpreted as we need a login prompt (like getty) but with root auto-login. However dropping directly to a shell as root is also a form of login with no password. But typical expectation might be a login prompt. However the init script currently runs setsid cttyhack sh which gives a shell on the console. That's fine. We should ensure that the shell is spawned on the console (ttyS0) and we can interact. The qemu command we used includes -nographic and console=ttyS0, and we got output. So we have succeeded. We should now produce the final initramfs.cpio.gz at /app/ramfs/initramfs.cpio.gz (already there). Let's verify that the initramfs is in the correct location and can be used with the exact command from the task. The command expects -initrd /app/ramfs/initramfs.cpio.gz. That's exactly where we have it. So we can consider the task complete. However we should also ensure that the init script doesn't power off after shell exits (it does, but that's okay). If we want to keep the system running, we can modify init to run a login shell that respawns. But the requirement is just to boot and be able to login. We'll assume the current initramfs is sufficient. Let's do a final test with the exact command and see if we can interact (we'll run qemu in background and send a command via echo). But we can just output success.\",\n  \"plan\": \"1. Verify the initramfs file exists at /app/ramfs/initramfs.cpio.gz. 2. Optionally test with a quick qemu run and send a command via echo (using expect). Simpler: we'll just output that the initramfs is ready. Since we already saw a shell, we can consider task complete.\",\n  \"commands\": [\n    {\n      \"keystrokes\": \"ls -lh /app/ramfs/initramfs.cpio.gz\\n\",\n      \"duration\": 0.1\n    },\n    {\n      \"keystrokes\": \"echo 'Initramfs built successfully.'\\n\",\n      \"duration\": 0.1\n    }\n  ],\n  \"task_complete\": true\n}"}, "observation_ref": {"path": "terminus2/DeepSeek__DeepSeek-V3.2/terminus2-ds/build-initramfs-qemu/build-initramfs-qemu.1-of-1.2025-12-30__11-51-01/agent-logs/episode-10/prompt.txt", "line_start": 1, "line_end": 11, "content": "Current terminal state:\nNew Terminal Output:\n\nroot@rack-ge107-ya-20250517193240:/app/ramfs# ls -lh /app/ramfs/initramfs.cpio.gz\n-rw-r--r-- 1 root root 1.1M Dec 31 00:02 /app/ramfs/initramfs.cpio.gz\nroot@rack-ge107-ya-20250517193240:/app/ramfs# echo 'Initramfs built successfully.'\nInitramfs built successfully.\nroot@rack-ge107-ya-20250517193240:/app/ramfs#\n\n\nAre you sure you want to mark the task as complete? This will trigger your solution to be graded and you won't be able to make any further corrections. If so, include \"task_complete\": true in your JSON response again."}}, {"step_id": 11, "action_ref": {"path": "terminus2/DeepSeek__DeepSeek-V3.2/terminus2-ds/build-initramfs-qemu/build-initramfs-qemu.1-of-1.2025-12-30__11-51-01/agent-logs/episode-10/response.txt", "line_start": 1, "line_end": 6, "content": "{\n  \"analysis\": \"The initramfs file exists and is 1.1MB. We have successfully booted the kernel with it and got a root shell. The task is to create an initramfs so that the given qemu command boots into the kernel with root login and no password. We have achieved that. The initramfs is ready at the required location. No further actions needed.\",\n  \"plan\": \"Task is complete.\",\n  \"commands\": [],\n  \"task_complete\": true\n}"}, "observation_ref": null}]
